Component: ARM Compiler 6.16 Tool: armlink [5dfeaa00]

==============================================================================

Section Cross References

    main.o(.text.main) refers to portfinit.o(.text.initPortF) for initPortF
    main.o(.text.main) refers to portsabinit.o(.text.initPortAB) for initPortAB
    main.o(.text.main) refers to porteinit.o(.text.PortE_Init) for PortE_Init
    main.o(.text.main) refers to ledcolors.o(.text.ledRed) for ledRed
    main.o(.text.main) refers to dadd.o(.text) for __aeabi_dadd
    main.o(.text.main) refers to distancemarkii.o(.text.distanceMarkII) for distanceMarkII
    main.o(.text.main) refers to dfixi.o(.text) for __aeabi_d2iz
    main.o(.text.main) refers to sevensegment.o(.text.NumSplit) for NumSplit
    main.o(.text.main) refers to sevensegment.o(.bss.digit1) for digit1
    main.o(.text.main) refers to sevensegment.o(.text.Display) for Display
    main.o(.text.main) refers to sevensegment.o(.bss.digit2) for digit2
    main.o(.text.main) refers to sevensegment.o(.bss.digit3) for digit3
    main.o(.ARM.exidx.text.main) refers to main.o(.text.main) for [Anonymous Symbol]
    startup_tm4c123.o(RESET) refers to startup_tm4c123.o(STACK) for __initial_sp
    startup_tm4c123.o(RESET) refers to startup_tm4c123.o(.text) for Reset_Handler
    startup_tm4c123.o(.text) refers to entry.o(.ARM.Collect$$$$00000000) for __main
    distance.o(.ARM.exidx.text.distance) refers to distance.o(.text.distance) for [Anonymous Symbol]
    led.o(.ARM.exidx.text.led) refers to led.o(.text.led) for [Anonymous Symbol]
    portfinit.o(.ARM.exidx.text.initPortF) refers to portfinit.o(.text.initPortF) for [Anonymous Symbol]
    portsabinit.o(.ARM.exidx.text.initPortAB) refers to portsabinit.o(.text.initPortAB) for [Anonymous Symbol]
    sevensegment.o(.ARM.exidx.text.Delay2) refers to sevensegment.o(.text.Delay2) for [Anonymous Symbol]
    sevensegment.o(.text.Display) refers to sevensegment.o(.data.numbers) for numbers
    sevensegment.o(.text.Display) refers to sevensegment.o(.text.Delay2) for Delay2
    sevensegment.o(.ARM.exidx.text.Display) refers to sevensegment.o(.text.Display) for [Anonymous Symbol]
    sevensegment.o(.text.NumSplit) refers to sevensegment.o(.bss.digit1) for digit1
    sevensegment.o(.text.NumSplit) refers to sevensegment.o(.bss.digit2) for digit2
    sevensegment.o(.text.NumSplit) refers to sevensegment.o(.bss.digit3) for digit3
    sevensegment.o(.ARM.exidx.text.NumSplit) refers to sevensegment.o(.text.NumSplit) for [Anonymous Symbol]
    ledcolors.o(.ARM.exidx.text.ledRed) refers to ledcolors.o(.text.ledRed) for [Anonymous Symbol]
    ledcolors.o(.ARM.exidx.text.ledBlue) refers to ledcolors.o(.text.ledBlue) for [Anonymous Symbol]
    ledcolors.o(.ARM.exidx.text.ledGreen) refers to ledcolors.o(.text.ledGreen) for [Anonymous Symbol]
    distancemarkii.o(.text.distanceMarkII) refers to distancemarkii.o(.bss.firstPoint) for firstPoint
    distancemarkii.o(.text.distanceMarkII) refers to distancemarkii.o(.bss.totalDist) for totalDist
    distancemarkii.o(.text.distanceMarkII) refers to distancemarkii.o(.bss.PX) for PX
    distancemarkii.o(.text.distanceMarkII) refers to dadd.o(.text) for __aeabi_dsub
    distancemarkii.o(.text.distanceMarkII) refers to dmul.o(.text) for __aeabi_dmul
    distancemarkii.o(.text.distanceMarkII) refers to distancemarkii.o(.bss.PY) for PY
    distancemarkii.o(.text.distanceMarkII) refers to sqrt.o(i.__hardfp_sqrt) for __hardfp_sqrt
    distancemarkii.o(.text.distanceMarkII) refers to distancemarkii.o(.bss.dist) for dist
    distancemarkii.o(.ARM.exidx.text.distanceMarkII) refers to distancemarkii.o(.text.distanceMarkII) for [Anonymous Symbol]
    porteinit.o(.ARM.exidx.text.PortE_Init) refers to porteinit.o(.text.PortE_Init) for [Anonymous Symbol]
    sqrt.o(i.__hardfp_sqrt) refers (Special) to iusefp.o(.text) for __I$use$fp
    sqrt.o(i.__hardfp_sqrt) refers to dsqrt.o(.text) for _dsqrt
    sqrt.o(i.__hardfp_sqrt) refers to errno.o(i.__set_errno) for __set_errno
    sqrt.o(i.__softfp_sqrt) refers (Special) to iusefp.o(.text) for __I$use$fp
    sqrt.o(i.__softfp_sqrt) refers to dsqrt.o(.text) for _dsqrt
    sqrt.o(i.__softfp_sqrt) refers to errno.o(i.__set_errno) for __set_errno
    sqrt.o(i.sqrt) refers (Special) to iusefp.o(.text) for __I$use$fp
    sqrt.o(i.sqrt) refers to dsqrt.o(.text) for _dsqrt
    sqrt.o(i.sqrt) refers to errno.o(i.__set_errno) for __set_errno
    entry.o(.ARM.Collect$$$$00000000) refers (Special) to entry10a.o(.ARM.Collect$$$$0000000D) for __rt_final_cpp
    entry.o(.ARM.Collect$$$$00000000) refers (Special) to entry11a.o(.ARM.Collect$$$$0000000F) for __rt_final_exit
    entry.o(.ARM.Collect$$$$00000000) refers (Special) to entry7b.o(.ARM.Collect$$$$00000008) for _main_clock
    entry.o(.ARM.Collect$$$$00000000) refers (Special) to entry8b.o(.ARM.Collect$$$$0000000A) for _main_cpp_init
    entry.o(.ARM.Collect$$$$00000000) refers (Special) to entry9a.o(.ARM.Collect$$$$0000000B) for _main_init
    entry.o(.ARM.Collect$$$$00000000) refers (Special) to entry5.o(.ARM.Collect$$$$00000004) for _main_scatterload
    entry.o(.ARM.Collect$$$$00000000) refers (Special) to entry2.o(.ARM.Collect$$$$00000001) for _main_stk
    dadd.o(.text) refers (Special) to iusefp.o(.text) for __I$use$fp
    dadd.o(.text) refers to llshl.o(.text) for __aeabi_llsl
    dadd.o(.text) refers to llsshr.o(.text) for __aeabi_lasr
    dadd.o(.text) refers to depilogue.o(.text) for _double_epilogue
    dmul.o(.text) refers (Special) to iusefp.o(.text) for __I$use$fp
    dmul.o(.text) refers to depilogue.o(.text) for _double_epilogue
    dfixi.o(.text) refers (Special) to iusefp.o(.text) for __I$use$fp
    dfixi.o(.text) refers to llushr.o(.text) for __aeabi_llsr
    entry2.o(.ARM.Collect$$$$00000001) refers to entry2.o(.ARM.Collect$$$$00002712) for __lit__00000000
    entry2.o(.ARM.Collect$$$$00002712) refers to startup_tm4c123.o(STACK) for __initial_sp
    entry2.o(__vectab_stack_and_reset_area) refers to startup_tm4c123.o(STACK) for __initial_sp
    entry2.o(__vectab_stack_and_reset_area) refers to entry.o(.ARM.Collect$$$$00000000) for __main
    entry5.o(.ARM.Collect$$$$00000004) refers to init.o(.text) for __scatterload
    entry9a.o(.ARM.Collect$$$$0000000B) refers to main.o(.text.main) for main
    entry9b.o(.ARM.Collect$$$$0000000C) refers to main.o(.text.main) for main
    errno.o(i.__aeabi_errno_addr) refers to errno.o(.data) for .data
    errno.o(i.__read_errno) refers to errno.o(.data) for .data
    errno.o(i.__set_errno) refers to errno.o(.data) for .data
    depilogue.o(.text) refers (Special) to iusefp.o(.text) for __I$use$fp
    depilogue.o(.text) refers to llshl.o(.text) for __aeabi_llsl
    depilogue.o(.text) refers to llushr.o(.text) for __aeabi_llsr
    dsqrt.o(.text) refers (Special) to iusefp.o(.text) for __I$use$fp
    dsqrt.o(.text) refers to llushr.o(.text) for __aeabi_llsr
    dsqrt.o(.text) refers to depilogue.o(.text) for _double_round
    init.o(.text) refers to entry5.o(.ARM.Collect$$$$00000004) for __main_after_scatterload


==============================================================================

Removing Unused input sections from the image.

    Removing main.o(.text), (0 bytes).
    Removing main.o(.ARM.exidx.text.main), (8 bytes).
    Removing main.o(.ARM.use_no_argv), (4 bytes).
    Removing startup_tm4c123.o(HEAP), (0 bytes).
    Removing distance.o(.text), (0 bytes).
    Removing distance.o(.text.distance), (12 bytes).
    Removing distance.o(.ARM.exidx.text.distance), (8 bytes).
    Removing led.o(.text), (0 bytes).
    Removing led.o(.text.led), (24 bytes).
    Removing led.o(.ARM.exidx.text.led), (8 bytes).
    Removing portfinit.o(.text), (0 bytes).
    Removing portfinit.o(.ARM.exidx.text.initPortF), (8 bytes).
    Removing portsabinit.o(.text), (0 bytes).
    Removing portsabinit.o(.ARM.exidx.text.initPortAB), (8 bytes).
    Removing sevensegment.o(.text), (0 bytes).
    Removing sevensegment.o(.ARM.exidx.text.Delay2), (8 bytes).
    Removing sevensegment.o(.ARM.exidx.text.Display), (8 bytes).
    Removing sevensegment.o(.ARM.exidx.text.NumSplit), (8 bytes).
    Removing sevensegment.o(.bss.calc), (4 bytes).
    Removing ledcolors.o(.text), (0 bytes).
    Removing ledcolors.o(.ARM.exidx.text.ledRed), (8 bytes).
    Removing ledcolors.o(.text.ledBlue), (26 bytes).
    Removing ledcolors.o(.ARM.exidx.text.ledBlue), (8 bytes).
    Removing ledcolors.o(.text.ledGreen), (26 bytes).
    Removing ledcolors.o(.ARM.exidx.text.ledGreen), (8 bytes).
    Removing distancemarkii.o(.text), (0 bytes).
    Removing distancemarkii.o(.ARM.exidx.text.distanceMarkII), (8 bytes).
    Removing porteinit.o(.text), (0 bytes).
    Removing porteinit.o(.ARM.exidx.text.PortE_Init), (8 bytes).

29 unused section(s) (total 200 bytes) removed from the image.

==============================================================================

Image Symbol Table

    Local Symbols

    Symbol Name                              Value     Ov Type        Size  Object(Section)

    ../clib/microlib/errno.c                 0x00000000   Number         0  errno.o ABSOLUTE
    ../clib/microlib/init/entry.s            0x00000000   Number         0  entry.o ABSOLUTE
    ../clib/microlib/init/entry.s            0x00000000   Number         0  entry2.o ABSOLUTE
    ../clib/microlib/init/entry.s            0x00000000   Number         0  entry5.o ABSOLUTE
    ../clib/microlib/init/entry.s            0x00000000   Number         0  entry7a.o ABSOLUTE
    ../clib/microlib/init/entry.s            0x00000000   Number         0  entry7b.o ABSOLUTE
    ../clib/microlib/init/entry.s            0x00000000   Number         0  entry8a.o ABSOLUTE
    ../clib/microlib/init/entry.s            0x00000000   Number         0  entry8b.o ABSOLUTE
    ../clib/microlib/init/entry.s            0x00000000   Number         0  entry9a.o ABSOLUTE
    ../clib/microlib/init/entry.s            0x00000000   Number         0  entry9b.o ABSOLUTE
    ../clib/microlib/init/entry.s            0x00000000   Number         0  entry10a.o ABSOLUTE
    ../clib/microlib/init/entry.s            0x00000000   Number         0  entry10b.o ABSOLUTE
    ../clib/microlib/init/entry.s            0x00000000   Number         0  entry11a.o ABSOLUTE
    ../clib/microlib/init/entry.s            0x00000000   Number         0  entry11b.o ABSOLUTE
    ../clib/microlib/longlong.c              0x00000000   Number         0  llshl.o ABSOLUTE
    ../clib/microlib/longlong.c              0x00000000   Number         0  llushr.o ABSOLUTE
    ../clib/microlib/longlong.c              0x00000000   Number         0  llsshr.o ABSOLUTE
    ../clib/microlib/stubs.s                 0x00000000   Number         0  iusefp.o ABSOLUTE
    ../fplib/microlib/fpadd.c                0x00000000   Number         0  dadd.o ABSOLUTE
    ../fplib/microlib/fpepilogue.c           0x00000000   Number         0  depilogue.o ABSOLUTE
    ../fplib/microlib/fpfix.c                0x00000000   Number         0  dfixi.o ABSOLUTE
    ../fplib/microlib/fpmul.c                0x00000000   Number         0  dmul.o ABSOLUTE
    ../fplib/microlib/fpsqrt.c               0x00000000   Number         0  dsqrt.o ABSOLUTE
    ../mathlib/sqrt.c                        0x00000000   Number         0  sqrt.o ABSOLUTE
    RTE/Device/TM4C123GH6PM/startup_TM4C123.s 0x00000000   Number         0  startup_tm4c123.o ABSOLUTE
    SevenSegment.c                           0x00000000   Number         0  sevensegment.o ABSOLUTE
    dc.s                                     0x00000000   Number         0  dc.o ABSOLUTE
    distance.c                               0x00000000   Number         0  distance.o ABSOLUTE
    distanceMarkII.c                         0x00000000   Number         0  distancemarkii.o ABSOLUTE
    handlers.s                               0x00000000   Number         0  handlers.o ABSOLUTE
    init.s                                   0x00000000   Number         0  init.o ABSOLUTE
    led.c                                    0x00000000   Number         0  led.o ABSOLUTE
    ledColors.c                              0x00000000   Number         0  ledcolors.o ABSOLUTE
    main.c                                   0x00000000   Number         0  main.o ABSOLUTE
    portEinit.c                              0x00000000   Number         0  porteinit.o ABSOLUTE
    portFinit.c                              0x00000000   Number         0  portfinit.o ABSOLUTE
    portsABinit.c                            0x00000000   Number         0  portsabinit.o ABSOLUTE
    RESET                                    0x00000000   Section      620  startup_tm4c123.o(RESET)
    .ARM.Collect$$$$00000000                 0x0000026c   Section        0  entry.o(.ARM.Collect$$$$00000000)
    .ARM.Collect$$$$00000001                 0x0000026c   Section        4  entry2.o(.ARM.Collect$$$$00000001)
    .ARM.Collect$$$$00000004                 0x00000270   Section        4  entry5.o(.ARM.Collect$$$$00000004)
    .ARM.Collect$$$$00000008                 0x00000274   Section        0  entry7b.o(.ARM.Collect$$$$00000008)
    .ARM.Collect$$$$0000000A                 0x00000274   Section        0  entry8b.o(.ARM.Collect$$$$0000000A)
    .ARM.Collect$$$$0000000B                 0x00000274   Section        8  entry9a.o(.ARM.Collect$$$$0000000B)
    __lit__00000000                          0x0000027c   Data           4  entry2.o(.ARM.Collect$$$$00002712)
    .ARM.Collect$$$$0000000D                 0x0000027c   Section        0  entry10a.o(.ARM.Collect$$$$0000000D)
    .ARM.Collect$$$$0000000F                 0x0000027c   Section        0  entry11a.o(.ARM.Collect$$$$0000000F)
    .ARM.Collect$$$$00002712                 0x0000027c   Section        4  entry2.o(.ARM.Collect$$$$00002712)
    $v0                                      0x00000280   Number         0  startup_tm4c123.o(.text)
    .text                                    0x00000280   Section      244  startup_tm4c123.o(.text)
    .text                                    0x00000374   Section        0  dadd.o(.text)
    .text                                    0x000004c2   Section        0  dmul.o(.text)
    .text                                    0x000005a6   Section        0  dfixi.o(.text)
    .text                                    0x000005e4   Section        0  llshl.o(.text)
    .text                                    0x00000602   Section        0  llushr.o(.text)
    .text                                    0x00000622   Section        0  llsshr.o(.text)
    .text                                    0x00000646   Section        0  iusefp.o(.text)
    .text                                    0x00000646   Section        0  depilogue.o(.text)
    .text                                    0x00000700   Section        0  dsqrt.o(.text)
    .text                                    0x000007a4   Section       36  init.o(.text)
    [Anonymous Symbol]                       0x000007c8   Section        0  sevensegment.o(.text.Delay2)
    [Anonymous Symbol]                       0x000007e4   Section        0  sevensegment.o(.text.Display)
    [Anonymous Symbol]                       0x00000810   Section        0  sevensegment.o(.text.NumSplit)
    [Anonymous Symbol]                       0x00000880   Section        0  porteinit.o(.text.PortE_Init)
    [Anonymous Symbol]                       0x000008bc   Section        0  distancemarkii.o(.text.distanceMarkII)
    [Anonymous Symbol]                       0x00000998   Section        0  portsabinit.o(.text.initPortAB)
    [Anonymous Symbol]                       0x00000a08   Section        0  portfinit.o(.text.initPortF)
    [Anonymous Symbol]                       0x00000a58   Section        0  ledcolors.o(.text.ledRed)
    [Anonymous Symbol]                       0x00000a78   Section        0  main.o(.text.main)
    i.__hardfp_sqrt                          0x00000b70   Section        0  sqrt.o(i.__hardfp_sqrt)
    i.__scatterload_copy                     0x00000bea   Section       14  handlers.o(i.__scatterload_copy)
    i.__scatterload_null                     0x00000bf8   Section        2  handlers.o(i.__scatterload_null)
    i.__scatterload_zeroinit                 0x00000bfa   Section       14  handlers.o(i.__scatterload_zeroinit)
    i.__set_errno                            0x00000c08   Section        0  errno.o(i.__set_errno)
    _errno                                   0x20000000   Data           4  errno.o(.data)
    .data                                    0x20000000   Section        4  errno.o(.data)
    STACK                                    0x20000068   Section      512  startup_tm4c123.o(STACK)

    Global Symbols

    Symbol Name                              Value     Ov Type        Size  Object(Section)

    BuildAttributes$$THM_ISAv4$E$P$D$K$B$S$7EM$VFPi3$EXTD16$VFPS$VFMA$PE$A:L22UL41UL21$X:L11$S22US41US21$IEEE1$IW$~IW$USESV6$~STKCKD$USESV7$~SHL$OTIME$ROPI$IEEEJ$EBA8$MICROLIB$REQ8$PRES8$EABIv2 0x00000000   Number         0  anon$$obj.o ABSOLUTE
    __Vectors                                0x00000000   Data           4  startup_tm4c123.o(RESET)
    __cpp_initialize__aeabi_                  - Undefined Weak Reference
    __cxa_finalize                            - Undefined Weak Reference
    __decompress                              - Undefined Weak Reference
    _clock_init                               - Undefined Weak Reference
    _microlib_exit                            - Undefined Weak Reference
    __Vectors_End                            0x0000026c   Data           0  startup_tm4c123.o(RESET)
    __Vectors_Size                           0x0000026c   Number         0  startup_tm4c123.o ABSOLUTE
    __main                                   0x0000026d   Thumb Code     0  entry.o(.ARM.Collect$$$$00000000)
    _main_stk                                0x0000026d   Thumb Code     0  entry2.o(.ARM.Collect$$$$00000001)
    _main_scatterload                        0x00000271   Thumb Code     0  entry5.o(.ARM.Collect$$$$00000004)
    __main_after_scatterload                 0x00000275   Thumb Code     0  entry5.o(.ARM.Collect$$$$00000004)
    _main_clock                              0x00000275   Thumb Code     0  entry7b.o(.ARM.Collect$$$$00000008)
    _main_cpp_init                           0x00000275   Thumb Code     0  entry8b.o(.ARM.Collect$$$$0000000A)
    _main_init                               0x00000275   Thumb Code     0  entry9a.o(.ARM.Collect$$$$0000000B)
    __rt_final_cpp                           0x0000027d   Thumb Code     0  entry10a.o(.ARM.Collect$$$$0000000D)
    __rt_final_exit                          0x0000027d   Thumb Code     0  entry11a.o(.ARM.Collect$$$$0000000F)
    Reset_Handler                            0x00000281   Thumb Code     4  startup_tm4c123.o(.text)
    NMI_Handler                              0x00000285   Thumb Code     2  startup_tm4c123.o(.text)
    HardFault_Handler                        0x00000287   Thumb Code     2  startup_tm4c123.o(.text)
    MemManage_Handler                        0x00000289   Thumb Code     2  startup_tm4c123.o(.text)
    BusFault_Handler                         0x0000028b   Thumb Code     2  startup_tm4c123.o(.text)
    UsageFault_Handler                       0x0000028d   Thumb Code     2  startup_tm4c123.o(.text)
    SVC_Handler                              0x0000028f   Thumb Code     2  startup_tm4c123.o(.text)
    DebugMon_Handler                         0x00000291   Thumb Code     2  startup_tm4c123.o(.text)
    PendSV_Handler                           0x00000293   Thumb Code     2  startup_tm4c123.o(.text)
    SysTick_Handler                          0x00000295   Thumb Code     2  startup_tm4c123.o(.text)
    GPIOA_Handler                            0x00000297   Thumb Code     2  startup_tm4c123.o(.text)
    GPIOB_Handler                            0x00000299   Thumb Code     2  startup_tm4c123.o(.text)
    GPIOC_Handler                            0x0000029b   Thumb Code     2  startup_tm4c123.o(.text)
    GPIOD_Handler                            0x0000029d   Thumb Code     2  startup_tm4c123.o(.text)
    GPIOE_Handler                            0x0000029f   Thumb Code     2  startup_tm4c123.o(.text)
    UART0_Handler                            0x000002a1   Thumb Code     2  startup_tm4c123.o(.text)
    UART1_Handler                            0x000002a3   Thumb Code     2  startup_tm4c123.o(.text)
    SSI0_Handler                             0x000002a5   Thumb Code     2  startup_tm4c123.o(.text)
    I2C0_Handler                             0x000002a7   Thumb Code     2  startup_tm4c123.o(.text)
    PMW0_FAULT_Handler                       0x000002a9   Thumb Code     2  startup_tm4c123.o(.text)
    PWM0_0_Handler                           0x000002ab   Thumb Code     2  startup_tm4c123.o(.text)
    PWM0_1_Handler                           0x000002ad   Thumb Code     2  startup_tm4c123.o(.text)
    PWM0_2_Handler                           0x000002af   Thumb Code     2  startup_tm4c123.o(.text)
    QEI0_Handler                             0x000002b1   Thumb Code     2  startup_tm4c123.o(.text)
    ADC0SS0_Handler                          0x000002b3   Thumb Code     2  startup_tm4c123.o(.text)
    ADC0SS1_Handler                          0x000002b5   Thumb Code     2  startup_tm4c123.o(.text)
    ADC0SS2_Handler                          0x000002b7   Thumb Code     2  startup_tm4c123.o(.text)
    ADC0SS3_Handler                          0x000002b9   Thumb Code     2  startup_tm4c123.o(.text)
    WDT0_Handler                             0x000002bb   Thumb Code     2  startup_tm4c123.o(.text)
    TIMER0A_Handler                          0x000002bd   Thumb Code     2  startup_tm4c123.o(.text)
    TIMER0B_Handler                          0x000002bf   Thumb Code     2  startup_tm4c123.o(.text)
    TIMER1A_Handler                          0x000002c1   Thumb Code     2  startup_tm4c123.o(.text)
    TIMER1B_Handler                          0x000002c3   Thumb Code     2  startup_tm4c123.o(.text)
    TIMER2A_Handler                          0x000002c5   Thumb Code     2  startup_tm4c123.o(.text)
    TIMER2B_Handler                          0x000002c7   Thumb Code     2  startup_tm4c123.o(.text)
    COMP0_Handler                            0x000002c9   Thumb Code     2  startup_tm4c123.o(.text)
    COMP1_Handler                            0x000002cb   Thumb Code     2  startup_tm4c123.o(.text)
    COMP2_Handler                            0x000002cd   Thumb Code     2  startup_tm4c123.o(.text)
    SYSCTL_Handler                           0x000002cf   Thumb Code     2  startup_tm4c123.o(.text)
    FLASH_Handler                            0x000002d1   Thumb Code     2  startup_tm4c123.o(.text)
    GPIOF_Handler                            0x000002d3   Thumb Code     2  startup_tm4c123.o(.text)
    GPIOG_Handler                            0x000002d5   Thumb Code     2  startup_tm4c123.o(.text)
    GPIOH_Handler                            0x000002d7   Thumb Code     2  startup_tm4c123.o(.text)
    UART2_Handler                            0x000002d9   Thumb Code     2  startup_tm4c123.o(.text)
    SSI1_Handler                             0x000002db   Thumb Code     2  startup_tm4c123.o(.text)
    TIMER3A_Handler                          0x000002dd   Thumb Code     2  startup_tm4c123.o(.text)
    TIMER3B_Handler                          0x000002df   Thumb Code     2  startup_tm4c123.o(.text)
    I2C1_Handler                             0x000002e1   Thumb Code     2  startup_tm4c123.o(.text)
    QEI1_Handler                             0x000002e3   Thumb Code     2  startup_tm4c123.o(.text)
    CAN0_Handler                             0x000002e5   Thumb Code     2  startup_tm4c123.o(.text)
    CAN1_Handler                             0x000002e7   Thumb Code     2  startup_tm4c123.o(.text)
    CAN2_Handler                             0x000002e9   Thumb Code     2  startup_tm4c123.o(.text)
    HIB_Handler                              0x000002eb   Thumb Code     2  startup_tm4c123.o(.text)
    USB0_Handler                             0x000002ed   Thumb Code     2  startup_tm4c123.o(.text)
    PWM0_3_Handler                           0x000002ef   Thumb Code     2  startup_tm4c123.o(.text)
    UDMA_Handler                             0x000002f1   Thumb Code     2  startup_tm4c123.o(.text)
    UDMAERR_Handler                          0x000002f3   Thumb Code     2  startup_tm4c123.o(.text)
    ADC1SS0_Handler                          0x000002f5   Thumb Code     2  startup_tm4c123.o(.text)
    ADC1SS1_Handler                          0x000002f7   Thumb Code     2  startup_tm4c123.o(.text)
    ADC1SS2_Handler                          0x000002f9   Thumb Code     2  startup_tm4c123.o(.text)
    ADC1SS3_Handler                          0x000002fb   Thumb Code     2  startup_tm4c123.o(.text)
    GPIOJ_Handler                            0x000002fd   Thumb Code     2  startup_tm4c123.o(.text)
    GPIOK_Handler                            0x000002ff   Thumb Code     2  startup_tm4c123.o(.text)
    GPIOL_Handler                            0x00000301   Thumb Code     2  startup_tm4c123.o(.text)
    SSI2_Handler                             0x00000303   Thumb Code     2  startup_tm4c123.o(.text)
    SSI3_Handler                             0x00000305   Thumb Code     2  startup_tm4c123.o(.text)
    UART3_Handler                            0x00000307   Thumb Code     2  startup_tm4c123.o(.text)
    UART4_Handler                            0x00000309   Thumb Code     2  startup_tm4c123.o(.text)
    UART5_Handler                            0x0000030b   Thumb Code     2  startup_tm4c123.o(.text)
    UART6_Handler                            0x0000030d   Thumb Code     2  startup_tm4c123.o(.text)
    UART7_Handler                            0x0000030f   Thumb Code     2  startup_tm4c123.o(.text)
    I2C2_Handler                             0x00000311   Thumb Code     2  startup_tm4c123.o(.text)
    I2C3_Handler                             0x00000313   Thumb Code     2  startup_tm4c123.o(.text)
    TIMER4A_Handler                          0x00000315   Thumb Code     2  startup_tm4c123.o(.text)
    TIMER4B_Handler                          0x00000317   Thumb Code     2  startup_tm4c123.o(.text)
    TIMER5A_Handler                          0x00000319   Thumb Code     2  startup_tm4c123.o(.text)
    TIMER5B_Handler                          0x0000031b   Thumb Code     2  startup_tm4c123.o(.text)
    WTIMER0A_Handler                         0x0000031d   Thumb Code     2  startup_tm4c123.o(.text)
    WTIMER0B_Handler                         0x0000031f   Thumb Code     2  startup_tm4c123.o(.text)
    WTIMER1A_Handler                         0x00000321   Thumb Code     2  startup_tm4c123.o(.text)
    WTIMER1B_Handler                         0x00000323   Thumb Code     2  startup_tm4c123.o(.text)
    WTIMER2A_Handler                         0x00000325   Thumb Code     2  startup_tm4c123.o(.text)
    WTIMER2B_Handler                         0x00000327   Thumb Code     2  startup_tm4c123.o(.text)
    WTIMER3A_Handler                         0x00000329   Thumb Code     2  startup_tm4c123.o(.text)
    WTIMER3B_Handler                         0x0000032b   Thumb Code     2  startup_tm4c123.o(.text)
    WTIMER4A_Handler                         0x0000032d   Thumb Code     2  startup_tm4c123.o(.text)
    WTIMER4B_Handler                         0x0000032f   Thumb Code     2  startup_tm4c123.o(.text)
    WTIMER5A_Handler                         0x00000331   Thumb Code     2  startup_tm4c123.o(.text)
    WTIMER5B_Handler                         0x00000333   Thumb Code     2  startup_tm4c123.o(.text)
    FPU_Handler                              0x00000335   Thumb Code     2  startup_tm4c123.o(.text)
    I2C4_Handler                             0x00000337   Thumb Code     2  startup_tm4c123.o(.text)
    I2C5_Handler                             0x00000339   Thumb Code     2  startup_tm4c123.o(.text)
    GPIOM_Handler                            0x0000033b   Thumb Code     2  startup_tm4c123.o(.text)
    GPION_Handler                            0x0000033d   Thumb Code     2  startup_tm4c123.o(.text)
    QEI2_Handler                             0x0000033f   Thumb Code     2  startup_tm4c123.o(.text)
    GPIOP0_Handler                           0x00000341   Thumb Code     2  startup_tm4c123.o(.text)
    GPIOP1_Handler                           0x00000343   Thumb Code     2  startup_tm4c123.o(.text)
    GPIOP2_Handler                           0x00000345   Thumb Code     2  startup_tm4c123.o(.text)
    GPIOP3_Handler                           0x00000347   Thumb Code     2  startup_tm4c123.o(.text)
    GPIOP4_Handler                           0x00000349   Thumb Code     2  startup_tm4c123.o(.text)
    GPIOP5_Handler                           0x0000034b   Thumb Code     2  startup_tm4c123.o(.text)
    GPIOP6_Handler                           0x0000034d   Thumb Code     2  startup_tm4c123.o(.text)
    GPIOP7_Handler                           0x0000034f   Thumb Code     2  startup_tm4c123.o(.text)
    GPIOQ0_Handler                           0x00000351   Thumb Code     2  startup_tm4c123.o(.text)
    GPIOQ1_Handler                           0x00000353   Thumb Code     2  startup_tm4c123.o(.text)
    GPIOQ2_Handler                           0x00000355   Thumb Code     2  startup_tm4c123.o(.text)
    GPIOQ3_Handler                           0x00000357   Thumb Code     2  startup_tm4c123.o(.text)
    GPIOQ4_Handler                           0x00000359   Thumb Code     2  startup_tm4c123.o(.text)
    GPIOQ5_Handler                           0x0000035b   Thumb Code     2  startup_tm4c123.o(.text)
    GPIOQ6_Handler                           0x0000035d   Thumb Code     2  startup_tm4c123.o(.text)
    GPIOQ7_Handler                           0x0000035f   Thumb Code     2  startup_tm4c123.o(.text)
    GPIOR_Handler                            0x00000361   Thumb Code     2  startup_tm4c123.o(.text)
    GPIOS_Handler                            0x00000363   Thumb Code     2  startup_tm4c123.o(.text)
    PMW1_0_Handler                           0x00000365   Thumb Code     2  startup_tm4c123.o(.text)
    PWM1_1_Handler                           0x00000367   Thumb Code     2  startup_tm4c123.o(.text)
    PWM1_2_Handler                           0x00000369   Thumb Code     2  startup_tm4c123.o(.text)
    PWM1_3_Handler                           0x0000036b   Thumb Code     2  startup_tm4c123.o(.text)
    PWM1_FAULT_Handler                       0x0000036d   Thumb Code     2  startup_tm4c123.o(.text)
    __aeabi_dadd                             0x00000375   Thumb Code   322  dadd.o(.text)
    __aeabi_dsub                             0x000004b7   Thumb Code     6  dadd.o(.text)
    __aeabi_drsub                            0x000004bd   Thumb Code     6  dadd.o(.text)
    __aeabi_dmul                             0x000004c3   Thumb Code   228  dmul.o(.text)
    __aeabi_d2iz                             0x000005a7   Thumb Code    62  dfixi.o(.text)
    __aeabi_llsl                             0x000005e5   Thumb Code    30  llshl.o(.text)
    _ll_shift_l                              0x000005e5   Thumb Code     0  llshl.o(.text)
    __aeabi_llsr                             0x00000603   Thumb Code    32  llushr.o(.text)
    _ll_ushift_r                             0x00000603   Thumb Code     0  llushr.o(.text)
    __aeabi_lasr                             0x00000623   Thumb Code    36  llsshr.o(.text)
    _ll_sshift_r                             0x00000623   Thumb Code     0  llsshr.o(.text)
    __I$use$fp                               0x00000647   Thumb Code     0  iusefp.o(.text)
    _double_round                            0x00000647   Thumb Code    30  depilogue.o(.text)
    _double_epilogue                         0x00000665   Thumb Code   156  depilogue.o(.text)
    _dsqrt                                   0x00000701   Thumb Code   162  dsqrt.o(.text)
    __scatterload                            0x000007a5   Thumb Code    28  init.o(.text)
    __scatterload_rt2                        0x000007a5   Thumb Code     0  init.o(.text)
    Delay2                                   0x000007c9   Thumb Code    28  sevensegment.o(.text.Delay2)
    Display                                  0x000007e5   Thumb Code    44  sevensegment.o(.text.Display)
    NumSplit                                 0x00000811   Thumb Code   112  sevensegment.o(.text.NumSplit)
    PortE_Init                               0x00000881   Thumb Code    60  porteinit.o(.text.PortE_Init)
    distanceMarkII                           0x000008bd   Thumb Code   220  distancemarkii.o(.text.distanceMarkII)
    initPortAB                               0x00000999   Thumb Code   110  portsabinit.o(.text.initPortAB)
    initPortF                                0x00000a09   Thumb Code    78  portfinit.o(.text.initPortF)
    ledRed                                   0x00000a59   Thumb Code    26  ledcolors.o(.text.ledRed)
    main                                     0x00000a79   Thumb Code   248  main.o(.text.main)
    __hardfp_sqrt                            0x00000b71   Thumb Code   122  sqrt.o(i.__hardfp_sqrt)
    __scatterload_copy                       0x00000beb   Thumb Code    14  handlers.o(i.__scatterload_copy)
    __scatterload_null                       0x00000bf9   Thumb Code     2  handlers.o(i.__scatterload_null)
    __scatterload_zeroinit                   0x00000bfb   Thumb Code    14  handlers.o(i.__scatterload_zeroinit)
    __set_errno                              0x00000c09   Thumb Code     6  errno.o(i.__set_errno)
    Region$$Table$$Base                      0x00000c14   Number         0  anon$$obj.o(Region$$Table)
    Region$$Table$$Limit                     0x00000c34   Number         0  anon$$obj.o(Region$$Table)
    numbers                                  0x20000004   Data          40  sevensegment.o(.data.numbers)
    PX                                       0x20000030   Data           8  distancemarkii.o(.bss.PX)
    PY                                       0x20000038   Data           8  distancemarkii.o(.bss.PY)
    digit1                                   0x20000040   Data           4  sevensegment.o(.bss.digit1)
    digit2                                   0x20000044   Data           4  sevensegment.o(.bss.digit2)
    digit3                                   0x20000048   Data           4  sevensegment.o(.bss.digit3)
    dist                                     0x20000050   Data           8  distancemarkii.o(.bss.dist)
    firstPoint                               0x20000058   Data           4  distancemarkii.o(.bss.firstPoint)
    totalDist                                0x20000060   Data           8  distancemarkii.o(.bss.totalDist)
    __initial_sp                             0x20000268   Data           0  startup_tm4c123.o(STACK)



==============================================================================

Memory Map of the image

  Image Entry point : 0x00000281

  Load Region LR_1 (Base: 0x00000000, Size: 0x00000c60, Max: 0xffffffff, ABSOLUTE)

    Execution Region ER_RO (Exec base: 0x00000000, Load base: 0x00000000, Size: 0x00000c34, Max: 0xffffffff, ABSOLUTE)

    Exec Addr    Load Addr    Size         Type   Attr      Idx    E Section Name        Object

    0x00000000   0x00000000   0x0000026c   Data   RO           13    RESET               startup_tm4c123.o
    0x0000026c   0x0000026c   0x00000000   Code   RO          113  * .ARM.Collect$$$$00000000  mc_w.l(entry.o)
    0x0000026c   0x0000026c   0x00000004   Code   RO          122    .ARM.Collect$$$$00000001  mc_w.l(entry2.o)
    0x00000270   0x00000270   0x00000004   Code   RO          125    .ARM.Collect$$$$00000004  mc_w.l(entry5.o)
    0x00000274   0x00000274   0x00000000   Code   RO          127    .ARM.Collect$$$$00000008  mc_w.l(entry7b.o)
    0x00000274   0x00000274   0x00000000   Code   RO          129    .ARM.Collect$$$$0000000A  mc_w.l(entry8b.o)
    0x00000274   0x00000274   0x00000008   Code   RO          130    .ARM.Collect$$$$0000000B  mc_w.l(entry9a.o)
    0x0000027c   0x0000027c   0x00000000   Code   RO          132    .ARM.Collect$$$$0000000D  mc_w.l(entry10a.o)
    0x0000027c   0x0000027c   0x00000000   Code   RO          134    .ARM.Collect$$$$0000000F  mc_w.l(entry11a.o)
    0x0000027c   0x0000027c   0x00000004   Code   RO          123    .ARM.Collect$$$$00002712  mc_w.l(entry2.o)
    0x00000280   0x00000280   0x000000f4   Code   RO           14  * .text               startup_tm4c123.o
    0x00000374   0x00000374   0x0000014e   Code   RO          116    .text               mf_w.l(dadd.o)
    0x000004c2   0x000004c2   0x000000e4   Code   RO          118    .text               mf_w.l(dmul.o)
    0x000005a6   0x000005a6   0x0000003e   Code   RO          120    .text               mf_w.l(dfixi.o)
    0x000005e4   0x000005e4   0x0000001e   Code   RO          136    .text               mc_w.l(llshl.o)
    0x00000602   0x00000602   0x00000020   Code   RO          138    .text               mc_w.l(llushr.o)
    0x00000622   0x00000622   0x00000024   Code   RO          140    .text               mc_w.l(llsshr.o)
    0x00000646   0x00000646   0x00000000   Code   RO          149    .text               mc_w.l(iusefp.o)
    0x00000646   0x00000646   0x000000ba   Code   RO          150    .text               mf_w.l(depilogue.o)
    0x00000700   0x00000700   0x000000a2   Code   RO          152    .text               mf_w.l(dsqrt.o)
    0x000007a2   0x000007a2   0x00000002   PAD
    0x000007a4   0x000007a4   0x00000024   Code   RO          154    .text               mc_w.l(init.o)
    0x000007c8   0x000007c8   0x0000001c   Code   RO           54    .text.Delay2        sevensegment.o
    0x000007e4   0x000007e4   0x0000002c   Code   RO           56    .text.Display       sevensegment.o
    0x00000810   0x00000810   0x00000070   Code   RO           58    .text.NumSplit      sevensegment.o
    0x00000880   0x00000880   0x0000003c   Code   RO          100    .text.PortE_Init    porteinit.o
    0x000008bc   0x000008bc   0x000000dc   Code   RO           86    .text.distanceMarkII  distancemarkii.o
    0x00000998   0x00000998   0x0000006e   Code   RO           46    .text.initPortAB    portsabinit.o
    0x00000a06   0x00000a06   0x00000002   PAD
    0x00000a08   0x00000a08   0x0000004e   Code   RO           38    .text.initPortF     portfinit.o
    0x00000a56   0x00000a56   0x00000002   PAD
    0x00000a58   0x00000a58   0x0000001a   Code   RO           73    .text.ledRed        ledcolors.o
    0x00000a72   0x00000a72   0x00000006   PAD
    0x00000a78   0x00000a78   0x000000f8   Code   RO            2    .text.main          main.o
    0x00000b70   0x00000b70   0x0000007a   Code   RO          107    i.__hardfp_sqrt     m_wm.l(sqrt.o)
    0x00000bea   0x00000bea   0x0000000e   Code   RO          158    i.__scatterload_copy  mc_w.l(handlers.o)
    0x00000bf8   0x00000bf8   0x00000002   Code   RO          159    i.__scatterload_null  mc_w.l(handlers.o)
    0x00000bfa   0x00000bfa   0x0000000e   Code   RO          160    i.__scatterload_zeroinit  mc_w.l(handlers.o)
    0x00000c08   0x00000c08   0x0000000c   Code   RO          144    i.__set_errno       mc_w.l(errno.o)
    0x00000c14   0x00000c14   0x00000020   Data   RO          157    Region$$Table       anon$$obj.o


    Execution Region ER_RW (Exec base: 0x20000000, Load base: 0x00000c34, Size: 0x0000002c, Max: 0xffffffff, ABSOLUTE)

    Exec Addr    Load Addr    Size         Type   Attr      Idx    E Section Name        Object

    0x20000000   0x00000c34   0x00000004   Data   RW          145    .data               mc_w.l(errno.o)
    0x20000004   0x00000c38   0x00000028   Data   RW           60    .data.numbers       sevensegment.o


    Execution Region ER_ZI (Exec base: 0x20000030, Load base: 0x00000c60, Size: 0x00000238, Max: 0xffffffff, ABSOLUTE)

    Exec Addr    Load Addr    Size         Type   Attr      Idx    E Section Name        Object

    0x20000030        -       0x00000008   Zero   RW           88    .bss.PX             distancemarkii.o
    0x20000038        -       0x00000008   Zero   RW           89    .bss.PY             distancemarkii.o
    0x20000040        -       0x00000004   Zero   RW           62    .bss.digit1         sevensegment.o
    0x20000044        -       0x00000004   Zero   RW           63    .bss.digit2         sevensegment.o
    0x20000048        -       0x00000004   Zero   RW           64    .bss.digit3         sevensegment.o
    0x2000004c   0x00000c60   0x00000004   PAD
    0x20000050        -       0x00000008   Zero   RW           92    .bss.dist           distancemarkii.o
    0x20000058        -       0x00000004   Zero   RW           90    .bss.firstPoint     distancemarkii.o
    0x2000005c   0x00000c60   0x00000004   PAD
    0x20000060        -       0x00000008   Zero   RW           91    .bss.totalDist      distancemarkii.o
    0x20000068        -       0x00000200   Zero   RW           11    STACK               startup_tm4c123.o


==============================================================================

Image component sizes


      Code (inc. data)   RO Data    RW Data    ZI Data      Debug   Object Name

       220          0          0          0         36        787   distancemarkii.o
        26          0          0          0          0        592   ledcolors.o
       248         32          0          0          0        618   main.o
        60          0          0          0          0        457   porteinit.o
        78          0          0          0          0        476   portfinit.o
       110          0          0          0          0        500   portsabinit.o
       184          0          0         40         12       1148   sevensegment.o
       244          6        620          0        512       5492   startup_tm4c123.o

    ----------------------------------------------------------------------
      1180         38        652         40        568      10070   Object Totals
         0          0         32          0          0          0   (incl. Generated)
        10          0          0          0          8          0   (incl. Padding)

    ----------------------------------------------------------------------

      Code (inc. data)   RO Data    RW Data    ZI Data      Debug   Library Member Name

       122          0          0          0          0        148   sqrt.o
         0          0          0          0          0          0   entry.o
         0          0          0          0          0          0   entry10a.o
         0          0          0          0          0          0   entry11a.o
         8          4          0          0          0          0   entry2.o
         4          0          0          0          0          0   entry5.o
         0          0          0          0          0          0   entry7b.o
         0          0          0          0          0          0   entry8b.o
         8          4          0          0          0          0   entry9a.o
        12          6          0          4          0         68   errno.o
        30          0          0          0          0          0   handlers.o
        36          8          0          0          0         68   init.o
         0          0          0          0          0          0   iusefp.o
        30          0          0          0          0         68   llshl.o
        36          0          0          0          0         68   llsshr.o
        32          0          0          0          0         68   llushr.o
       334          0          0          0          0        148   dadd.o
       186          0          0          0          0        176   depilogue.o
        62          0          0          0          0         80   dfixi.o
       228          0          0          0          0         96   dmul.o
       162          0          0          0          0        100   dsqrt.o

    ----------------------------------------------------------------------
      1292         22          0          4          0       1088   Library Totals
         2          0          0          0          0          0   (incl. Padding)

    ----------------------------------------------------------------------

      Code (inc. data)   RO Data    RW Data    ZI Data      Debug   Library Name

       122          0          0          0          0        148   m_wm.l
       196         22          0          4          0        340   mc_w.l
       972          0          0          0          0        600   mf_w.l

    ----------------------------------------------------------------------
      1292         22          0          4          0       1088   Library Totals

    ----------------------------------------------------------------------

==============================================================================


      Code (inc. data)   RO Data    RW Data    ZI Data      Debug   

      2472         60        652         44        568      10902   Grand Totals
      2472         60        652         44        568      10902   ELF Image Totals
      2472         60        652         44          0          0   ROM Totals

==============================================================================

    Total RO  Size (Code + RO Data)                 3124 (   3.05kB)
    Total RW  Size (RW Data + ZI Data)               612 (   0.60kB)
    Total ROM Size (Code + RO Data + RW Data)       3168 (   3.09kB)

==============================================================================

