Component: ARM Compiler 6.16 Tool: armlink [5dfeaa00]

==============================================================================

Section Cross References

    main.o(.ARM.exidx.text.Delayyy) refers to main.o(.text.Delayyy) for [Anonymous Symbol]
    main.o(.text.main) refers to portfinit.o(.text.initPortF) for initPortF
    main.o(.text.main) refers to portsabinit.o(.text.initPortAB) for initPortAB
    main.o(.text.main) refers to porteinit.o(.text.PortE_Init) for PortE_Init
    main.o(.text.main) refers to lcd 1.o(.text.delay_ms) for delay_ms
    main.o(.text.main) refers to lcd 1.o(.text.LCD_command) for LCD_command
    main.o(.text.main) refers to lcd 1.o(.text.delay_us) for delay_us
    main.o(.text.main) refers to ledcolors.o(.text.ledRed) for ledRed
    main.o(.text.main) refers to main.o(.text.Delayyy) for Delayyy
    main.o(.text.main) refers to dadd.o(.text) for __aeabi_dadd
    main.o(.text.main) refers to d2f.o(.text) for __aeabi_d2f
    main.o(.text.main) refers to distancemarkii.o(.text.distanceMarkII) for distanceMarkII
    main.o(.text.main) refers to ledcolors.o(.text.ledBlue) for ledBlue
    main.o(.text.main) refers to lcd 1.o(.text.LCD_DATA) for LCD_DATA
    main.o(.text.main) refers to ledcolors.o(.text.ledGreen) for ledGreen
    main.o(.ARM.exidx.text.main) refers to main.o(.text.main) for [Anonymous Symbol]
    startup_tm4c123.o(RESET) refers to startup_tm4c123.o(STACK) for __initial_sp
    startup_tm4c123.o(RESET) refers to startup_tm4c123.o(.text) for Reset_Handler
    startup_tm4c123.o(.text) refers to entry.o(.ARM.Collect$$$$00000000) for __main
    ledcolors.o(.ARM.exidx.text.ledRed) refers to ledcolors.o(.text.ledRed) for [Anonymous Symbol]
    ledcolors.o(.ARM.exidx.text.ledBlue) refers to ledcolors.o(.text.ledBlue) for [Anonymous Symbol]
    ledcolors.o(.ARM.exidx.text.ledGreen) refers to ledcolors.o(.text.ledGreen) for [Anonymous Symbol]
    distancemarkii.o(.text.distanceMarkII) refers to main.o(.bss.firstPoint) for firstPoint
    distancemarkii.o(.text.distanceMarkII) refers to main.o(.bss.totalDist) for totalDist
    distancemarkii.o(.text.distanceMarkII) refers to main.o(.bss.PX) for PX
    distancemarkii.o(.text.distanceMarkII) refers to f2d.o(.text) for __aeabi_f2d
    distancemarkii.o(.text.distanceMarkII) refers to dmul.o(.text) for __aeabi_dmul
    distancemarkii.o(.text.distanceMarkII) refers to main.o(.bss.PY) for PY
    distancemarkii.o(.text.distanceMarkII) refers to dadd.o(.text) for __aeabi_dadd
    distancemarkii.o(.text.distanceMarkII) refers to sqrt.o(i.__hardfp_sqrt) for __hardfp_sqrt
    distancemarkii.o(.text.distanceMarkII) refers to d2f.o(.text) for __aeabi_d2f
    distancemarkii.o(.text.distanceMarkII) refers to main.o(.bss.dist) for dist
    distancemarkii.o(.ARM.exidx.text.distanceMarkII) refers to distancemarkii.o(.text.distanceMarkII) for [Anonymous Symbol]
    porteinit.o(.ARM.exidx.text.PortE_Init) refers to porteinit.o(.text.PortE_Init) for [Anonymous Symbol]
    distancemarkiii.o(.text.distanceMarkIII) refers to main.o(.bss.firstPoint) for firstPoint
    distancemarkiii.o(.text.distanceMarkIII) refers to main.o(.bss.totalDist) for totalDist
    distancemarkiii.o(.text.distanceMarkIII) refers to main.o(.bss.PX) for PX
    distancemarkiii.o(.text.distanceMarkIII) refers to f2d.o(.text) for __aeabi_f2d
    distancemarkiii.o(.text.distanceMarkIII) refers to dmul.o(.text) for __aeabi_dmul
    distancemarkiii.o(.text.distanceMarkIII) refers to main.o(.bss.PY) for PY
    distancemarkiii.o(.text.distanceMarkIII) refers to dadd.o(.text) for __aeabi_dadd
    distancemarkiii.o(.text.distanceMarkIII) refers to sqrt.o(i.__hardfp_sqrt) for __hardfp_sqrt
    distancemarkiii.o(.text.distanceMarkIII) refers to d2f.o(.text) for __aeabi_d2f
    distancemarkiii.o(.text.distanceMarkIII) refers to main.o(.bss.dist) for dist
    distancemarkiii.o(.ARM.exidx.text.distanceMarkIII) refers to distancemarkiii.o(.text.distanceMarkIII) for [Anonymous Symbol]
    distance.o(.text.distanceNew) refers to dmul.o(.text) for __aeabi_dmul
    distance.o(.text.distanceNew) refers to ddiv.o(.text) for __aeabi_ddiv
    distance.o(.text.distanceNew) refers to sin.o(i.__hardfp_sin) for __hardfp_sin
    distance.o(.text.distanceNew) refers to cos.o(i.__hardfp_cos) for __hardfp_cos
    distance.o(.text.distanceNew) refers to dadd.o(.text) for __aeabi_dadd
    distance.o(.text.distanceNew) refers to sqrt.o(i.__hardfp_sqrt) for __hardfp_sqrt
    distance.o(.text.distanceNew) refers to asin.o(i.__hardfp_asin) for __hardfp_asin
    distance.o(.ARM.exidx.text.distanceNew) refers to distance.o(.text.distanceNew) for [Anonymous Symbol]
    led.o(.ARM.exidx.text.led) refers to led.o(.text.led) for [Anonymous Symbol]
    portfinit.o(.ARM.exidx.text.initPortF) refers to portfinit.o(.text.initPortF) for [Anonymous Symbol]
    portsabinit.o(.ARM.exidx.text.initPortAB) refers to portsabinit.o(.text.initPortAB) for [Anonymous Symbol]
    sevensegment.o(.ARM.exidx.text.Delay2) refers to sevensegment.o(.text.Delay2) for [Anonymous Symbol]
    sevensegment.o(.text.Display) refers to sevensegment.o(.data.numbers) for numbers
    sevensegment.o(.text.Display) refers to sevensegment.o(.text.Delay2) for Delay2
    sevensegment.o(.ARM.exidx.text.Display) refers to sevensegment.o(.text.Display) for [Anonymous Symbol]
    sevensegment.o(.ARM.exidx.text.NumSplit) refers to sevensegment.o(.text.NumSplit) for [Anonymous Symbol]
    lcd 1.o(.ARM.exidx.text.delay_ms) refers to lcd 1.o(.text.delay_ms) for [Anonymous Symbol]
    lcd 1.o(.ARM.exidx.text.delay_us) refers to lcd 1.o(.text.delay_us) for [Anonymous Symbol]
    lcd 1.o(.ARM.exidx.text.LCD_command) refers to lcd 1.o(.text.LCD_command) for [Anonymous Symbol]
    lcd 1.o(.ARM.exidx.text.LCD_DATA) refers to lcd 1.o(.text.LCD_DATA) for [Anonymous Symbol]
    asin.o(i.__hardfp_asin) refers (Special) to iusefp.o(.text) for __I$use$fp
    asin.o(i.__hardfp_asin) refers to dunder.o(i.__mathlib_dbl_infnan) for __mathlib_dbl_infnan
    asin.o(i.__hardfp_asin) refers to dmul.o(.text) for __aeabi_dmul
    asin.o(i.__hardfp_asin) refers to dadd.o(.text) for __aeabi_dadd
    asin.o(i.__hardfp_asin) refers to errno.o(i.__set_errno) for __set_errno
    asin.o(i.__hardfp_asin) refers to dunder.o(i.__mathlib_dbl_invalid) for __mathlib_dbl_invalid
    asin.o(i.__hardfp_asin) refers to fpclassify.o(i.__ARM_fpclassify) for __ARM_fpclassify
    asin.o(i.__hardfp_asin) refers to dunder.o(i.__mathlib_dbl_underflow) for __mathlib_dbl_underflow
    asin.o(i.__hardfp_asin) refers to poly.o(i.__kernel_poly) for __kernel_poly
    asin.o(i.__hardfp_asin) refers to ddiv.o(.text) for __aeabi_ddiv
    asin.o(i.__hardfp_asin) refers to fabs.o(i.fabs) for fabs
    asin.o(i.__hardfp_asin) refers to sqrt.o(i.sqrt) for sqrt
    asin.o(i.__hardfp_asin) refers to asin.o(.constdata) for .constdata
    asin.o(i.__softfp_asin) refers (Special) to iusefp.o(.text) for __I$use$fp
    asin.o(i.__softfp_asin) refers to asin.o(i.__hardfp_asin) for __hardfp_asin
    asin.o(i.asin) refers (Special) to iusefp.o(.text) for __I$use$fp
    asin.o(i.asin) refers to asin.o(i.__hardfp_asin) for __hardfp_asin
    asin.o(.constdata) refers (Special) to iusefp.o(.text) for __I$use$fp
    cos.o(i.__hardfp_cos) refers (Special) to iusefp.o(.text) for __I$use$fp
    cos.o(i.__hardfp_cos) refers to errno.o(i.__set_errno) for __set_errno
    cos.o(i.__hardfp_cos) refers to dunder.o(i.__mathlib_dbl_invalid) for __mathlib_dbl_invalid
    cos.o(i.__hardfp_cos) refers to dunder.o(i.__mathlib_dbl_infnan) for __mathlib_dbl_infnan
    cos.o(i.__hardfp_cos) refers to rred.o(i.__ieee754_rem_pio2) for __ieee754_rem_pio2
    cos.o(i.__hardfp_cos) refers to sin_i.o(i.__kernel_sin) for __kernel_sin
    cos.o(i.__hardfp_cos) refers to cos_i.o(i.__kernel_cos) for __kernel_cos
    cos.o(i.__softfp_cos) refers (Special) to iusefp.o(.text) for __I$use$fp
    cos.o(i.__softfp_cos) refers to cos.o(i.__hardfp_cos) for __hardfp_cos
    cos.o(i.cos) refers (Special) to iusefp.o(.text) for __I$use$fp
    cos.o(i.cos) refers to cos.o(i.__hardfp_cos) for __hardfp_cos
    sin.o(i.__hardfp_sin) refers (Special) to iusefp.o(.text) for __I$use$fp
    sin.o(i.__hardfp_sin) refers to errno.o(i.__set_errno) for __set_errno
    sin.o(i.__hardfp_sin) refers to dunder.o(i.__mathlib_dbl_invalid) for __mathlib_dbl_invalid
    sin.o(i.__hardfp_sin) refers to dunder.o(i.__mathlib_dbl_infnan) for __mathlib_dbl_infnan
    sin.o(i.__hardfp_sin) refers to rred.o(i.__ieee754_rem_pio2) for __ieee754_rem_pio2
    sin.o(i.__hardfp_sin) refers to cos_i.o(i.__kernel_cos) for __kernel_cos
    sin.o(i.__hardfp_sin) refers to sin_i.o(i.__kernel_sin) for __kernel_sin
    sin.o(i.__softfp_sin) refers (Special) to iusefp.o(.text) for __I$use$fp
    sin.o(i.__softfp_sin) refers to sin.o(i.__hardfp_sin) for __hardfp_sin
    sin.o(i.sin) refers (Special) to iusefp.o(.text) for __I$use$fp
    sin.o(i.sin) refers to sin.o(i.__hardfp_sin) for __hardfp_sin
    sqrt.o(i.__hardfp_sqrt) refers (Special) to iusefp.o(.text) for __I$use$fp
    sqrt.o(i.__hardfp_sqrt) refers to dsqrt.o(.text) for _dsqrt
    sqrt.o(i.__hardfp_sqrt) refers to errno.o(i.__set_errno) for __set_errno
    sqrt.o(i.__softfp_sqrt) refers (Special) to iusefp.o(.text) for __I$use$fp
    sqrt.o(i.__softfp_sqrt) refers to dsqrt.o(.text) for _dsqrt
    sqrt.o(i.__softfp_sqrt) refers to errno.o(i.__set_errno) for __set_errno
    sqrt.o(i.sqrt) refers (Special) to iusefp.o(.text) for __I$use$fp
    sqrt.o(i.sqrt) refers to dsqrt.o(.text) for _dsqrt
    sqrt.o(i.sqrt) refers to errno.o(i.__set_errno) for __set_errno
    entry.o(.ARM.Collect$$$$00000000) refers (Special) to entry10a.o(.ARM.Collect$$$$0000000D) for __rt_final_cpp
    entry.o(.ARM.Collect$$$$00000000) refers (Special) to entry11a.o(.ARM.Collect$$$$0000000F) for __rt_final_exit
    entry.o(.ARM.Collect$$$$00000000) refers (Special) to entry7b.o(.ARM.Collect$$$$00000008) for _main_clock
    entry.o(.ARM.Collect$$$$00000000) refers (Special) to entry8b.o(.ARM.Collect$$$$0000000A) for _main_cpp_init
    entry.o(.ARM.Collect$$$$00000000) refers (Special) to entry9a.o(.ARM.Collect$$$$0000000B) for _main_init
    entry.o(.ARM.Collect$$$$00000000) refers (Special) to entry5.o(.ARM.Collect$$$$00000004) for _main_scatterload
    entry.o(.ARM.Collect$$$$00000000) refers (Special) to entry2.o(.ARM.Collect$$$$00000001) for _main_stk
    dadd.o(.text) refers (Special) to iusefp.o(.text) for __I$use$fp
    dadd.o(.text) refers to llshl.o(.text) for __aeabi_llsl
    dadd.o(.text) refers to llsshr.o(.text) for __aeabi_lasr
    dadd.o(.text) refers to depilogue.o(.text) for _double_epilogue
    dmul.o(.text) refers (Special) to iusefp.o(.text) for __I$use$fp
    dmul.o(.text) refers to depilogue.o(.text) for _double_epilogue
    ddiv.o(.text) refers (Special) to iusefp.o(.text) for __I$use$fp
    ddiv.o(.text) refers to depilogue.o(.text) for _double_round
    f2d.o(.text) refers (Special) to iusefp.o(.text) for __I$use$fp
    d2f.o(.text) refers (Special) to iusefp.o(.text) for __I$use$fp
    d2f.o(.text) refers to fepilogue.o(.text) for _float_round
    cos_i.o(i.__kernel_cos) refers (Special) to iusefp.o(.text) for __I$use$fp
    cos_i.o(i.__kernel_cos) refers to dfixi.o(.text) for __aeabi_d2iz
    cos_i.o(i.__kernel_cos) refers to dmul.o(.text) for __aeabi_dmul
    cos_i.o(i.__kernel_cos) refers to poly.o(i.__kernel_poly) for __kernel_poly
    cos_i.o(i.__kernel_cos) refers to dadd.o(.text) for __aeabi_dsub
    cos_i.o(i.__kernel_cos) refers to cos_i.o(.constdata) for .constdata
    cos_i.o(.constdata) refers (Special) to iusefp.o(.text) for __I$use$fp
    dunder.o(i.__mathlib_dbl_divzero) refers to ddiv.o(.text) for __aeabi_ddiv
    dunder.o(i.__mathlib_dbl_infnan) refers to dadd.o(.text) for __aeabi_dadd
    dunder.o(i.__mathlib_dbl_infnan2) refers to dadd.o(.text) for __aeabi_dadd
    dunder.o(i.__mathlib_dbl_invalid) refers to ddiv.o(.text) for __aeabi_ddiv
    dunder.o(i.__mathlib_dbl_overflow) refers to dmul.o(.text) for __aeabi_dmul
    dunder.o(i.__mathlib_dbl_posinfnan) refers to dmul.o(.text) for __aeabi_dmul
    dunder.o(i.__mathlib_dbl_underflow) refers to dmul.o(.text) for __aeabi_dmul
    fabs.o(i.__hardfp_fabs) refers (Special) to iusefp.o(.text) for __I$use$fp
    fabs.o(i.__softfp_fabs) refers (Special) to iusefp.o(.text) for __I$use$fp
    fabs.o(i.fabs) refers (Special) to iusefp.o(.text) for __I$use$fp
    fpclassify.o(i.__ARM_fpclassify) refers (Special) to iusefp.o(.text) for __I$use$fp
    poly.o(i.__kernel_poly) refers (Special) to iusefp.o(.text) for __I$use$fp
    poly.o(i.__kernel_poly) refers to dmul.o(.text) for __aeabi_dmul
    poly.o(i.__kernel_poly) refers to dadd.o(.text) for __aeabi_dadd
    rred.o(i.__ieee754_rem_pio2) refers (Special) to iusefp.o(.text) for __I$use$fp
    rred.o(i.__ieee754_rem_pio2) refers to dadd.o(.text) for __aeabi_dsub
    rred.o(i.__ieee754_rem_pio2) refers to fabs.o(i.fabs) for fabs
    rred.o(i.__ieee754_rem_pio2) refers to dmul.o(.text) for __aeabi_dmul
    rred.o(i.__ieee754_rem_pio2) refers to dfixi.o(.text) for __aeabi_d2iz
    rred.o(i.__ieee754_rem_pio2) refers to dflti.o(.text) for __aeabi_i2d
    rred.o(i.__ieee754_rem_pio2) refers to dfltui.o(.text) for __aeabi_ui2d
    rred.o(i.__ieee754_rem_pio2) refers to rred.o(.constdata) for .constdata
    rred.o(i.__use_accurate_range_reduction) refers (Special) to iusefp.o(.text) for __I$use$fp
    rred.o(.constdata) refers (Special) to iusefp.o(.text) for __I$use$fp
    sin_i.o(i.__kernel_sin) refers (Special) to iusefp.o(.text) for __I$use$fp
    sin_i.o(i.__kernel_sin) refers to fpclassify.o(i.__ARM_fpclassify) for __ARM_fpclassify
    sin_i.o(i.__kernel_sin) refers to dunder.o(i.__mathlib_dbl_underflow) for __mathlib_dbl_underflow
    sin_i.o(i.__kernel_sin) refers to dmul.o(.text) for __aeabi_dmul
    sin_i.o(i.__kernel_sin) refers to poly.o(i.__kernel_poly) for __kernel_poly
    sin_i.o(i.__kernel_sin) refers to dadd.o(.text) for __aeabi_dsub
    sin_i.o(i.__kernel_sin) refers to sin_i.o(.constdata) for .constdata
    sin_i.o(.constdata) refers (Special) to iusefp.o(.text) for __I$use$fp
    entry2.o(.ARM.Collect$$$$00000001) refers to entry2.o(.ARM.Collect$$$$00002712) for __lit__00000000
    entry2.o(.ARM.Collect$$$$00002712) refers to startup_tm4c123.o(STACK) for __initial_sp
    entry2.o(__vectab_stack_and_reset_area) refers to startup_tm4c123.o(STACK) for __initial_sp
    entry2.o(__vectab_stack_and_reset_area) refers to entry.o(.ARM.Collect$$$$00000000) for __main
    entry5.o(.ARM.Collect$$$$00000004) refers to init.o(.text) for __scatterload
    entry9a.o(.ARM.Collect$$$$0000000B) refers to main.o(.text.main) for main
    entry9b.o(.ARM.Collect$$$$0000000C) refers to main.o(.text.main) for main
    errno.o(i.__aeabi_errno_addr) refers to errno.o(.data) for .data
    errno.o(i.__read_errno) refers to errno.o(.data) for .data
    errno.o(i.__set_errno) refers to errno.o(.data) for .data
    fepilogue.o(.text) refers (Special) to iusefp.o(.text) for __I$use$fp
    depilogue.o(.text) refers (Special) to iusefp.o(.text) for __I$use$fp
    depilogue.o(.text) refers to llshl.o(.text) for __aeabi_llsl
    depilogue.o(.text) refers to llushr.o(.text) for __aeabi_llsr
    dneg.o(.text) refers (Special) to iusefp.o(.text) for __I$use$fp
    dsqrt.o(.text) refers (Special) to iusefp.o(.text) for __I$use$fp
    dsqrt.o(.text) refers to llushr.o(.text) for __aeabi_llsr
    dsqrt.o(.text) refers to depilogue.o(.text) for _double_round
    init.o(.text) refers to entry5.o(.ARM.Collect$$$$00000004) for __main_after_scatterload
    dflti.o(.text) refers (Special) to iusefp.o(.text) for __I$use$fp
    dflti.o(.text) refers to depilogue.o(.text) for _double_epilogue
    dfltui.o(.text) refers (Special) to iusefp.o(.text) for __I$use$fp
    dfltui.o(.text) refers to depilogue.o(.text) for _double_epilogue
    dfixi.o(.text) refers (Special) to iusefp.o(.text) for __I$use$fp
    dfixi.o(.text) refers to llushr.o(.text) for __aeabi_llsr


==============================================================================

Removing Unused input sections from the image.

    Removing main.o(.text), (0 bytes).
    Removing main.o(.ARM.exidx.text.Delayyy), (8 bytes).
    Removing main.o(.ARM.exidx.text.main), (8 bytes).
    Removing main.o(.ARM.use_no_argv), (4 bytes).
    Removing startup_tm4c123.o(HEAP), (0 bytes).
    Removing ledcolors.o(.text), (0 bytes).
    Removing ledcolors.o(.ARM.exidx.text.ledRed), (8 bytes).
    Removing ledcolors.o(.ARM.exidx.text.ledBlue), (8 bytes).
    Removing ledcolors.o(.ARM.exidx.text.ledGreen), (8 bytes).
    Removing distancemarkii.o(.text), (0 bytes).
    Removing distancemarkii.o(.ARM.exidx.text.distanceMarkII), (8 bytes).
    Removing porteinit.o(.text), (0 bytes).
    Removing porteinit.o(.ARM.exidx.text.PortE_Init), (8 bytes).
    Removing distancemarkiii.o(.text), (0 bytes).
    Removing distancemarkiii.o(.text.distanceMarkIII), (240 bytes).
    Removing distancemarkiii.o(.ARM.exidx.text.distanceMarkIII), (8 bytes).
    Removing fpu.o(.text), (16 bytes).
    Removing distance.o(.text), (0 bytes).
    Removing distance.o(.text.distanceNew), (232 bytes).
    Removing distance.o(.ARM.exidx.text.distanceNew), (8 bytes).
    Removing led.o(.text), (0 bytes).
    Removing led.o(.text.led), (24 bytes).
    Removing led.o(.ARM.exidx.text.led), (8 bytes).
    Removing portfinit.o(.text), (0 bytes).
    Removing portfinit.o(.ARM.exidx.text.initPortF), (8 bytes).
    Removing portsabinit.o(.text), (0 bytes).
    Removing portsabinit.o(.ARM.exidx.text.initPortAB), (8 bytes).
    Removing sevensegment.o(.text), (0 bytes).
    Removing sevensegment.o(.text.Delay2), (28 bytes).
    Removing sevensegment.o(.ARM.exidx.text.Delay2), (8 bytes).
    Removing sevensegment.o(.text.Display), (44 bytes).
    Removing sevensegment.o(.ARM.exidx.text.Display), (8 bytes).
    Removing sevensegment.o(.text.NumSplit), (80 bytes).
    Removing sevensegment.o(.ARM.exidx.text.NumSplit), (8 bytes).
    Removing sevensegment.o(.data.numbers), (40 bytes).
    Removing sevensegment.o(.bss.calc), (4 bytes).
    Removing sevensegment.o(.bss.digit1), (4 bytes).
    Removing sevensegment.o(.bss.digit2), (4 bytes).
    Removing sevensegment.o(.bss.digit3), (4 bytes).
    Removing lcd 1.o(.text), (0 bytes).
    Removing lcd 1.o(.ARM.exidx.text.delay_ms), (8 bytes).
    Removing lcd 1.o(.ARM.exidx.text.delay_us), (8 bytes).
    Removing lcd 1.o(.ARM.exidx.text.LCD_command), (8 bytes).
    Removing lcd 1.o(.ARM.exidx.text.LCD_DATA), (8 bytes).
    Removing ddiv.o(.text), (222 bytes).
    Removing dneg.o(.text), (6 bytes).
    Removing dflti.o(.text), (34 bytes).
    Removing dfltui.o(.text), (26 bytes).
    Removing dfixi.o(.text), (62 bytes).

49 unused section(s) (total 1226 bytes) removed from the image.

==============================================================================

Image Symbol Table

    Local Symbols

    Symbol Name                              Value     Ov Type        Size  Object(Section)

    ../clib/microlib/errno.c                 0x00000000   Number         0  errno.o ABSOLUTE
    ../clib/microlib/init/entry.s            0x00000000   Number         0  entry.o ABSOLUTE
    ../clib/microlib/init/entry.s            0x00000000   Number         0  entry2.o ABSOLUTE
    ../clib/microlib/init/entry.s            0x00000000   Number         0  entry5.o ABSOLUTE
    ../clib/microlib/init/entry.s            0x00000000   Number         0  entry7a.o ABSOLUTE
    ../clib/microlib/init/entry.s            0x00000000   Number         0  entry7b.o ABSOLUTE
    ../clib/microlib/init/entry.s            0x00000000   Number         0  entry8a.o ABSOLUTE
    ../clib/microlib/init/entry.s            0x00000000   Number         0  entry8b.o ABSOLUTE
    ../clib/microlib/init/entry.s            0x00000000   Number         0  entry9a.o ABSOLUTE
    ../clib/microlib/init/entry.s            0x00000000   Number         0  entry9b.o ABSOLUTE
    ../clib/microlib/init/entry.s            0x00000000   Number         0  entry10a.o ABSOLUTE
    ../clib/microlib/init/entry.s            0x00000000   Number         0  entry10b.o ABSOLUTE
    ../clib/microlib/init/entry.s            0x00000000   Number         0  entry11a.o ABSOLUTE
    ../clib/microlib/init/entry.s            0x00000000   Number         0  entry11b.o ABSOLUTE
    ../clib/microlib/longlong.c              0x00000000   Number         0  llshl.o ABSOLUTE
    ../clib/microlib/longlong.c              0x00000000   Number         0  llsshr.o ABSOLUTE
    ../clib/microlib/longlong.c              0x00000000   Number         0  llushr.o ABSOLUTE
    ../clib/microlib/stubs.s                 0x00000000   Number         0  iusefp.o ABSOLUTE
    ../fplib/microlib/d2f.c                  0x00000000   Number         0  d2f.o ABSOLUTE
    ../fplib/microlib/f2d.c                  0x00000000   Number         0  f2d.o ABSOLUTE
    ../fplib/microlib/fpadd.c                0x00000000   Number         0  dadd.o ABSOLUTE
    ../fplib/microlib/fpdiv.c                0x00000000   Number         0  ddiv.o ABSOLUTE
    ../fplib/microlib/fpepilogue.c           0x00000000   Number         0  fepilogue.o ABSOLUTE
    ../fplib/microlib/fpepilogue.c           0x00000000   Number         0  depilogue.o ABSOLUTE
    ../fplib/microlib/fpfix.c                0x00000000   Number         0  dfixi.o ABSOLUTE
    ../fplib/microlib/fpflt.c                0x00000000   Number         0  dflti.o ABSOLUTE
    ../fplib/microlib/fpflt.c                0x00000000   Number         0  dfltui.o ABSOLUTE
    ../fplib/microlib/fpmul.c                0x00000000   Number         0  dmul.o ABSOLUTE
    ../fplib/microlib/fpneg.c                0x00000000   Number         0  dneg.o ABSOLUTE
    ../fplib/microlib/fpsqrt.c               0x00000000   Number         0  dsqrt.o ABSOLUTE
    ../mathlib/asin.c                        0x00000000   Number         0  asin.o ABSOLUTE
    ../mathlib/cos.c                         0x00000000   Number         0  cos.o ABSOLUTE
    ../mathlib/cos_i.c                       0x00000000   Number         0  cos_i.o ABSOLUTE
    ../mathlib/dunder.c                      0x00000000   Number         0  dunder.o ABSOLUTE
    ../mathlib/fabs.c                        0x00000000   Number         0  fabs.o ABSOLUTE
    ../mathlib/fpclassify.c                  0x00000000   Number         0  fpclassify.o ABSOLUTE
    ../mathlib/poly.c                        0x00000000   Number         0  poly.o ABSOLUTE
    ../mathlib/rred.c                        0x00000000   Number         0  rred.o ABSOLUTE
    ../mathlib/sin.c                         0x00000000   Number         0  sin.o ABSOLUTE
    ../mathlib/sin_i.c                       0x00000000   Number         0  sin_i.o ABSOLUTE
    ../mathlib/sqrt.c                        0x00000000   Number         0  sqrt.o ABSOLUTE
    RTE/Device/TM4C123GH6PM/startup_TM4C123.s 0x00000000   Number         0  startup_tm4c123.o ABSOLUTE
    SevenSegment.c                           0x00000000   Number         0  sevensegment.o ABSOLUTE
    dc.s                                     0x00000000   Number         0  dc.o ABSOLUTE
    distance.c                               0x00000000   Number         0  distance.o ABSOLUTE
    distanceMarkII.c                         0x00000000   Number         0  distancemarkii.o ABSOLUTE
    distanceMarkIII.c                        0x00000000   Number         0  distancemarkiii.o ABSOLUTE
    handlers.s                               0x00000000   Number         0  handlers.o ABSOLUTE
    init.s                                   0x00000000   Number         0  init.o ABSOLUTE
    lcd 1.c                                  0x00000000   Number         0  lcd 1.o ABSOLUTE
    led.c                                    0x00000000   Number         0  led.o ABSOLUTE
    ledColors.c                              0x00000000   Number         0  ledcolors.o ABSOLUTE
    main.c                                   0x00000000   Number         0  main.o ABSOLUTE
    portEinit.c                              0x00000000   Number         0  porteinit.o ABSOLUTE
    portFinit.c                              0x00000000   Number         0  portfinit.o ABSOLUTE
    portsABinit.c                            0x00000000   Number         0  portsabinit.o ABSOLUTE
    RESET                                    0x00000000   Section      620  startup_tm4c123.o(RESET)
    .ARM.Collect$$$$00000000                 0x0000026c   Section        0  entry.o(.ARM.Collect$$$$00000000)
    .ARM.Collect$$$$00000001                 0x0000026c   Section        4  entry2.o(.ARM.Collect$$$$00000001)
    .ARM.Collect$$$$00000004                 0x00000270   Section        4  entry5.o(.ARM.Collect$$$$00000004)
    .ARM.Collect$$$$00000008                 0x00000274   Section        0  entry7b.o(.ARM.Collect$$$$00000008)
    .ARM.Collect$$$$0000000A                 0x00000274   Section        0  entry8b.o(.ARM.Collect$$$$0000000A)
    .ARM.Collect$$$$0000000B                 0x00000274   Section        8  entry9a.o(.ARM.Collect$$$$0000000B)
    __lit__00000000                          0x0000027c   Data           4  entry2.o(.ARM.Collect$$$$00002712)
    .ARM.Collect$$$$0000000D                 0x0000027c   Section        0  entry10a.o(.ARM.Collect$$$$0000000D)
    .ARM.Collect$$$$0000000F                 0x0000027c   Section        0  entry11a.o(.ARM.Collect$$$$0000000F)
    .ARM.Collect$$$$00002712                 0x0000027c   Section        4  entry2.o(.ARM.Collect$$$$00002712)
    $v0                                      0x00000280   Number         0  startup_tm4c123.o(.text)
    .text                                    0x00000280   Section      264  startup_tm4c123.o(.text)
    .text                                    0x00000388   Section        0  dadd.o(.text)
    .text                                    0x000004d6   Section        0  dmul.o(.text)
    .text                                    0x000005ba   Section        0  f2d.o(.text)
    .text                                    0x000005e0   Section        0  d2f.o(.text)
    .text                                    0x00000618   Section        0  llshl.o(.text)
    .text                                    0x00000636   Section        0  llsshr.o(.text)
    .text                                    0x0000065a   Section        0  iusefp.o(.text)
    .text                                    0x0000065a   Section        0  fepilogue.o(.text)
    .text                                    0x000006c8   Section        0  depilogue.o(.text)
    .text                                    0x00000782   Section        0  dsqrt.o(.text)
    .text                                    0x00000824   Section       36  init.o(.text)
    .text                                    0x00000848   Section        0  llushr.o(.text)
    [Anonymous Symbol]                       0x00000868   Section        0  main.o(.text.Delayyy)
    [Anonymous Symbol]                       0x00000888   Section        0  lcd 1.o(.text.LCD_DATA)
    [Anonymous Symbol]                       0x000008ac   Section        0  lcd 1.o(.text.LCD_command)
    [Anonymous Symbol]                       0x000008d0   Section        0  porteinit.o(.text.PortE_Init)
    [Anonymous Symbol]                       0x0000090c   Section        0  lcd 1.o(.text.delay_ms)
    [Anonymous Symbol]                       0x00000910   Section        0  lcd 1.o(.text.delay_us)
    [Anonymous Symbol]                       0x00000914   Section        0  distancemarkii.o(.text.distanceMarkII)
    [Anonymous Symbol]                       0x000009ec   Section        0  portsabinit.o(.text.initPortAB)
    [Anonymous Symbol]                       0x00000a70   Section        0  portfinit.o(.text.initPortF)
    [Anonymous Symbol]                       0x00000ac0   Section        0  ledcolors.o(.text.ledBlue)
    [Anonymous Symbol]                       0x00000adc   Section        0  ledcolors.o(.text.ledGreen)
    [Anonymous Symbol]                       0x00000af8   Section        0  ledcolors.o(.text.ledRed)
    [Anonymous Symbol]                       0x00000b18   Section        0  main.o(.text.main)
    i.__hardfp_sqrt                          0x00000c60   Section        0  sqrt.o(i.__hardfp_sqrt)
    i.__scatterload_copy                     0x00000cda   Section       14  handlers.o(i.__scatterload_copy)
    i.__scatterload_null                     0x00000ce8   Section        2  handlers.o(i.__scatterload_null)
    i.__scatterload_zeroinit                 0x00000cea   Section       14  handlers.o(i.__scatterload_zeroinit)
    i.__set_errno                            0x00000cf8   Section        0  errno.o(i.__set_errno)
    _errno                                   0x20000000   Data           4  errno.o(.data)
    .data                                    0x20000000   Section        4  errno.o(.data)
    STACK                                    0x20000020   Section      512  startup_tm4c123.o(STACK)

    Global Symbols

    Symbol Name                              Value     Ov Type        Size  Object(Section)

    BuildAttributes$$THM_ISAv4$E$P$D$K$B$S$7EM$VFPi3$EXTD16$VFPS$VFMA$PE$A:L22UL41UL21$X:L11$S22US41US21$IEEE1$IW$~IW$USESV6$~STKCKD$USESV7$~SHL$OTIME$ROPI$IEEEX$EBA8$MICROLIB$REQ8$EABIv2 0x00000000   Number         0  anon$$obj.o ABSOLUTE
    __Vectors                                0x00000000   Data           4  startup_tm4c123.o(RESET)
    __cpp_initialize__aeabi_                  - Undefined Weak Reference
    __cxa_finalize                            - Undefined Weak Reference
    __decompress                              - Undefined Weak Reference
    _clock_init                               - Undefined Weak Reference
    _microlib_exit                            - Undefined Weak Reference
    __Vectors_End                            0x0000026c   Data           0  startup_tm4c123.o(RESET)
    __Vectors_Size                           0x0000026c   Number         0  startup_tm4c123.o ABSOLUTE
    __main                                   0x0000026d   Thumb Code     0  entry.o(.ARM.Collect$$$$00000000)
    _main_stk                                0x0000026d   Thumb Code     0  entry2.o(.ARM.Collect$$$$00000001)
    _main_scatterload                        0x00000271   Thumb Code     0  entry5.o(.ARM.Collect$$$$00000004)
    __main_after_scatterload                 0x00000275   Thumb Code     0  entry5.o(.ARM.Collect$$$$00000004)
    _main_clock                              0x00000275   Thumb Code     0  entry7b.o(.ARM.Collect$$$$00000008)
    _main_cpp_init                           0x00000275   Thumb Code     0  entry8b.o(.ARM.Collect$$$$0000000A)
    _main_init                               0x00000275   Thumb Code     0  entry9a.o(.ARM.Collect$$$$0000000B)
    __rt_final_cpp                           0x0000027d   Thumb Code     0  entry10a.o(.ARM.Collect$$$$0000000D)
    __rt_final_exit                          0x0000027d   Thumb Code     0  entry11a.o(.ARM.Collect$$$$0000000F)
    Reset_Handler                            0x00000281   Thumb Code    22  startup_tm4c123.o(.text)
    NMI_Handler                              0x00000297   Thumb Code     2  startup_tm4c123.o(.text)
    HardFault_Handler                        0x00000299   Thumb Code     2  startup_tm4c123.o(.text)
    MemManage_Handler                        0x0000029b   Thumb Code     2  startup_tm4c123.o(.text)
    BusFault_Handler                         0x0000029d   Thumb Code     2  startup_tm4c123.o(.text)
    UsageFault_Handler                       0x0000029f   Thumb Code     2  startup_tm4c123.o(.text)
    SVC_Handler                              0x000002a1   Thumb Code     2  startup_tm4c123.o(.text)
    DebugMon_Handler                         0x000002a3   Thumb Code     2  startup_tm4c123.o(.text)
    PendSV_Handler                           0x000002a5   Thumb Code     2  startup_tm4c123.o(.text)
    SysTick_Handler                          0x000002a7   Thumb Code     2  startup_tm4c123.o(.text)
    GPIOA_Handler                            0x000002a9   Thumb Code     2  startup_tm4c123.o(.text)
    GPIOB_Handler                            0x000002ab   Thumb Code     2  startup_tm4c123.o(.text)
    GPIOC_Handler                            0x000002ad   Thumb Code     2  startup_tm4c123.o(.text)
    GPIOD_Handler                            0x000002af   Thumb Code     2  startup_tm4c123.o(.text)
    GPIOE_Handler                            0x000002b1   Thumb Code     2  startup_tm4c123.o(.text)
    UART0_Handler                            0x000002b3   Thumb Code     2  startup_tm4c123.o(.text)
    UART1_Handler                            0x000002b5   Thumb Code     2  startup_tm4c123.o(.text)
    SSI0_Handler                             0x000002b7   Thumb Code     2  startup_tm4c123.o(.text)
    I2C0_Handler                             0x000002b9   Thumb Code     2  startup_tm4c123.o(.text)
    PMW0_FAULT_Handler                       0x000002bb   Thumb Code     2  startup_tm4c123.o(.text)
    PWM0_0_Handler                           0x000002bd   Thumb Code     2  startup_tm4c123.o(.text)
    PWM0_1_Handler                           0x000002bf   Thumb Code     2  startup_tm4c123.o(.text)
    PWM0_2_Handler                           0x000002c1   Thumb Code     2  startup_tm4c123.o(.text)
    QEI0_Handler                             0x000002c3   Thumb Code     2  startup_tm4c123.o(.text)
    ADC0SS0_Handler                          0x000002c5   Thumb Code     2  startup_tm4c123.o(.text)
    ADC0SS1_Handler                          0x000002c7   Thumb Code     2  startup_tm4c123.o(.text)
    ADC0SS2_Handler                          0x000002c9   Thumb Code     2  startup_tm4c123.o(.text)
    ADC0SS3_Handler                          0x000002cb   Thumb Code     2  startup_tm4c123.o(.text)
    WDT0_Handler                             0x000002cd   Thumb Code     2  startup_tm4c123.o(.text)
    TIMER0A_Handler                          0x000002cf   Thumb Code     2  startup_tm4c123.o(.text)
    TIMER0B_Handler                          0x000002d1   Thumb Code     2  startup_tm4c123.o(.text)
    TIMER1A_Handler                          0x000002d3   Thumb Code     2  startup_tm4c123.o(.text)
    TIMER1B_Handler                          0x000002d5   Thumb Code     2  startup_tm4c123.o(.text)
    TIMER2A_Handler                          0x000002d7   Thumb Code     2  startup_tm4c123.o(.text)
    TIMER2B_Handler                          0x000002d9   Thumb Code     2  startup_tm4c123.o(.text)
    COMP0_Handler                            0x000002db   Thumb Code     2  startup_tm4c123.o(.text)
    COMP1_Handler                            0x000002dd   Thumb Code     2  startup_tm4c123.o(.text)
    COMP2_Handler                            0x000002df   Thumb Code     2  startup_tm4c123.o(.text)
    SYSCTL_Handler                           0x000002e1   Thumb Code     2  startup_tm4c123.o(.text)
    FLASH_Handler                            0x000002e3   Thumb Code     2  startup_tm4c123.o(.text)
    GPIOF_Handler                            0x000002e5   Thumb Code     2  startup_tm4c123.o(.text)
    GPIOG_Handler                            0x000002e7   Thumb Code     2  startup_tm4c123.o(.text)
    GPIOH_Handler                            0x000002e9   Thumb Code     2  startup_tm4c123.o(.text)
    UART2_Handler                            0x000002eb   Thumb Code     2  startup_tm4c123.o(.text)
    SSI1_Handler                             0x000002ed   Thumb Code     2  startup_tm4c123.o(.text)
    TIMER3A_Handler                          0x000002ef   Thumb Code     2  startup_tm4c123.o(.text)
    TIMER3B_Handler                          0x000002f1   Thumb Code     2  startup_tm4c123.o(.text)
    I2C1_Handler                             0x000002f3   Thumb Code     2  startup_tm4c123.o(.text)
    QEI1_Handler                             0x000002f5   Thumb Code     2  startup_tm4c123.o(.text)
    CAN0_Handler                             0x000002f7   Thumb Code     2  startup_tm4c123.o(.text)
    CAN1_Handler                             0x000002f9   Thumb Code     2  startup_tm4c123.o(.text)
    CAN2_Handler                             0x000002fb   Thumb Code     2  startup_tm4c123.o(.text)
    HIB_Handler                              0x000002fd   Thumb Code     2  startup_tm4c123.o(.text)
    USB0_Handler                             0x000002ff   Thumb Code     2  startup_tm4c123.o(.text)
    PWM0_3_Handler                           0x00000301   Thumb Code     2  startup_tm4c123.o(.text)
    UDMA_Handler                             0x00000303   Thumb Code     2  startup_tm4c123.o(.text)
    UDMAERR_Handler                          0x00000305   Thumb Code     2  startup_tm4c123.o(.text)
    ADC1SS0_Handler                          0x00000307   Thumb Code     2  startup_tm4c123.o(.text)
    ADC1SS1_Handler                          0x00000309   Thumb Code     2  startup_tm4c123.o(.text)
    ADC1SS2_Handler                          0x0000030b   Thumb Code     2  startup_tm4c123.o(.text)
    ADC1SS3_Handler                          0x0000030d   Thumb Code     2  startup_tm4c123.o(.text)
    GPIOJ_Handler                            0x0000030f   Thumb Code     2  startup_tm4c123.o(.text)
    GPIOK_Handler                            0x00000311   Thumb Code     2  startup_tm4c123.o(.text)
    GPIOL_Handler                            0x00000313   Thumb Code     2  startup_tm4c123.o(.text)
    SSI2_Handler                             0x00000315   Thumb Code     2  startup_tm4c123.o(.text)
    SSI3_Handler                             0x00000317   Thumb Code     2  startup_tm4c123.o(.text)
    UART3_Handler                            0x00000319   Thumb Code     2  startup_tm4c123.o(.text)
    UART4_Handler                            0x0000031b   Thumb Code     2  startup_tm4c123.o(.text)
    UART5_Handler                            0x0000031d   Thumb Code     2  startup_tm4c123.o(.text)
    UART6_Handler                            0x0000031f   Thumb Code     2  startup_tm4c123.o(.text)
    UART7_Handler                            0x00000321   Thumb Code     2  startup_tm4c123.o(.text)
    I2C2_Handler                             0x00000323   Thumb Code     2  startup_tm4c123.o(.text)
    I2C3_Handler                             0x00000325   Thumb Code     2  startup_tm4c123.o(.text)
    TIMER4A_Handler                          0x00000327   Thumb Code     2  startup_tm4c123.o(.text)
    TIMER4B_Handler                          0x00000329   Thumb Code     2  startup_tm4c123.o(.text)
    TIMER5A_Handler                          0x0000032b   Thumb Code     2  startup_tm4c123.o(.text)
    TIMER5B_Handler                          0x0000032d   Thumb Code     2  startup_tm4c123.o(.text)
    WTIMER0A_Handler                         0x0000032f   Thumb Code     2  startup_tm4c123.o(.text)
    WTIMER0B_Handler                         0x00000331   Thumb Code     2  startup_tm4c123.o(.text)
    WTIMER1A_Handler                         0x00000333   Thumb Code     2  startup_tm4c123.o(.text)
    WTIMER1B_Handler                         0x00000335   Thumb Code     2  startup_tm4c123.o(.text)
    WTIMER2A_Handler                         0x00000337   Thumb Code     2  startup_tm4c123.o(.text)
    WTIMER2B_Handler                         0x00000339   Thumb Code     2  startup_tm4c123.o(.text)
    WTIMER3A_Handler                         0x0000033b   Thumb Code     2  startup_tm4c123.o(.text)
    WTIMER3B_Handler                         0x0000033d   Thumb Code     2  startup_tm4c123.o(.text)
    WTIMER4A_Handler                         0x0000033f   Thumb Code     2  startup_tm4c123.o(.text)
    WTIMER4B_Handler                         0x00000341   Thumb Code     2  startup_tm4c123.o(.text)
    WTIMER5A_Handler                         0x00000343   Thumb Code     2  startup_tm4c123.o(.text)
    WTIMER5B_Handler                         0x00000345   Thumb Code     2  startup_tm4c123.o(.text)
    FPU_Handler                              0x00000347   Thumb Code     2  startup_tm4c123.o(.text)
    I2C4_Handler                             0x00000349   Thumb Code     2  startup_tm4c123.o(.text)
    I2C5_Handler                             0x0000034b   Thumb Code     2  startup_tm4c123.o(.text)
    GPIOM_Handler                            0x0000034d   Thumb Code     2  startup_tm4c123.o(.text)
    GPION_Handler                            0x0000034f   Thumb Code     2  startup_tm4c123.o(.text)
    QEI2_Handler                             0x00000351   Thumb Code     2  startup_tm4c123.o(.text)
    GPIOP0_Handler                           0x00000353   Thumb Code     2  startup_tm4c123.o(.text)
    GPIOP1_Handler                           0x00000355   Thumb Code     2  startup_tm4c123.o(.text)
    GPIOP2_Handler                           0x00000357   Thumb Code     2  startup_tm4c123.o(.text)
    GPIOP3_Handler                           0x00000359   Thumb Code     2  startup_tm4c123.o(.text)
    GPIOP4_Handler                           0x0000035b   Thumb Code     2  startup_tm4c123.o(.text)
    GPIOP5_Handler                           0x0000035d   Thumb Code     2  startup_tm4c123.o(.text)
    GPIOP6_Handler                           0x0000035f   Thumb Code     2  startup_tm4c123.o(.text)
    GPIOP7_Handler                           0x00000361   Thumb Code     2  startup_tm4c123.o(.text)
    GPIOQ0_Handler                           0x00000363   Thumb Code     2  startup_tm4c123.o(.text)
    GPIOQ1_Handler                           0x00000365   Thumb Code     2  startup_tm4c123.o(.text)
    GPIOQ2_Handler                           0x00000367   Thumb Code     2  startup_tm4c123.o(.text)
    GPIOQ3_Handler                           0x00000369   Thumb Code     2  startup_tm4c123.o(.text)
    GPIOQ4_Handler                           0x0000036b   Thumb Code     2  startup_tm4c123.o(.text)
    GPIOQ5_Handler                           0x0000036d   Thumb Code     2  startup_tm4c123.o(.text)
    GPIOQ6_Handler                           0x0000036f   Thumb Code     2  startup_tm4c123.o(.text)
    GPIOQ7_Handler                           0x00000371   Thumb Code     2  startup_tm4c123.o(.text)
    GPIOR_Handler                            0x00000373   Thumb Code     2  startup_tm4c123.o(.text)
    GPIOS_Handler                            0x00000375   Thumb Code     2  startup_tm4c123.o(.text)
    PMW1_0_Handler                           0x00000377   Thumb Code     2  startup_tm4c123.o(.text)
    PWM1_1_Handler                           0x00000379   Thumb Code     2  startup_tm4c123.o(.text)
    PWM1_2_Handler                           0x0000037b   Thumb Code     2  startup_tm4c123.o(.text)
    PWM1_3_Handler                           0x0000037d   Thumb Code     2  startup_tm4c123.o(.text)
    PWM1_FAULT_Handler                       0x0000037f   Thumb Code     2  startup_tm4c123.o(.text)
    __aeabi_dadd                             0x00000389   Thumb Code   322  dadd.o(.text)
    __aeabi_dsub                             0x000004cb   Thumb Code     6  dadd.o(.text)
    __aeabi_drsub                            0x000004d1   Thumb Code     6  dadd.o(.text)
    __aeabi_dmul                             0x000004d7   Thumb Code   228  dmul.o(.text)
    __aeabi_f2d                              0x000005bb   Thumb Code    38  f2d.o(.text)
    __aeabi_d2f                              0x000005e1   Thumb Code    56  d2f.o(.text)
    __aeabi_llsl                             0x00000619   Thumb Code    30  llshl.o(.text)
    _ll_shift_l                              0x00000619   Thumb Code     0  llshl.o(.text)
    __aeabi_lasr                             0x00000637   Thumb Code    36  llsshr.o(.text)
    _ll_sshift_r                             0x00000637   Thumb Code     0  llsshr.o(.text)
    __I$use$fp                               0x0000065b   Thumb Code     0  iusefp.o(.text)
    _float_round                             0x0000065b   Thumb Code    18  fepilogue.o(.text)
    _float_epilogue                          0x0000066d   Thumb Code    92  fepilogue.o(.text)
    _double_round                            0x000006c9   Thumb Code    30  depilogue.o(.text)
    _double_epilogue                         0x000006e7   Thumb Code   156  depilogue.o(.text)
    _dsqrt                                   0x00000783   Thumb Code   162  dsqrt.o(.text)
    __scatterload                            0x00000825   Thumb Code    28  init.o(.text)
    __scatterload_rt2                        0x00000825   Thumb Code     0  init.o(.text)
    __aeabi_llsr                             0x00000849   Thumb Code    32  llushr.o(.text)
    _ll_ushift_r                             0x00000849   Thumb Code     0  llushr.o(.text)
    Delayyy                                  0x00000869   Thumb Code    32  main.o(.text.Delayyy)
    LCD_DATA                                 0x00000889   Thumb Code    36  lcd 1.o(.text.LCD_DATA)
    LCD_command                              0x000008ad   Thumb Code    34  lcd 1.o(.text.LCD_command)
    PortE_Init                               0x000008d1   Thumb Code    60  porteinit.o(.text.PortE_Init)
    delay_ms                                 0x0000090d   Thumb Code     2  lcd 1.o(.text.delay_ms)
    delay_us                                 0x00000911   Thumb Code     2  lcd 1.o(.text.delay_us)
    distanceMarkII                           0x00000915   Thumb Code   214  distancemarkii.o(.text.distanceMarkII)
    initPortAB                               0x000009ed   Thumb Code   132  portsabinit.o(.text.initPortAB)
    initPortF                                0x00000a71   Thumb Code    78  portfinit.o(.text.initPortF)
    ledBlue                                  0x00000ac1   Thumb Code    26  ledcolors.o(.text.ledBlue)
    ledGreen                                 0x00000add   Thumb Code    26  ledcolors.o(.text.ledGreen)
    ledRed                                   0x00000af9   Thumb Code    26  ledcolors.o(.text.ledRed)
    main                                     0x00000b19   Thumb Code   328  main.o(.text.main)
    __hardfp_sqrt                            0x00000c61   Thumb Code   122  sqrt.o(i.__hardfp_sqrt)
    __scatterload_copy                       0x00000cdb   Thumb Code    14  handlers.o(i.__scatterload_copy)
    __scatterload_null                       0x00000ce9   Thumb Code     2  handlers.o(i.__scatterload_null)
    __scatterload_zeroinit                   0x00000ceb   Thumb Code    14  handlers.o(i.__scatterload_zeroinit)
    __set_errno                              0x00000cf9   Thumb Code     6  errno.o(i.__set_errno)
    Region$$Table$$Base                      0x00000d04   Number         0  anon$$obj.o(Region$$Table)
    Region$$Table$$Limit                     0x00000d24   Number         0  anon$$obj.o(Region$$Table)
    PX                                       0x20000008   Data           4  main.o(.bss.PX)
    PY                                       0x2000000c   Data           4  main.o(.bss.PY)
    dist                                     0x20000010   Data           4  main.o(.bss.dist)
    firstPoint                               0x20000014   Data           4  main.o(.bss.firstPoint)
    totalDist                                0x20000018   Data           4  main.o(.bss.totalDist)
    __initial_sp                             0x20000220   Data           0  startup_tm4c123.o(STACK)



==============================================================================

Memory Map of the image

  Image Entry point : 0x00000281

  Load Region LR_1 (Base: 0x00000000, Size: 0x00000d28, Max: 0xffffffff, ABSOLUTE)

    Execution Region ER_RO (Exec base: 0x00000000, Load base: 0x00000000, Size: 0x00000d24, Max: 0xffffffff, ABSOLUTE)

    Exec Addr    Load Addr    Size         Type   Attr      Idx    E Section Name        Object

    0x00000000   0x00000000   0x0000026c   Data   RO           21    RESET               startup_tm4c123.o
    0x0000026c   0x0000026c   0x00000000   Code   RO          165  * .ARM.Collect$$$$00000000  mc_w.l(entry.o)
    0x0000026c   0x0000026c   0x00000004   Code   RO          213    .ARM.Collect$$$$00000001  mc_w.l(entry2.o)
    0x00000270   0x00000270   0x00000004   Code   RO          216    .ARM.Collect$$$$00000004  mc_w.l(entry5.o)
    0x00000274   0x00000274   0x00000000   Code   RO          218    .ARM.Collect$$$$00000008  mc_w.l(entry7b.o)
    0x00000274   0x00000274   0x00000000   Code   RO          220    .ARM.Collect$$$$0000000A  mc_w.l(entry8b.o)
    0x00000274   0x00000274   0x00000008   Code   RO          221    .ARM.Collect$$$$0000000B  mc_w.l(entry9a.o)
    0x0000027c   0x0000027c   0x00000000   Code   RO          223    .ARM.Collect$$$$0000000D  mc_w.l(entry10a.o)
    0x0000027c   0x0000027c   0x00000000   Code   RO          225    .ARM.Collect$$$$0000000F  mc_w.l(entry11a.o)
    0x0000027c   0x0000027c   0x00000004   Code   RO          214    .ARM.Collect$$$$00002712  mc_w.l(entry2.o)
    0x00000280   0x00000280   0x00000108   Code   RO           22  * .text               startup_tm4c123.o
    0x00000388   0x00000388   0x0000014e   Code   RO          168    .text               mf_w.l(dadd.o)
    0x000004d6   0x000004d6   0x000000e4   Code   RO          170    .text               mf_w.l(dmul.o)
    0x000005ba   0x000005ba   0x00000026   Code   RO          174    .text               mf_w.l(f2d.o)
    0x000005e0   0x000005e0   0x00000038   Code   RO          176    .text               mf_w.l(d2f.o)
    0x00000618   0x00000618   0x0000001e   Code   RO          227    .text               mc_w.l(llshl.o)
    0x00000636   0x00000636   0x00000024   Code   RO          229    .text               mc_w.l(llsshr.o)
    0x0000065a   0x0000065a   0x00000000   Code   RO          238    .text               mc_w.l(iusefp.o)
    0x0000065a   0x0000065a   0x0000006e   Code   RO          239    .text               mf_w.l(fepilogue.o)
    0x000006c8   0x000006c8   0x000000ba   Code   RO          241    .text               mf_w.l(depilogue.o)
    0x00000782   0x00000782   0x000000a2   Code   RO          245    .text               mf_w.l(dsqrt.o)
    0x00000824   0x00000824   0x00000024   Code   RO          247    .text               mc_w.l(init.o)
    0x00000848   0x00000848   0x00000020   Code   RO          249    .text               mc_w.l(llushr.o)
    0x00000868   0x00000868   0x00000020   Code   RO            2    .text.Delayyy       main.o
    0x00000888   0x00000888   0x00000024   Code   RO          131    .text.LCD_DATA      lcd 1.o
    0x000008ac   0x000008ac   0x00000022   Code   RO          129    .text.LCD_command   lcd 1.o
    0x000008ce   0x000008ce   0x00000002   PAD
    0x000008d0   0x000008d0   0x0000003c   Code   RO           51    .text.PortE_Init    porteinit.o
    0x0000090c   0x0000090c   0x00000002   Code   RO          125    .text.delay_ms      lcd 1.o
    0x0000090e   0x0000090e   0x00000002   PAD
    0x00000910   0x00000910   0x00000002   Code   RO          127    .text.delay_us      lcd 1.o
    0x00000912   0x00000912   0x00000002   PAD
    0x00000914   0x00000914   0x000000d6   Code   RO           42    .text.distanceMarkII  distancemarkii.o
    0x000009ea   0x000009ea   0x00000002   PAD
    0x000009ec   0x000009ec   0x00000084   Code   RO           98    .text.initPortAB    portsabinit.o
    0x00000a70   0x00000a70   0x0000004e   Code   RO           90    .text.initPortF     portfinit.o
    0x00000abe   0x00000abe   0x00000002   PAD
    0x00000ac0   0x00000ac0   0x0000001a   Code   RO           31    .text.ledBlue       ledcolors.o
    0x00000ada   0x00000ada   0x00000002   PAD
    0x00000adc   0x00000adc   0x0000001a   Code   RO           33    .text.ledGreen      ledcolors.o
    0x00000af6   0x00000af6   0x00000002   PAD
    0x00000af8   0x00000af8   0x0000001a   Code   RO           29    .text.ledRed        ledcolors.o
    0x00000b12   0x00000b12   0x00000006   PAD
    0x00000b18   0x00000b18   0x00000148   Code   RO            4    .text.main          main.o
    0x00000c60   0x00000c60   0x0000007a   Code   RO          159    i.__hardfp_sqrt     m_wm.l(sqrt.o)
    0x00000cda   0x00000cda   0x0000000e   Code   RO          259    i.__scatterload_copy  mc_w.l(handlers.o)
    0x00000ce8   0x00000ce8   0x00000002   Code   RO          260    i.__scatterload_null  mc_w.l(handlers.o)
    0x00000cea   0x00000cea   0x0000000e   Code   RO          261    i.__scatterload_zeroinit  mc_w.l(handlers.o)
    0x00000cf8   0x00000cf8   0x0000000c   Code   RO          233    i.__set_errno       mc_w.l(errno.o)
    0x00000d04   0x00000d04   0x00000020   Data   RO          258    Region$$Table       anon$$obj.o


    Execution Region ER_RW (Exec base: 0x20000000, Load base: 0x00000d24, Size: 0x00000004, Max: 0xffffffff, ABSOLUTE)

    Exec Addr    Load Addr    Size         Type   Attr      Idx    E Section Name        Object

    0x20000000   0x00000d24   0x00000004   Data   RW          234    .data               mc_w.l(errno.o)


    Execution Region ER_ZI (Exec base: 0x20000008, Load base: 0x00000d28, Size: 0x00000218, Max: 0xffffffff, ABSOLUTE)

    Exec Addr    Load Addr    Size         Type   Attr      Idx    E Section Name        Object

    0x20000008        -       0x00000004   Zero   RW            6    .bss.PX             main.o
    0x2000000c        -       0x00000004   Zero   RW            7    .bss.PY             main.o
    0x20000010        -       0x00000004   Zero   RW           10    .bss.dist           main.o
    0x20000014        -       0x00000004   Zero   RW            8    .bss.firstPoint     main.o
    0x20000018        -       0x00000004   Zero   RW            9    .bss.totalDist      main.o
    0x2000001c   0x00000d28   0x00000004   PAD
    0x20000020        -       0x00000200   Zero   RW           19    STACK               startup_tm4c123.o


==============================================================================

Image component sizes


      Code (inc. data)   RO Data    RW Data    ZI Data      Debug   Object Name

       214          0          0          0          0        691   distancemarkii.o
        74          0          0          0          0        921   lcd 1.o
        78          0          0          0          0        595   ledcolors.o
       360         32          0          0         20        994   main.o
        60          0          0          0          0        460   porteinit.o
        78          0          0          0          0        467   portfinit.o
       132          0          0          0          0        491   portsabinit.o
       264          8        620          0        512       5504   startup_tm4c123.o

    ----------------------------------------------------------------------
      1280         40        652          0        536      10123   Object Totals
         0          0         32          0          0          0   (incl. Generated)
        20          0          0          0          4          0   (incl. Padding)

    ----------------------------------------------------------------------

      Code (inc. data)   RO Data    RW Data    ZI Data      Debug   Library Member Name

       122          0          0          0          0        148   sqrt.o
         0          0          0          0          0          0   entry.o
         0          0          0          0          0          0   entry10a.o
         0          0          0          0          0          0   entry11a.o
         8          4          0          0          0          0   entry2.o
         4          0          0          0          0          0   entry5.o
         0          0          0          0          0          0   entry7b.o
         0          0          0          0          0          0   entry8b.o
         8          4          0          0          0          0   entry9a.o
        12          6          0          4          0         68   errno.o
        30          0          0          0          0          0   handlers.o
        36          8          0          0          0         68   init.o
         0          0          0          0          0          0   iusefp.o
        30          0          0          0          0         68   llshl.o
        36          0          0          0          0         68   llsshr.o
        32          0          0          0          0         68   llushr.o
        56          0          0          0          0         88   d2f.o
       334          0          0          0          0        148   dadd.o
       186          0          0          0          0        176   depilogue.o
       228          0          0          0          0         96   dmul.o
       162          0          0          0          0        100   dsqrt.o
        38          0          0          0          0         68   f2d.o
       110          0          0          0          0        168   fepilogue.o

    ----------------------------------------------------------------------
      1432         22          0          4          0       1332   Library Totals
         0          0          0          0          0          0   (incl. Padding)

    ----------------------------------------------------------------------

      Code (inc. data)   RO Data    RW Data    ZI Data      Debug   Library Name

       122          0          0          0          0        148   m_wm.l
       196         22          0          4          0        340   mc_w.l
      1114          0          0          0          0        844   mf_w.l

    ----------------------------------------------------------------------
      1432         22          0          4          0       1332   Library Totals

    ----------------------------------------------------------------------

==============================================================================


      Code (inc. data)   RO Data    RW Data    ZI Data      Debug   

      2712         62        652          4        536      11095   Grand Totals
      2712         62        652          4        536      11095   ELF Image Totals
      2712         62        652          4          0          0   ROM Totals

==============================================================================

    Total RO  Size (Code + RO Data)                 3364 (   3.29kB)
    Total RW  Size (RW Data + ZI Data)               540 (   0.53kB)
    Total ROM Size (Code + RO Data + RW Data)       3368 (   3.29kB)

==============================================================================

