<html>
<body>
<pre>
<h1>µVision Build Log</h1>
<h2>Tool Versions:</h2>
IDE-Version: µVision V5.34.0.0
Copyright (C) 2021 ARM Ltd and ARM Germany GmbH. All rights reserved.
License Information: Sally Hesham, ASU, LIC=----
 
Tool Versions:
Toolchain:       MDK-Lite  Version: 5.34.0.0
Toolchain Path:  C:\Keil_v5\ARM\ARMCLANG\Bin
C Compiler:      ArmClang.exe V6.16
Assembler:       Armasm.exe V6.16
Linker/Locator:  ArmLink.exe V6.16
Library Manager: ArmAr.exe V6.16
Hex Converter:   FromElf.exe V6.16
CPU DLL:         SARMCM3.DLL V5.34.0.0
Dialog DLL:      DCM.DLL V1.17.3.0
Target DLL:      UL2CM3.DLL V1.163.9.0
Dialog DLL:      TCM.DLL V1.48.0.0
 
<h2>Project:</h2>
C:\Users\sally\OneDrive\Desktop\Coding\GitHub\The-Inferior-GoogleMaps\Project_Assembled_II\GPSProject\gps.Target_1.uvprojx
Project File Date:  06/08/2021

<h2>Output:</h2>
*** Using Compiler 'V6.16', folder: 'C:\Keil_v5\ARM\ARMCLANG\Bin'
Rebuild target 'Target_1'
assembling fpu.s...
compiling distanceMarkII.c...
compiling main.c...
compiling portEinit.c...
compiling portFinit.c...
SevenSegment.c(37): warning: no previous extern declaration for non-static variable 'numbers' [-Wmissing-variable-declarations]
int numbers[10] = {0x00,0x02,0x10,0x12,0x19,   // Each value turns on bits needed
    ^
SevenSegment.c(37): note: declare 'static' if the variable is not intended to be used outside of this translation unit
int numbers[10] = {0x00,0x02,0x10,0x12,0x19,   // Each value turns on bits needed
^
SevenSegment.c(42): warning: no previous extern declaration for non-static variable 'calc' [-Wmissing-variable-declarations]
unsigned long calc=0;          // Calculated value initialization
              ^
SevenSegment.c(42): note: declare 'static' if the variable is not intended to be used outside of this translation unit
unsigned long calc=0;          // Calculated value initialization
^
SevenSegment.c(57): warning: implicit conversion changes signedness: 'int' to 'unsigned long' [-Wsign-conversion]
GPIO_PORTE_DATA_R = digit; // Selects digit
                  ~ ^~~~~
SevenSegment.c(58): warning: implicit conversion changes signedness: 'int' to 'unsigned long' [-Wsign-conversion]
GPIO_PORTB_DATA_R = numbers[number]; // Turns on number in selected digit
                  ~ ^~~~~~~~~~~~~~~
SevenSegment.c(70): warning: implicit conversion changes signedness: 'int' to 'unsigned long' [-Wsign-conversion]
GPIO_PORTE_DATA_R = GPIO_PORTE_DATA_R | (hundreds << 2) ;
                                      ~  ~~~~~~~~~^~~~
SevenSegment.c(72): warning: implicit conversion changes signedness: 'int' to 'unsigned long' [-Wsign-conversion]
GPIO_PORTB_DATA_R = GPIO_PORTB_DATA_R | ((tens<<4)|units);
                                      ~  ~~~~~~~~~^~~~~~
6 warnings generated.
compiling SevenSegment.c...
compiling portsABinit.c...
led.c(12): warning: implicit conversion changes signedness: 'int' to 'unsigned long' [-Wsign-conversion]
                GPIO_PORTF_DATA_R  &= ~0x08;
                                   ~~ ^~~~~
1 warning generated.
compiling led.c...
distance.c(5): warning: no previous extern declaration for non-static variable 'R' [-Wmissing-variable-declarations]
int R = 6371 * 1000; //Radius of Earth in meter
    ^
distance.c(5): note: declare 'static' if the variable is not intended to be used outside of this translation unit
int R = 6371 * 1000; //Radius of Earth in meter
^
distance.c(6): warning: no previous extern declaration for non-static variable 'PI' [-Wmissing-variable-declarations]
double PI = 3.141592653589793;
       ^
distance.c(6): note: declare 'static' if the variable is not intended to be used outside of this translation unit
double PI = 3.141592653589793;
^
distance.c(28): warning: unused variable 'lon1' [-Wunused-variable]
                double lon1 = dist[0][1];
                       ^
distance.c(30): warning: unused variable 'lon2' [-Wunused-variable]
                double lon2 = dist[1][1];
                       ^
4 warnings generated.
compiling distance.c...
ledColors.c(10): warning: implicit conversion changes signedness: 'int' to 'unsigned long' [-Wsign-conversion]
        GPIO_PORTF_DATA_R &= ~0x0E; 
                          ~~ ^~~~~
ledColors.c(15): warning: implicit conversion changes signedness: 'int' to 'unsigned long' [-Wsign-conversion]
        GPIO_PORTF_DATA_R &= ~0x0E; 
                          ~~ ^~~~~
2 warnings generated.
compiling ledColors.c...
assembling startup_TM4C123.s...
lcd 1.c(98): warning: ISO C requires a translation unit to contain at least one declaration [-Wempty-translation-unit]
*/
  ^
1 warning generated.
compiling lcd 1.c...
compiling lcd.c...
linking...
Program Size: Code=6652 RO-data=1028 RW-data=20 ZI-data=560  
".\Objects\lab4_2.axf" - 0 Error(s), 14 Warning(s).

<h2>Software Packages used:</h2>

Package Vendor: Keil
                http://www.keil.com/pack/Keil.TM4C_DFP.1.1.0.pack
                Keil.TM4C_DFP.1.1.0
                Texas Instruments Tiva C Series Device Support and Examples

<h2>Collection of Component include folders:</h2>
  C:\Users\sally\AppData\Local\Arm\Packs\Keil\TM4C_DFP\1.1.0\Device\Include\TM4C123

<h2>Collection of Component Files used:</h2>
Build Time Elapsed:  00:00:02
</pre>
</body>
</html>
