<html>
<body>
<pre>
<h1>µVision Build Log</h1>
<h2>Tool Versions:</h2>
IDE-Version: µVision V5.34.0.0
Copyright (C) 2021 ARM Ltd and ARM Germany GmbH. All rights reserved.
License Information: Sally Hesham, ASU, LIC=----
 
Tool Versions:
Toolchain:       MDK-Lite  Version: 5.34.0.0
Toolchain Path:  C:\Keil_v5\ARM\ARMCLANG\Bin
C Compiler:      ArmClang.exe V6.16
Assembler:       Armasm.exe V6.16
Linker/Locator:  ArmLink.exe V6.16
Library Manager: ArmAr.exe V6.16
Hex Converter:   FromElf.exe V6.16
CPU DLL:         SARMCM3.DLL V5.34.0.0
Dialog DLL:      DCM.DLL V1.17.3.0
Target DLL:      UL2CM3.DLL V1.163.9.0
Dialog DLL:      TCM.DLL V1.48.0.0
 
<h2>Project:</h2>
C:\Users\sally\OneDrive\Desktop\Coding\Embedded TM4C123GH6PM\GPSProject\gps.uvprojx
Project File Date:  06/04/2021

<h2>Output:</h2>
*** Using Compiler 'V6.16', folder: 'C:\Keil_v5\ARM\ARMCLANG\Bin'
Rebuild target 'Target 1'
files/distance.c(19): warning: implicit conversion loses floating-point precision: 'double' to 'float' [-Wimplicit-float-conversion]
        the_distance = sqrt(pow(dist[1][0] - dist[0][0], 2) + pow(dist[1][1] - dist[0][1], 2));
                     ~ ^~~~~~~~~~~~~~~~~~~~~~~~~~~~~~~~~~~~~~~~~~~~~~~~~~~~~~~~~~~~~~~~~~~~~~~
files/distance.c(19): warning: implicit conversion increases floating-point precision: 'float' to 'double' [-Wdouble-promotion]
        the_distance = sqrt(pow(dist[1][0] - dist[0][0], 2) + pow(dist[1][1] - dist[0][1], 2));
                                                              ~~~ ~~~~~~~~~~~^~~~~~~~~~~~
files/distance.c(19): warning: implicit conversion increases floating-point precision: 'float' to 'double' [-Wdouble-promotion]
        the_distance = sqrt(pow(dist[1][0] - dist[0][0], 2) + pow(dist[1][1] - dist[0][1], 2));
                            ~~~ ~~~~~~~~~~~^~~~~~~~~~~~
files/distance.c(4): warning: no previous prototype for function 'distance' [-Wmissing-prototypes]
float distance(float x, float y)
      ^
files/distance.c(4): note: declare 'static' if the function is not intended to be used outside of this translation unit
float distance(float x, float y)
^
static 
4 warnings generated.
compiling distance.c...
compiling main.c...
files/led.c(4): warning: no previous prototype for function 'led' [-Wmissing-prototypes]
void led (int Dis)
     ^
files/led.c(4): note: declare 'static' if the function is not intended to be used outside of this translation unit
void led (int Dis)
^
static 
files/led.c(5): warning: function 'led' could be declared with attribute 'noreturn' [-Wmissing-noreturn]
 {
 ^
2 warnings generated.
compiling led.c...
files/portsABinit.c(3): warning: no previous prototype for function 'initPortAB' [-Wmissing-prototypes]
void initPortAB() {
     ^
files/portsABinit.c(3): note: declare 'static' if the function is not intended to be used outside of this translation unit
void initPortAB() {
^
static 
files/portsABinit.c(3): warning: this old-style function definition is not preceded by a prototype [-Wstrict-prototypes]
void initPortAB() {
               ^
2 warnings generated.
compiling portsABinit.c...
files/portFinit.c(3): warning: no previous prototype for function 'initPortF' [-Wmissing-prototypes]
void initPortF() {   
     ^
files/portFinit.c(3): note: declare 'static' if the function is not intended to be used outside of this translation unit
void initPortF() {   
^
static 
files/portFinit.c(3): warning: this old-style function definition is not preceded by a prototype [-Wstrict-prototypes]
void initPortF() {   
              ^
2 warnings generated.
compiling portFinit.c...
files/SevenSegment.c(35): warning: no previous extern declaration for non-static variable 'numbers' [-Wmissing-variable-declarations]
int numbers[10] = {0x00,0x02,0x10,0x12,0x19,      // Each value turns on bits needed
    ^
files/SevenSegment.c(35): note: declare 'static' if the variable is not intended to be used outside of this translation unit
int numbers[10] = {0x00,0x02,0x10,0x12,0x19,      // Each value turns on bits needed
^
files/SevenSegment.c(40): warning: no previous extern declaration for non-static variable 'calc' [-Wmissing-variable-declarations]
unsigned long calc=0;                                                                // Calculated value initialization
              ^
files/SevenSegment.c(40): note: declare 'static' if the variable is not intended to be used outside of this translation unit
unsigned long calc=0;                                                                // Calculated value initialization
^
files/SevenSegment.c(110): warning: implicit conversion changes signedness: 'int' to 'unsigned long' [-Wsign-conversion]
        GPIO_PORTE_DATA_R = digit;                                              // Selects digit
                          ~ ^~~~~
files/SevenSegment.c(111): warning: implicit conversion changes signedness: 'int' to 'unsigned long' [-Wsign-conversion]
        GPIO_PORTB_DATA_R = numbers[number];    // Turns on number in selected digit
                          ~ ^~~~~~~~~~~~~~~
files/SevenSegment.c(38): warning: no previous extern declaration for non-static variable 'digit1' [-Wmissing-variable-declarations]
int digit1, digit2, digit3;                             // Number to be displayed in each digit
    ^
files/SevenSegment.c(38): note: declare 'static' if the variable is not intended to be used outside of this translation unit
int digit1, digit2, digit3;                             // Number to be displayed in each digit
^
files/SevenSegment.c(38): warning: no previous extern declaration for non-static variable 'digit2' [-Wmissing-variable-declarations]
int digit1, digit2, digit3;                             // Number to be displayed in each digit
            ^
files/SevenSegment.c(38): note: declare 'static' if the variable is not intended to be used outside of this translation unit
int digit1, digit2, digit3;                             // Number to be displayed in each digit
^
files/SevenSegment.c(38): warning: no previous extern declaration for non-static variable 'digit3' [-Wmissing-variable-declarations]
int digit1, digit2, digit3;                             // Number to be displayed in each digit
                    ^
files/SevenSegment.c(38): note: declare 'static' if the variable is not intended to be used outside of this translation unit
int digit1, digit2, digit3;                             // Number to be displayed in each digit
^
7 warnings generated.
compiling SevenSegment.c...
assembling startup_TM4C123.s...
linking...
Program Size: Code=632 RO-data=636 RW-data=0 ZI-data=512  
".\Objects\lab4_2.axf" - 0 Error(s), 17 Warning(s).

<h2>Software Packages used:</h2>

Package Vendor: Keil
                http://www.keil.com/pack/Keil.TM4C_DFP.1.1.0.pack
                Keil.TM4C_DFP.1.1.0
                Texas Instruments Tiva C Series Device Support and Examples

<h2>Collection of Component include folders:</h2>
  C:\Users\sally\AppData\Local\Arm\Packs\Keil\TM4C_DFP\1.1.0\Device\Include\TM4C123

<h2>Collection of Component Files used:</h2>
Build Time Elapsed:  00:00:01
</pre>
</body>
</html>
