<html>
<body>
<pre>
<h1>µVision Build Log</h1>
<h2>Tool Versions:</h2>
IDE-Version: µVision V5.34.0.0
Copyright (C) 2021 ARM Ltd and ARM Germany GmbH. All rights reserved.
License Information: Sally Hesham, ASU, LIC=----
 
Tool Versions:
Toolchain:       MDK-Lite  Version: 5.34.0.0
Toolchain Path:  C:\Keil_v5\ARM\ARMCLANG\Bin
C Compiler:      ArmClang.exe V6.16
Assembler:       Armasm.exe V6.16
Linker/Locator:  ArmLink.exe V6.16
Library Manager: ArmAr.exe V6.16
Hex Converter:   FromElf.exe V6.16
CPU DLL:         SARMCM3.DLL V5.34.0.0
Dialog DLL:      DCM.DLL V1.17.3.0
Target DLL:      UL2CM3.DLL V1.163.9.0
Dialog DLL:      TCM.DLL V1.48.0.0
 
<h2>Project:</h2>
C:\Users\sally\OneDrive\Desktop\Coding\GitHub\The-Inferior-GoogleMaps\Project_Assembled\GPSProject\gps.uvprojx
Project File Date:  06/04/2021

<h2>Output:</h2>
*** Using Compiler 'V6.16', folder: 'C:\Keil_v5\ARM\ARMCLANG\Bin'
Rebuild target 'Target 1'
files/led.c(12): warning: implicit conversion changes signedness: 'int' to 'unsigned long' [-Wsign-conversion]
                GPIO_PORTF_DATA_R  &= ~0x08;
                                   ~~ ^~~~~
1 warning generated.
compiling led.c...
compiling portsABinit.c...
compiling main.c...
distanceMarkIII.c(19): warning: implicit conversion turns floating-point number into integer: 'double' to 'int' [-Wfloat-conversion]
        return totalDist;
        ~~~~~~ ^~~~~~~~~
1 warning generated.
compiling distanceMarkIII.c...
compiling distanceMarkII.c...
compiling portFinit.c...
ledColors.c(10): warning: implicit conversion changes signedness: 'int' to 'unsigned long' [-Wsign-conversion]
        GPIO_PORTF_DATA_R &= ~0x0E; 
                          ~~ ^~~~~
ledColors.c(15): warning: implicit conversion changes signedness: 'int' to 'unsigned long' [-Wsign-conversion]
        GPIO_PORTF_DATA_R &= ~0x0E; 
                          ~~ ^~~~~
2 warnings generated.
compiling ledColors.c...
files/distance.c(6): warning: declaration shadows a variable in the global scope [-Wshadow]
        float dist[2][2];
              ^
C:\Users\sally\OneDrive\Desktop\Coding\GitHub\The-Inferior-GoogleMaps\Project_Assembled\GPSProject\head.h(19): note: previous declaration is here
extern double dist;
              ^
files/distance.c(21): warning: implicit conversion increases floating-point precision: 'float' to 'double' [-Wdouble-promotion]
        the_distance = sqrt(pow((double)dist[1][0] - dist[0][0], 2)+ pow((double)dist[1][1] - dist[0][1], 2));
                                                                                            ~ ^~~~~~~~~~
files/distance.c(21): warning: implicit conversion increases floating-point precision: 'float' to 'double' [-Wdouble-promotion]
        the_distance = sqrt(pow((double)dist[1][0] - dist[0][0], 2)+ pow((double)dist[1][1] - dist[0][1], 2));
                                                   ~ ^~~~~~~~~~
3 warnings generated.
compiling distance.c...
compiling portEinit.c...
files/SevenSegment.c(36): warning: no previous extern declaration for non-static variable 'numbers' [-Wmissing-variable-declarations]
int numbers[10] = {0x00,0x02,0x10,0x12,0x19,      // Each value turns on bits needed
    ^
files/SevenSegment.c(36): note: declare 'static' if the variable is not intended to be used outside of this translation unit
int numbers[10] = {0x00,0x02,0x10,0x12,0x19,      // Each value turns on bits needed
^
files/SevenSegment.c(41): warning: no previous extern declaration for non-static variable 'calc' [-Wmissing-variable-declarations]
unsigned long calc=0;                                                                // Calculated value initialization
              ^
files/SevenSegment.c(41): note: declare 'static' if the variable is not intended to be used outside of this translation unit
unsigned long calc=0;                                                                // Calculated value initialization
^
files/SevenSegment.c(113): warning: implicit conversion changes signedness: 'int' to 'unsigned long' [-Wsign-conversion]
        GPIO_PORTE_DATA_R = digit;                                              // Selects digit
                          ~ ^~~~~
files/SevenSegment.c(114): warning: implicit conversion changes signedness: 'int' to 'unsigned long' [-Wsign-conversion]
        GPIO_PORTB_DATA_R = numbers[number];    // Turns on number in selected digit
                          ~ ^~~~~~~~~~~~~~~
4 warnings generated.
compiling SevenSegment.c...
assembling startup_TM4C123.s...
assembling fpu.s...
linking...
Program Size: Code=2420 RO-data=652 RW-data=44 ZI-data=568  
".\Objects\lab4_2.axf" - 0 Error(s), 11 Warning(s).

<h2>Software Packages used:</h2>

Package Vendor: Keil
                http://www.keil.com/pack/Keil.TM4C_DFP.1.1.0.pack
                Keil.TM4C_DFP.1.1.0
                Texas Instruments Tiva C Series Device Support and Examples

<h2>Collection of Component include folders:</h2>
  C:\Users\sally\AppData\Local\Arm\Packs\Keil\TM4C_DFP\1.1.0\Device\Include\TM4C123

<h2>Collection of Component Files used:</h2>
Build Time Elapsed:  00:00:02
</pre>
</body>
</html>
