Component: ARM Compiler 5.06 update 7 (build 960) Tool: armlink [4d3601]

==============================================================================

Section Cross References

    startup_tm4c123.o(RESET) refers to startup_tm4c123.o(STACK) for __initial_sp
    startup_tm4c123.o(RESET) refers to startup_tm4c123.o(.text) for Reset_Handler
    startup_tm4c123.o(.text) refers to entry.o(.ARM.Collect$$$$00000000) for __main
    main.o(.text) refers to portfinit.o(.text) for initPortF
    main.o(.text) refers to portsabinit.o(.text) for initPortAB
    main.o(.text) refers to lcd 1.o(.text) for delay_ms
    main.o(.text) refers to ledcolors.o(.text) for ledRed
    main.o(.text) refers to dflti.o(.text) for __aeabi_i2d
    main.o(.text) refers to dadd.o(.text) for __aeabi_dadd
    main.o(.text) refers to distance.o(.text) for distanceNew
    main.o(.text) refers to dfixi.o(.text) for __aeabi_d2iz
    distance.o(.text) refers to dmul.o(.text) for __aeabi_dmul
    distance.o(.text) refers to ddiv.o(.text) for __aeabi_ddiv
    distance.o(.text) refers to dadd.o(.text) for __aeabi_dsub
    distance.o(.text) refers to sin.o(i.sin) for sin
    distance.o(.text) refers to cos.o(i.cos) for cos
    distance.o(.text) refers to sqrt.o(i.sqrt) for sqrt
    distance.o(.text) refers to asin.o(i.asin) for asin
    distance.o(.text) refers to dflti.o(.text) for __aeabi_i2d
    distance.o(.text) refers to distance.o(.data) for PI
    distance.o(.text) refers to main.o(.bss) for dist
    distance.o(.text) refers to main.o(.data) for first_point
    asin.o(i.__softfp_asin) refers (Special) to iusefp.o(.text) for __I$use$fp
    asin.o(i.__softfp_asin) refers to asin.o(i.asin) for asin
    asin.o(i.asin) refers (Special) to iusefp.o(.text) for __I$use$fp
    asin.o(i.asin) refers to dunder.o(i.__mathlib_dbl_infnan) for __mathlib_dbl_infnan
    asin.o(i.asin) refers to dmul.o(.text) for __aeabi_dmul
    asin.o(i.asin) refers to dadd.o(.text) for __aeabi_dadd
    asin.o(i.asin) refers to errno.o(i.__set_errno) for __set_errno
    asin.o(i.asin) refers to dunder.o(i.__mathlib_dbl_invalid) for __mathlib_dbl_invalid
    asin.o(i.asin) refers to fpclassify.o(i.__ARM_fpclassify) for __ARM_fpclassify
    asin.o(i.asin) refers to dunder.o(i.__mathlib_dbl_underflow) for __mathlib_dbl_underflow
    asin.o(i.asin) refers to poly.o(i.__kernel_poly) for __kernel_poly
    asin.o(i.asin) refers to ddiv.o(.text) for __aeabi_ddiv
    asin.o(i.asin) refers to dscalb.o(.text) for __ARM_scalbn
    asin.o(i.asin) refers to sqrt.o(i.sqrt) for sqrt
    asin.o(i.asin) refers to asin.o(.constdata) for .constdata
    asin.o(.constdata) refers (Special) to iusefp.o(.text) for __I$use$fp
    asin_x.o(i.____softfp_asin$lsc) refers (Special) to iusefp.o(.text) for __I$use$fp
    asin_x.o(i.____softfp_asin$lsc) refers to asin_x.o(i.__asin$lsc) for __asin$lsc
    asin_x.o(i.__asin$lsc) refers (Special) to iusefp.o(.text) for __I$use$fp
    asin_x.o(i.__asin$lsc) refers to dunder.o(i.__mathlib_dbl_infnan) for __mathlib_dbl_infnan
    asin_x.o(i.__asin$lsc) refers to dmul.o(.text) for __aeabi_dmul
    asin_x.o(i.__asin$lsc) refers to dadd.o(.text) for __aeabi_dadd
    asin_x.o(i.__asin$lsc) refers to errno.o(i.__set_errno) for __set_errno
    asin_x.o(i.__asin$lsc) refers to poly.o(i.__kernel_poly) for __kernel_poly
    asin_x.o(i.__asin$lsc) refers to ddiv.o(.text) for __aeabi_ddiv
    asin_x.o(i.__asin$lsc) refers to dscalb.o(.text) for __ARM_scalbn
    asin_x.o(i.__asin$lsc) refers to sqrt.o(i.sqrt) for sqrt
    asin_x.o(i.__asin$lsc) refers to asin_x.o(.constdata) for .constdata
    asin_x.o(.constdata) refers (Special) to iusefp.o(.text) for __I$use$fp
    cos.o(i.__softfp_cos) refers (Special) to iusefp.o(.text) for __I$use$fp
    cos.o(i.__softfp_cos) refers to cos.o(i.cos) for cos
    cos.o(i.cos) refers (Special) to iusefp.o(.text) for __I$use$fp
    cos.o(i.cos) refers to errno.o(i.__set_errno) for __set_errno
    cos.o(i.cos) refers to dunder.o(i.__mathlib_dbl_invalid) for __mathlib_dbl_invalid
    cos.o(i.cos) refers to dunder.o(i.__mathlib_dbl_infnan) for __mathlib_dbl_infnan
    cos.o(i.cos) refers to rred.o(i.__ieee754_rem_pio2) for __ieee754_rem_pio2
    cos.o(i.cos) refers to sin_i.o(i.__kernel_sin) for __kernel_sin
    cos.o(i.cos) refers to cos_i.o(i.__kernel_cos) for __kernel_cos
    cos_x.o(i.____softfp_cos$lsc) refers (Special) to iusefp.o(.text) for __I$use$fp
    cos_x.o(i.____softfp_cos$lsc) refers to cos_x.o(i.__cos$lsc) for __cos$lsc
    cos_x.o(i.__cos$lsc) refers (Special) to iusefp.o(.text) for __I$use$fp
    cos_x.o(i.__cos$lsc) refers to errno.o(i.__set_errno) for __set_errno
    cos_x.o(i.__cos$lsc) refers to dunder.o(i.__mathlib_dbl_infnan) for __mathlib_dbl_infnan
    cos_x.o(i.__cos$lsc) refers to rred.o(i.__ieee754_rem_pio2) for __ieee754_rem_pio2
    cos_x.o(i.__cos$lsc) refers to sin_i.o(i.__kernel_sin) for __kernel_sin
    cos_x.o(i.__cos$lsc) refers to cos_i.o(i.__kernel_cos) for __kernel_cos
    sin.o(i.__softfp_sin) refers (Special) to iusefp.o(.text) for __I$use$fp
    sin.o(i.__softfp_sin) refers to sin.o(i.sin) for sin
    sin.o(i.sin) refers (Special) to iusefp.o(.text) for __I$use$fp
    sin.o(i.sin) refers to errno.o(i.__set_errno) for __set_errno
    sin.o(i.sin) refers to dunder.o(i.__mathlib_dbl_invalid) for __mathlib_dbl_invalid
    sin.o(i.sin) refers to dunder.o(i.__mathlib_dbl_infnan) for __mathlib_dbl_infnan
    sin.o(i.sin) refers to rred.o(i.__ieee754_rem_pio2) for __ieee754_rem_pio2
    sin.o(i.sin) refers to cos_i.o(i.__kernel_cos) for __kernel_cos
    sin.o(i.sin) refers to sin_i.o(i.__kernel_sin) for __kernel_sin
    sin_x.o(i.____softfp_sin$lsc) refers (Special) to iusefp.o(.text) for __I$use$fp
    sin_x.o(i.____softfp_sin$lsc) refers to sin_x.o(i.__sin$lsc) for __sin$lsc
    sin_x.o(i.__sin$lsc) refers (Special) to iusefp.o(.text) for __I$use$fp
    sin_x.o(i.__sin$lsc) refers to errno.o(i.__set_errno) for __set_errno
    sin_x.o(i.__sin$lsc) refers to dunder.o(i.__mathlib_dbl_infnan) for __mathlib_dbl_infnan
    sin_x.o(i.__sin$lsc) refers to rred.o(i.__ieee754_rem_pio2) for __ieee754_rem_pio2
    sin_x.o(i.__sin$lsc) refers to cos_i.o(i.__kernel_cos) for __kernel_cos
    sin_x.o(i.__sin$lsc) refers to sin_i.o(i.__kernel_sin) for __kernel_sin
    sqrt.o(i.__softfp_sqrt) refers (Special) to iusefp.o(.text) for __I$use$fp
    sqrt.o(i.__softfp_sqrt) refers to dsqrt.o(.text) for _dsqrt
    sqrt.o(i.__softfp_sqrt) refers to errno.o(i.__set_errno) for __set_errno
    sqrt.o(i.sqrt) refers (Special) to iusefp.o(.text) for __I$use$fp
    sqrt.o(i.sqrt) refers to dsqrt.o(.text) for _dsqrt
    sqrt.o(i.sqrt) refers to errno.o(i.__set_errno) for __set_errno
    sqrt_x.o(i.____softfp_sqrt$lsc) refers (Special) to iusefp.o(.text) for __I$use$fp
    sqrt_x.o(i.____softfp_sqrt$lsc) refers to cdcmple.o(.text) for __aeabi_cdcmple
    sqrt_x.o(i.____softfp_sqrt$lsc) refers to errno.o(i.__set_errno) for __set_errno
    sqrt_x.o(i.____softfp_sqrt$lsc) refers to dsqrt.o(.text) for _dsqrt
    sqrt_x.o(i.__sqrt$lsc) refers (Special) to iusefp.o(.text) for __I$use$fp
    sqrt_x.o(i.__sqrt$lsc) refers to cdcmple.o(.text) for __aeabi_cdcmple
    sqrt_x.o(i.__sqrt$lsc) refers to errno.o(i.__set_errno) for __set_errno
    sqrt_x.o(i.__sqrt$lsc) refers to dsqrt.o(.text) for _dsqrt
    entry.o(.ARM.Collect$$$$00000000) refers (Special) to entry10a.o(.ARM.Collect$$$$0000000F) for __rt_final_cpp
    entry.o(.ARM.Collect$$$$00000000) refers (Special) to entry11a.o(.ARM.Collect$$$$00000011) for __rt_final_exit
    entry.o(.ARM.Collect$$$$00000000) refers (Special) to entry12b.o(.ARM.Collect$$$$0000000E) for __rt_lib_shutdown_fini
    entry.o(.ARM.Collect$$$$00000000) refers (Special) to entry7b.o(.ARM.Collect$$$$00000008) for _main_clock
    entry.o(.ARM.Collect$$$$00000000) refers (Special) to entry8b.o(.ARM.Collect$$$$0000000A) for _main_cpp_init
    entry.o(.ARM.Collect$$$$00000000) refers (Special) to entry9a.o(.ARM.Collect$$$$0000000B) for _main_init
    entry.o(.ARM.Collect$$$$00000000) refers (Special) to entry5.o(.ARM.Collect$$$$00000004) for _main_scatterload
    entry.o(.ARM.Collect$$$$00000000) refers (Special) to entry2.o(.ARM.Collect$$$$00000001) for _main_stk
    dadd.o(.text) refers (Special) to iusefp.o(.text) for __I$use$fp
    dadd.o(.text) refers to llshl.o(.text) for __aeabi_llsl
    dadd.o(.text) refers to llsshr.o(.text) for __aeabi_lasr
    dadd.o(.text) refers to depilogue.o(.text) for _double_epilogue
    dmul.o(.text) refers (Special) to iusefp.o(.text) for __I$use$fp
    dmul.o(.text) refers to depilogue.o(.text) for _double_epilogue
    ddiv.o(.text) refers (Special) to iusefp.o(.text) for __I$use$fp
    ddiv.o(.text) refers to depilogue.o(.text) for _double_round
    dflti.o(.text) refers (Special) to iusefp.o(.text) for __I$use$fp
    dflti.o(.text) refers to depilogue.o(.text) for _double_epilogue
    dfixi.o(.text) refers (Special) to iusefp.o(.text) for __I$use$fp
    dfixi.o(.text) refers to llushr.o(.text) for __aeabi_llsr
    cos_i.o(i.__kernel_cos) refers (Special) to iusefp.o(.text) for __I$use$fp
    cos_i.o(i.__kernel_cos) refers to dfixi.o(.text) for __aeabi_d2iz
    cos_i.o(i.__kernel_cos) refers to dmul.o(.text) for __aeabi_dmul
    cos_i.o(i.__kernel_cos) refers to poly.o(i.__kernel_poly) for __kernel_poly
    cos_i.o(i.__kernel_cos) refers to dadd.o(.text) for __aeabi_dsub
    cos_i.o(i.__kernel_cos) refers to dscalb.o(.text) for __ARM_scalbn
    cos_i.o(i.__kernel_cos) refers to cos_i.o(.constdata) for .constdata
    cos_i.o(.constdata) refers (Special) to iusefp.o(.text) for __I$use$fp
    dunder.o(i.__mathlib_dbl_divzero) refers to ddiv.o(.text) for __aeabi_ddiv
    dunder.o(i.__mathlib_dbl_infnan) refers to dscalb.o(.text) for __ARM_scalbn
    dunder.o(i.__mathlib_dbl_infnan2) refers to dadd.o(.text) for __aeabi_dadd
    dunder.o(i.__mathlib_dbl_invalid) refers to ddiv.o(.text) for __aeabi_ddiv
    dunder.o(i.__mathlib_dbl_overflow) refers to dscalb.o(.text) for __ARM_scalbn
    dunder.o(i.__mathlib_dbl_posinfnan) refers to dmul.o(.text) for __aeabi_dmul
    dunder.o(i.__mathlib_dbl_underflow) refers to dscalb.o(.text) for __ARM_scalbn
    fpclassify.o(i.__ARM_fpclassify) refers (Special) to iusefp.o(.text) for __I$use$fp
    poly.o(i.__kernel_poly) refers (Special) to iusefp.o(.text) for __I$use$fp
    poly.o(i.__kernel_poly) refers to dmul.o(.text) for __aeabi_dmul
    poly.o(i.__kernel_poly) refers to dadd.o(.text) for __aeabi_dadd
    rred.o(i.__ieee754_rem_pio2) refers (Special) to iusefp.o(.text) for __I$use$fp
    rred.o(i.__ieee754_rem_pio2) refers to dadd.o(.text) for __aeabi_dsub
    rred.o(i.__ieee754_rem_pio2) refers to dmul.o(.text) for __aeabi_dmul
    rred.o(i.__ieee754_rem_pio2) refers to dfixi.o(.text) for __aeabi_d2iz
    rred.o(i.__ieee754_rem_pio2) refers to dflti.o(.text) for __aeabi_i2d
    rred.o(i.__ieee754_rem_pio2) refers to dfltui.o(.text) for __aeabi_ui2d
    rred.o(i.__ieee754_rem_pio2) refers to dscalb.o(.text) for __ARM_scalbn
    rred.o(i.__ieee754_rem_pio2) refers to rred.o(.constdata) for .constdata
    rred.o(i.__use_accurate_range_reduction) refers (Special) to iusefp.o(.text) for __I$use$fp
    rred.o(.constdata) refers (Special) to iusefp.o(.text) for __I$use$fp
    sin_i.o(i.__kernel_sin) refers (Special) to iusefp.o(.text) for __I$use$fp
    sin_i.o(i.__kernel_sin) refers to fpclassify.o(i.__ARM_fpclassify) for __ARM_fpclassify
    sin_i.o(i.__kernel_sin) refers to dunder.o(i.__mathlib_dbl_underflow) for __mathlib_dbl_underflow
    sin_i.o(i.__kernel_sin) refers to dmul.o(.text) for __aeabi_dmul
    sin_i.o(i.__kernel_sin) refers to poly.o(i.__kernel_poly) for __kernel_poly
    sin_i.o(i.__kernel_sin) refers to dscalb.o(.text) for __ARM_scalbn
    sin_i.o(i.__kernel_sin) refers to dadd.o(.text) for __aeabi_dsub
    sin_i.o(i.__kernel_sin) refers to sin_i.o(.constdata) for .constdata
    sin_i.o(.constdata) refers (Special) to iusefp.o(.text) for __I$use$fp
    sin_i_x.o(i.____kernel_sin$lsc) refers (Special) to iusefp.o(.text) for __I$use$fp
    sin_i_x.o(i.____kernel_sin$lsc) refers to dmul.o(.text) for __aeabi_dmul
    sin_i_x.o(i.____kernel_sin$lsc) refers to poly.o(i.__kernel_poly) for __kernel_poly
    sin_i_x.o(i.____kernel_sin$lsc) refers to dscalb.o(.text) for __ARM_scalbn
    sin_i_x.o(i.____kernel_sin$lsc) refers to dadd.o(.text) for __aeabi_dsub
    sin_i_x.o(i.____kernel_sin$lsc) refers to sin_i_x.o(.constdata) for .constdata
    sin_i_x.o(.constdata) refers (Special) to iusefp.o(.text) for __I$use$fp
    entry2.o(.ARM.Collect$$$$00000001) refers to entry2.o(.ARM.Collect$$$$00002712) for __lit__00000000
    entry2.o(.ARM.Collect$$$$00002712) refers to startup_tm4c123.o(STACK) for __initial_sp
    entry2.o(__vectab_stack_and_reset_area) refers to startup_tm4c123.o(STACK) for __initial_sp
    entry2.o(__vectab_stack_and_reset_area) refers to entry.o(.ARM.Collect$$$$00000000) for __main
    entry5.o(.ARM.Collect$$$$00000004) refers to init.o(.text) for __scatterload
    entry9a.o(.ARM.Collect$$$$0000000B) refers to main.o(.text) for main
    entry9b.o(.ARM.Collect$$$$0000000C) refers to main.o(.text) for main
    errno.o(i.__aeabi_errno_addr) refers to errno.o(.data) for .data
    errno.o(i.__read_errno) refers to errno.o(.data) for .data
    errno.o(i.__set_errno) refers to errno.o(.data) for .data
    depilogue.o(.text) refers to llshl.o(.text) for __aeabi_llsl
    depilogue.o(.text) refers to llushr.o(.text) for __aeabi_llsr
    dsqrt.o(.text) refers to llushr.o(.text) for __aeabi_llsr
    dsqrt.o(.text) refers to depilogue.o(.text) for _double_round
    init.o(.text) refers to entry5.o(.ARM.Collect$$$$00000004) for __main_after_scatterload
    dfltui.o(.text) refers to depilogue.o(.text) for _double_epilogue


==============================================================================

Removing Unused input sections from the image.

    Removing startup_tm4c123.o(HEAP), (0 bytes).
    Removing porteinit.o(.text), (84 bytes).
    Removing led.o(.text), (44 bytes).
    Removing cdcmple.o(.text), (48 bytes).

4 unused section(s) (total 176 bytes) removed from the image.

==============================================================================

Image Symbol Table

    Local Symbols

    Symbol Name                              Value     Ov Type        Size  Object(Section)

    RESET                                    0x00000000   Section      620  startup_tm4c123.o(RESET)
    ../clib/microlib/errno.c                 0x00000000   Number         0  errno.o ABSOLUTE
    ../clib/microlib/init/entry.s            0x00000000   Number         0  entry8b.o ABSOLUTE
    ../clib/microlib/init/entry.s            0x00000000   Number         0  entry11b.o ABSOLUTE
    ../clib/microlib/init/entry.s            0x00000000   Number         0  entry7a.o ABSOLUTE
    ../clib/microlib/init/entry.s            0x00000000   Number         0  entry12a.o ABSOLUTE
    ../clib/microlib/init/entry.s            0x00000000   Number         0  entry9a.o ABSOLUTE
    ../clib/microlib/init/entry.s            0x00000000   Number         0  entry12b.o ABSOLUTE
    ../clib/microlib/init/entry.s            0x00000000   Number         0  entry9b.o ABSOLUTE
    ../clib/microlib/init/entry.s            0x00000000   Number         0  entry10a.o ABSOLUTE
    ../clib/microlib/init/entry.s            0x00000000   Number         0  entry.o ABSOLUTE
    ../clib/microlib/init/entry.s            0x00000000   Number         0  entry10b.o ABSOLUTE
    ../clib/microlib/init/entry.s            0x00000000   Number         0  entry11a.o ABSOLUTE
    ../clib/microlib/init/entry.s            0x00000000   Number         0  entry8a.o ABSOLUTE
    ../clib/microlib/init/entry.s            0x00000000   Number         0  entry7b.o ABSOLUTE
    ../clib/microlib/init/entry.s            0x00000000   Number         0  entry5.o ABSOLUTE
    ../clib/microlib/init/entry.s            0x00000000   Number         0  entry2.o ABSOLUTE
    ../clib/microlib/longlong.c              0x00000000   Number         0  llshl.o ABSOLUTE
    ../clib/microlib/longlong.c              0x00000000   Number         0  llushr.o ABSOLUTE
    ../clib/microlib/longlong.c              0x00000000   Number         0  llsshr.o ABSOLUTE
    ../clib/microlib/stubs.s                 0x00000000   Number         0  iusefp.o ABSOLUTE
    ../fplib/microlib/fpadd.c                0x00000000   Number         0  dadd.o ABSOLUTE
    ../fplib/microlib/fpdiv.c                0x00000000   Number         0  ddiv.o ABSOLUTE
    ../fplib/microlib/fpepilogue.c           0x00000000   Number         0  depilogue.o ABSOLUTE
    ../fplib/microlib/fpfix.c                0x00000000   Number         0  dfixi.o ABSOLUTE
    ../fplib/microlib/fpflt.c                0x00000000   Number         0  dflti.o ABSOLUTE
    ../fplib/microlib/fpflt.c                0x00000000   Number         0  dfltui.o ABSOLUTE
    ../fplib/microlib/fpmul.c                0x00000000   Number         0  dmul.o ABSOLUTE
    ../fplib/microlib/fpscalb.c              0x00000000   Number         0  dscalb.o ABSOLUTE
    ../fplib/microlib/fpsqrt.c               0x00000000   Number         0  dsqrt.o ABSOLUTE
    ../mathlib/asin.c                        0x00000000   Number         0  asin_x.o ABSOLUTE
    ../mathlib/asin.c                        0x00000000   Number         0  asin.o ABSOLUTE
    ../mathlib/cos.c                         0x00000000   Number         0  cos.o ABSOLUTE
    ../mathlib/cos.c                         0x00000000   Number         0  cos_x.o ABSOLUTE
    ../mathlib/cos_i.c                       0x00000000   Number         0  cos_i.o ABSOLUTE
    ../mathlib/dunder.c                      0x00000000   Number         0  dunder.o ABSOLUTE
    ../mathlib/fpclassify.c                  0x00000000   Number         0  fpclassify.o ABSOLUTE
    ../mathlib/poly.c                        0x00000000   Number         0  poly.o ABSOLUTE
    ../mathlib/rred.c                        0x00000000   Number         0  rred.o ABSOLUTE
    ../mathlib/sin.c                         0x00000000   Number         0  sin_x.o ABSOLUTE
    ../mathlib/sin.c                         0x00000000   Number         0  sin.o ABSOLUTE
    ../mathlib/sin_i.c                       0x00000000   Number         0  sin_i.o ABSOLUTE
    ../mathlib/sin_i.c                       0x00000000   Number         0  sin_i_x.o ABSOLUTE
    ../mathlib/sqrt.c                        0x00000000   Number         0  sqrt.o ABSOLUTE
    ../mathlib/sqrt.c                        0x00000000   Number         0  sqrt_x.o ABSOLUTE
    cdcmple.s                                0x00000000   Number         0  cdcmple.o ABSOLUTE
    dc.s                                     0x00000000   Number         0  dc.o ABSOLUTE
    distance.c                               0x00000000   Number         0  distance.o ABSOLUTE
    handlers.s                               0x00000000   Number         0  handlers.o ABSOLUTE
    init.s                                   0x00000000   Number         0  init.o ABSOLUTE
    lcd 1.c                                  0x00000000   Number         0  lcd 1.o ABSOLUTE
    led.c                                    0x00000000   Number         0  led.o ABSOLUTE
    ledColors.c                              0x00000000   Number         0  ledcolors.o ABSOLUTE
    main.c                                   0x00000000   Number         0  main.o ABSOLUTE
    portEinit.c                              0x00000000   Number         0  porteinit.o ABSOLUTE
    portFinit.c                              0x00000000   Number         0  portfinit.o ABSOLUTE
    portsABinit.c                            0x00000000   Number         0  portsabinit.o ABSOLUTE
    startup_TM4C123.s                        0x00000000   Number         0  startup_tm4c123.o ABSOLUTE
    .ARM.Collect$$$$00000000                 0x0000026c   Section        0  entry.o(.ARM.Collect$$$$00000000)
    .ARM.Collect$$$$00000001                 0x0000026c   Section        4  entry2.o(.ARM.Collect$$$$00000001)
    .ARM.Collect$$$$00000004                 0x00000270   Section        4  entry5.o(.ARM.Collect$$$$00000004)
    .ARM.Collect$$$$00000008                 0x00000274   Section        0  entry7b.o(.ARM.Collect$$$$00000008)
    .ARM.Collect$$$$0000000A                 0x00000274   Section        0  entry8b.o(.ARM.Collect$$$$0000000A)
    .ARM.Collect$$$$0000000B                 0x00000274   Section        8  entry9a.o(.ARM.Collect$$$$0000000B)
    .ARM.Collect$$$$0000000E                 0x0000027c   Section        4  entry12b.o(.ARM.Collect$$$$0000000E)
    .ARM.Collect$$$$0000000F                 0x00000280   Section        0  entry10a.o(.ARM.Collect$$$$0000000F)
    .ARM.Collect$$$$00000011                 0x00000280   Section        0  entry11a.o(.ARM.Collect$$$$00000011)
    .ARM.Collect$$$$00002712                 0x00000280   Section        4  entry2.o(.ARM.Collect$$$$00002712)
    __lit__00000000                          0x00000280   Data           4  entry2.o(.ARM.Collect$$$$00002712)
    .text                                    0x00000284   Section      264  startup_tm4c123.o(.text)
    .text                                    0x0000038c   Section        0  lcd 1.o(.text)
    .text                                    0x00000444   Section        0  main.o(.text)
    .text                                    0x0000054c   Section        0  portfinit.o(.text)
    .text                                    0x000005b0   Section        0  portsabinit.o(.text)
    .text                                    0x00000680   Section        0  ledcolors.o(.text)
    .text                                    0x000006e4   Section        0  distance.o(.text)
    .text                                    0x000008ec   Section        0  dadd.o(.text)
    .text                                    0x00000a3a   Section        0  dmul.o(.text)
    .text                                    0x00000b1e   Section        0  ddiv.o(.text)
    .text                                    0x00000bfc   Section        0  dflti.o(.text)
    .text                                    0x00000c1e   Section        0  dfixi.o(.text)
    .text                                    0x00000c5c   Section        0  llshl.o(.text)
    .text                                    0x00000c7a   Section        0  llushr.o(.text)
    .text                                    0x00000c9a   Section        0  llsshr.o(.text)
    .text                                    0x00000cbe   Section        0  depilogue.o(.text)
    .text                                    0x00000cbe   Section        0  iusefp.o(.text)
    .text                                    0x00000d78   Section        0  dscalb.o(.text)
    .text                                    0x00000da6   Section        0  dsqrt.o(.text)
    .text                                    0x00000e48   Section       36  init.o(.text)
    .text                                    0x00000e6c   Section        0  dfltui.o(.text)
    i.__ARM_fpclassify                       0x00000e86   Section        0  fpclassify.o(i.__ARM_fpclassify)
    i.__ieee754_rem_pio2                     0x00000eb0   Section        0  rred.o(i.__ieee754_rem_pio2)
    i.__kernel_cos                           0x00001238   Section        0  cos_i.o(i.__kernel_cos)
    i.__kernel_poly                          0x00001334   Section        0  poly.o(i.__kernel_poly)
    i.__kernel_sin                           0x000013e0   Section        0  sin_i.o(i.__kernel_sin)
    i.__mathlib_dbl_infnan                   0x000014cc   Section        0  dunder.o(i.__mathlib_dbl_infnan)
    i.__mathlib_dbl_invalid                  0x000014d2   Section        0  dunder.o(i.__mathlib_dbl_invalid)
    i.__mathlib_dbl_underflow                0x000014e0   Section        0  dunder.o(i.__mathlib_dbl_underflow)
    i.__scatterload_copy                     0x000014f0   Section       14  handlers.o(i.__scatterload_copy)
    i.__scatterload_null                     0x000014fe   Section        2  handlers.o(i.__scatterload_null)
    i.__scatterload_zeroinit                 0x00001500   Section       14  handlers.o(i.__scatterload_zeroinit)
    i.__set_errno                            0x00001510   Section        0  errno.o(i.__set_errno)
    i.asin                                   0x0000151c   Section        0  asin.o(i.asin)
    i.cos                                    0x0000178c   Section        0  cos.o(i.cos)
    i.sin                                    0x00001828   Section        0  sin.o(i.sin)
    i.sqrt                                   0x000018c8   Section        0  sqrt.o(i.sqrt)
    .constdata                               0x00001918   Section       80  asin.o(.constdata)
    pS                                       0x00001918   Data          48  asin.o(.constdata)
    qS                                       0x00001948   Data          32  asin.o(.constdata)
    .constdata                               0x00001968   Section       48  cos_i.o(.constdata)
    C                                        0x00001968   Data          48  cos_i.o(.constdata)
    .constdata                               0x00001998   Section      200  rred.o(.constdata)
    pio2s                                    0x00001998   Data          48  rred.o(.constdata)
    twooverpi                                0x000019c8   Data         152  rred.o(.constdata)
    .constdata                               0x00001a60   Section       40  sin_i.o(.constdata)
    S                                        0x00001a60   Data          40  sin_i.o(.constdata)
    .data                                    0x20000000   Section       16  main.o(.data)
    .data                                    0x20000010   Section       16  distance.o(.data)
    .data                                    0x20000020   Section        4  errno.o(.data)
    _errno                                   0x20000020   Data           4  errno.o(.data)
    .bss                                     0x20000028   Section       32  main.o(.bss)
    STACK                                    0x20000048   Section      512  startup_tm4c123.o(STACK)

    Global Symbols

    Symbol Name                              Value     Ov Type        Size  Object(Section)

    BuildAttributes$$THM_ISAv4$E$P$D$K$B$S$7EM$PE$A:L22UL41UL21$X:L11$S22US41US21$IEEE1$IW$USESV6$~STKCKD$USESV7$~SHL$OTIME$ROPI$IEEEX$EBA8$MICROLIB$REQ8$PRES8$EABIv2 0x00000000   Number         0  anon$$obj.o ABSOLUTE
    __ARM_use_no_argv                        0x00000000   Number         0  main.o ABSOLUTE
    __Vectors                                0x00000000   Data           4  startup_tm4c123.o(RESET)
    __arm_fini_                               - Undefined Weak Reference
    __cpp_initialize__aeabi_                  - Undefined Weak Reference
    __cxa_finalize                            - Undefined Weak Reference
    __decompress                              - Undefined Weak Reference
    _clock_init                               - Undefined Weak Reference
    _microlib_exit                            - Undefined Weak Reference
    __Vectors_End                            0x0000026c   Data           0  startup_tm4c123.o(RESET)
    __Vectors_Size                           0x0000026c   Number         0  startup_tm4c123.o ABSOLUTE
    __main                                   0x0000026d   Thumb Code     0  entry.o(.ARM.Collect$$$$00000000)
    _main_stk                                0x0000026d   Thumb Code     0  entry2.o(.ARM.Collect$$$$00000001)
    _main_scatterload                        0x00000271   Thumb Code     0  entry5.o(.ARM.Collect$$$$00000004)
    __main_after_scatterload                 0x00000275   Thumb Code     0  entry5.o(.ARM.Collect$$$$00000004)
    _main_clock                              0x00000275   Thumb Code     0  entry7b.o(.ARM.Collect$$$$00000008)
    _main_cpp_init                           0x00000275   Thumb Code     0  entry8b.o(.ARM.Collect$$$$0000000A)
    _main_init                               0x00000275   Thumb Code     0  entry9a.o(.ARM.Collect$$$$0000000B)
    __rt_lib_shutdown_fini                   0x0000027d   Thumb Code     0  entry12b.o(.ARM.Collect$$$$0000000E)
    __rt_final_cpp                           0x00000281   Thumb Code     0  entry10a.o(.ARM.Collect$$$$0000000F)
    __rt_final_exit                          0x00000281   Thumb Code     0  entry11a.o(.ARM.Collect$$$$00000011)
    Reset_Handler                            0x00000285   Thumb Code    22  startup_tm4c123.o(.text)
    NMI_Handler                              0x0000029b   Thumb Code     2  startup_tm4c123.o(.text)
    HardFault_Handler                        0x0000029d   Thumb Code     2  startup_tm4c123.o(.text)
    MemManage_Handler                        0x0000029f   Thumb Code     2  startup_tm4c123.o(.text)
    BusFault_Handler                         0x000002a1   Thumb Code     2  startup_tm4c123.o(.text)
    UsageFault_Handler                       0x000002a3   Thumb Code     2  startup_tm4c123.o(.text)
    SVC_Handler                              0x000002a5   Thumb Code     2  startup_tm4c123.o(.text)
    DebugMon_Handler                         0x000002a7   Thumb Code     2  startup_tm4c123.o(.text)
    PendSV_Handler                           0x000002a9   Thumb Code     2  startup_tm4c123.o(.text)
    SysTick_Handler                          0x000002ab   Thumb Code     2  startup_tm4c123.o(.text)
    GPIOA_Handler                            0x000002ad   Thumb Code     2  startup_tm4c123.o(.text)
    GPIOB_Handler                            0x000002af   Thumb Code     2  startup_tm4c123.o(.text)
    GPIOC_Handler                            0x000002b1   Thumb Code     2  startup_tm4c123.o(.text)
    GPIOD_Handler                            0x000002b3   Thumb Code     2  startup_tm4c123.o(.text)
    GPIOE_Handler                            0x000002b5   Thumb Code     2  startup_tm4c123.o(.text)
    UART0_Handler                            0x000002b7   Thumb Code     2  startup_tm4c123.o(.text)
    UART1_Handler                            0x000002b9   Thumb Code     2  startup_tm4c123.o(.text)
    SSI0_Handler                             0x000002bb   Thumb Code     2  startup_tm4c123.o(.text)
    I2C0_Handler                             0x000002bd   Thumb Code     2  startup_tm4c123.o(.text)
    PMW0_FAULT_Handler                       0x000002bf   Thumb Code     2  startup_tm4c123.o(.text)
    PWM0_0_Handler                           0x000002c1   Thumb Code     2  startup_tm4c123.o(.text)
    PWM0_1_Handler                           0x000002c3   Thumb Code     2  startup_tm4c123.o(.text)
    PWM0_2_Handler                           0x000002c5   Thumb Code     2  startup_tm4c123.o(.text)
    QEI0_Handler                             0x000002c7   Thumb Code     2  startup_tm4c123.o(.text)
    ADC0SS0_Handler                          0x000002c9   Thumb Code     2  startup_tm4c123.o(.text)
    ADC0SS1_Handler                          0x000002cb   Thumb Code     2  startup_tm4c123.o(.text)
    ADC0SS2_Handler                          0x000002cd   Thumb Code     2  startup_tm4c123.o(.text)
    ADC0SS3_Handler                          0x000002cf   Thumb Code     2  startup_tm4c123.o(.text)
    WDT0_Handler                             0x000002d1   Thumb Code     2  startup_tm4c123.o(.text)
    TIMER0A_Handler                          0x000002d3   Thumb Code     2  startup_tm4c123.o(.text)
    TIMER0B_Handler                          0x000002d5   Thumb Code     2  startup_tm4c123.o(.text)
    TIMER1A_Handler                          0x000002d7   Thumb Code     2  startup_tm4c123.o(.text)
    TIMER1B_Handler                          0x000002d9   Thumb Code     2  startup_tm4c123.o(.text)
    TIMER2A_Handler                          0x000002db   Thumb Code     2  startup_tm4c123.o(.text)
    TIMER2B_Handler                          0x000002dd   Thumb Code     2  startup_tm4c123.o(.text)
    COMP0_Handler                            0x000002df   Thumb Code     2  startup_tm4c123.o(.text)
    COMP1_Handler                            0x000002e1   Thumb Code     2  startup_tm4c123.o(.text)
    COMP2_Handler                            0x000002e3   Thumb Code     2  startup_tm4c123.o(.text)
    SYSCTL_Handler                           0x000002e5   Thumb Code     2  startup_tm4c123.o(.text)
    FLASH_Handler                            0x000002e7   Thumb Code     2  startup_tm4c123.o(.text)
    GPIOF_Handler                            0x000002e9   Thumb Code     2  startup_tm4c123.o(.text)
    GPIOG_Handler                            0x000002eb   Thumb Code     2  startup_tm4c123.o(.text)
    GPIOH_Handler                            0x000002ed   Thumb Code     2  startup_tm4c123.o(.text)
    UART2_Handler                            0x000002ef   Thumb Code     2  startup_tm4c123.o(.text)
    SSI1_Handler                             0x000002f1   Thumb Code     2  startup_tm4c123.o(.text)
    TIMER3A_Handler                          0x000002f3   Thumb Code     2  startup_tm4c123.o(.text)
    TIMER3B_Handler                          0x000002f5   Thumb Code     2  startup_tm4c123.o(.text)
    I2C1_Handler                             0x000002f7   Thumb Code     2  startup_tm4c123.o(.text)
    QEI1_Handler                             0x000002f9   Thumb Code     2  startup_tm4c123.o(.text)
    CAN0_Handler                             0x000002fb   Thumb Code     2  startup_tm4c123.o(.text)
    CAN1_Handler                             0x000002fd   Thumb Code     2  startup_tm4c123.o(.text)
    CAN2_Handler                             0x000002ff   Thumb Code     2  startup_tm4c123.o(.text)
    HIB_Handler                              0x00000301   Thumb Code     2  startup_tm4c123.o(.text)
    USB0_Handler                             0x00000303   Thumb Code     2  startup_tm4c123.o(.text)
    PWM0_3_Handler                           0x00000305   Thumb Code     2  startup_tm4c123.o(.text)
    UDMA_Handler                             0x00000307   Thumb Code     2  startup_tm4c123.o(.text)
    UDMAERR_Handler                          0x00000309   Thumb Code     2  startup_tm4c123.o(.text)
    ADC1SS0_Handler                          0x0000030b   Thumb Code     2  startup_tm4c123.o(.text)
    ADC1SS1_Handler                          0x0000030d   Thumb Code     2  startup_tm4c123.o(.text)
    ADC1SS2_Handler                          0x0000030f   Thumb Code     2  startup_tm4c123.o(.text)
    ADC1SS3_Handler                          0x00000311   Thumb Code     2  startup_tm4c123.o(.text)
    GPIOJ_Handler                            0x00000313   Thumb Code     2  startup_tm4c123.o(.text)
    GPIOK_Handler                            0x00000315   Thumb Code     2  startup_tm4c123.o(.text)
    GPIOL_Handler                            0x00000317   Thumb Code     2  startup_tm4c123.o(.text)
    SSI2_Handler                             0x00000319   Thumb Code     2  startup_tm4c123.o(.text)
    SSI3_Handler                             0x0000031b   Thumb Code     2  startup_tm4c123.o(.text)
    UART3_Handler                            0x0000031d   Thumb Code     2  startup_tm4c123.o(.text)
    UART4_Handler                            0x0000031f   Thumb Code     2  startup_tm4c123.o(.text)
    UART5_Handler                            0x00000321   Thumb Code     2  startup_tm4c123.o(.text)
    UART6_Handler                            0x00000323   Thumb Code     2  startup_tm4c123.o(.text)
    UART7_Handler                            0x00000325   Thumb Code     2  startup_tm4c123.o(.text)
    I2C2_Handler                             0x00000327   Thumb Code     2  startup_tm4c123.o(.text)
    I2C3_Handler                             0x00000329   Thumb Code     2  startup_tm4c123.o(.text)
    TIMER4A_Handler                          0x0000032b   Thumb Code     2  startup_tm4c123.o(.text)
    TIMER4B_Handler                          0x0000032d   Thumb Code     2  startup_tm4c123.o(.text)
    TIMER5A_Handler                          0x0000032f   Thumb Code     2  startup_tm4c123.o(.text)
    TIMER5B_Handler                          0x00000331   Thumb Code     2  startup_tm4c123.o(.text)
    WTIMER0A_Handler                         0x00000333   Thumb Code     2  startup_tm4c123.o(.text)
    WTIMER0B_Handler                         0x00000335   Thumb Code     2  startup_tm4c123.o(.text)
    WTIMER1A_Handler                         0x00000337   Thumb Code     2  startup_tm4c123.o(.text)
    WTIMER1B_Handler                         0x00000339   Thumb Code     2  startup_tm4c123.o(.text)
    WTIMER2A_Handler                         0x0000033b   Thumb Code     2  startup_tm4c123.o(.text)
    WTIMER2B_Handler                         0x0000033d   Thumb Code     2  startup_tm4c123.o(.text)
    WTIMER3A_Handler                         0x0000033f   Thumb Code     2  startup_tm4c123.o(.text)
    WTIMER3B_Handler                         0x00000341   Thumb Code     2  startup_tm4c123.o(.text)
    WTIMER4A_Handler                         0x00000343   Thumb Code     2  startup_tm4c123.o(.text)
    WTIMER4B_Handler                         0x00000345   Thumb Code     2  startup_tm4c123.o(.text)
    WTIMER5A_Handler                         0x00000347   Thumb Code     2  startup_tm4c123.o(.text)
    WTIMER5B_Handler                         0x00000349   Thumb Code     2  startup_tm4c123.o(.text)
    FPU_Handler                              0x0000034b   Thumb Code     2  startup_tm4c123.o(.text)
    I2C4_Handler                             0x0000034d   Thumb Code     2  startup_tm4c123.o(.text)
    I2C5_Handler                             0x0000034f   Thumb Code     2  startup_tm4c123.o(.text)
    GPIOM_Handler                            0x00000351   Thumb Code     2  startup_tm4c123.o(.text)
    GPION_Handler                            0x00000353   Thumb Code     2  startup_tm4c123.o(.text)
    QEI2_Handler                             0x00000355   Thumb Code     2  startup_tm4c123.o(.text)
    GPIOP0_Handler                           0x00000357   Thumb Code     2  startup_tm4c123.o(.text)
    GPIOP1_Handler                           0x00000359   Thumb Code     2  startup_tm4c123.o(.text)
    GPIOP2_Handler                           0x0000035b   Thumb Code     2  startup_tm4c123.o(.text)
    GPIOP3_Handler                           0x0000035d   Thumb Code     2  startup_tm4c123.o(.text)
    GPIOP4_Handler                           0x0000035f   Thumb Code     2  startup_tm4c123.o(.text)
    GPIOP5_Handler                           0x00000361   Thumb Code     2  startup_tm4c123.o(.text)
    GPIOP6_Handler                           0x00000363   Thumb Code     2  startup_tm4c123.o(.text)
    GPIOP7_Handler                           0x00000365   Thumb Code     2  startup_tm4c123.o(.text)
    GPIOQ0_Handler                           0x00000367   Thumb Code     2  startup_tm4c123.o(.text)
    GPIOQ1_Handler                           0x00000369   Thumb Code     2  startup_tm4c123.o(.text)
    GPIOQ2_Handler                           0x0000036b   Thumb Code     2  startup_tm4c123.o(.text)
    GPIOQ3_Handler                           0x0000036d   Thumb Code     2  startup_tm4c123.o(.text)
    GPIOQ4_Handler                           0x0000036f   Thumb Code     2  startup_tm4c123.o(.text)
    GPIOQ5_Handler                           0x00000371   Thumb Code     2  startup_tm4c123.o(.text)
    GPIOQ6_Handler                           0x00000373   Thumb Code     2  startup_tm4c123.o(.text)
    GPIOQ7_Handler                           0x00000375   Thumb Code     2  startup_tm4c123.o(.text)
    GPIOR_Handler                            0x00000377   Thumb Code     2  startup_tm4c123.o(.text)
    GPIOS_Handler                            0x00000379   Thumb Code     2  startup_tm4c123.o(.text)
    PMW1_0_Handler                           0x0000037b   Thumb Code     2  startup_tm4c123.o(.text)
    PWM1_1_Handler                           0x0000037d   Thumb Code     2  startup_tm4c123.o(.text)
    PWM1_2_Handler                           0x0000037f   Thumb Code     2  startup_tm4c123.o(.text)
    PWM1_3_Handler                           0x00000381   Thumb Code     2  startup_tm4c123.o(.text)
    PWM1_FAULT_Handler                       0x00000383   Thumb Code     2  startup_tm4c123.o(.text)
    delay_ms                                 0x0000038d   Thumb Code    26  lcd 1.o(.text)
    delay_us                                 0x000003a7   Thumb Code    22  lcd 1.o(.text)
    LCD_command                              0x000003bd   Thumb Code    64  lcd 1.o(.text)
    LCD_DATA                                 0x000003fd   Thumb Code    64  lcd 1.o(.text)
    Delayyy                                  0x00000445   Thumb Code    22  main.o(.text)
    main                                     0x0000045b   Thumb Code   224  main.o(.text)
    initPortF                                0x0000054d   Thumb Code    80  portfinit.o(.text)
    initPortAB                               0x000005b1   Thumb Code   178  portsabinit.o(.text)
    ledRed                                   0x00000681   Thumb Code    30  ledcolors.o(.text)
    ledBlue                                  0x0000069f   Thumb Code    30  ledcolors.o(.text)
    ledGreen                                 0x000006bd   Thumb Code    30  ledcolors.o(.text)
    distanceNew                              0x000006e5   Thumb Code   494  distance.o(.text)
    __aeabi_dadd                             0x000008ed   Thumb Code   322  dadd.o(.text)
    __aeabi_dsub                             0x00000a2f   Thumb Code     6  dadd.o(.text)
    __aeabi_drsub                            0x00000a35   Thumb Code     6  dadd.o(.text)
    __aeabi_dmul                             0x00000a3b   Thumb Code   228  dmul.o(.text)
    __aeabi_ddiv                             0x00000b1f   Thumb Code   222  ddiv.o(.text)
    __aeabi_i2d                              0x00000bfd   Thumb Code    34  dflti.o(.text)
    __aeabi_d2iz                             0x00000c1f   Thumb Code    62  dfixi.o(.text)
    __aeabi_llsl                             0x00000c5d   Thumb Code    30  llshl.o(.text)
    _ll_shift_l                              0x00000c5d   Thumb Code     0  llshl.o(.text)
    __aeabi_llsr                             0x00000c7b   Thumb Code    32  llushr.o(.text)
    _ll_ushift_r                             0x00000c7b   Thumb Code     0  llushr.o(.text)
    __aeabi_lasr                             0x00000c9b   Thumb Code    36  llsshr.o(.text)
    _ll_sshift_r                             0x00000c9b   Thumb Code     0  llsshr.o(.text)
    __I$use$fp                               0x00000cbf   Thumb Code     0  iusefp.o(.text)
    _double_round                            0x00000cbf   Thumb Code    30  depilogue.o(.text)
    _double_epilogue                         0x00000cdd   Thumb Code   156  depilogue.o(.text)
    __ARM_scalbn                             0x00000d79   Thumb Code    46  dscalb.o(.text)
    scalbn                                   0x00000d79   Thumb Code     0  dscalb.o(.text)
    _dsqrt                                   0x00000da7   Thumb Code   162  dsqrt.o(.text)
    __scatterload                            0x00000e49   Thumb Code    28  init.o(.text)
    __scatterload_rt2                        0x00000e49   Thumb Code     0  init.o(.text)
    __aeabi_ui2d                             0x00000e6d   Thumb Code    26  dfltui.o(.text)
    __ARM_fpclassify                         0x00000e87   Thumb Code    40  fpclassify.o(i.__ARM_fpclassify)
    __ieee754_rem_pio2                       0x00000eb1   Thumb Code   828  rred.o(i.__ieee754_rem_pio2)
    __kernel_cos                             0x00001239   Thumb Code   230  cos_i.o(i.__kernel_cos)
    __kernel_poly                            0x00001335   Thumb Code   170  poly.o(i.__kernel_poly)
    __kernel_sin                             0x000013e1   Thumb Code   224  sin_i.o(i.__kernel_sin)
    __mathlib_dbl_infnan                     0x000014cd   Thumb Code     6  dunder.o(i.__mathlib_dbl_infnan)
    __mathlib_dbl_invalid                    0x000014d3   Thumb Code    12  dunder.o(i.__mathlib_dbl_invalid)
    __mathlib_dbl_underflow                  0x000014e1   Thumb Code    10  dunder.o(i.__mathlib_dbl_underflow)
    __scatterload_copy                       0x000014f1   Thumb Code    14  handlers.o(i.__scatterload_copy)
    __scatterload_null                       0x000014ff   Thumb Code     2  handlers.o(i.__scatterload_null)
    __scatterload_zeroinit                   0x00001501   Thumb Code    14  handlers.o(i.__scatterload_zeroinit)
    __set_errno                              0x00001511   Thumb Code     6  errno.o(i.__set_errno)
    asin                                     0x0000151d   Thumb Code   572  asin.o(i.asin)
    cos                                      0x0000178d   Thumb Code   148  cos.o(i.cos)
    sin                                      0x00001829   Thumb Code   150  sin.o(i.sin)
    sqrt                                     0x000018c9   Thumb Code    76  sqrt.o(i.sqrt)
    Region$$Table$$Base                      0x00001a88   Number         0  anon$$obj.o(Region$$Table)
    Region$$Table$$Limit                     0x00001aa8   Number         0  anon$$obj.o(Region$$Table)
    first_point                              0x20000000   Data           4  main.o(.data)
    total_distance                           0x20000008   Data           8  main.o(.data)
    R                                        0x20000010   Data           4  distance.o(.data)
    PI                                       0x20000018   Data           8  distance.o(.data)
    dist                                     0x20000028   Data          32  main.o(.bss)
    __initial_sp                             0x20000248   Data           0  startup_tm4c123.o(STACK)



==============================================================================

Memory Map of the image

  Image Entry point : 0x00000285

  Load Region LR_1 (Base: 0x00000000, Size: 0x00001acc, Max: 0xffffffff, ABSOLUTE)

    Execution Region ER_RO (Exec base: 0x00000000, Load base: 0x00000000, Size: 0x00001aa8, Max: 0xffffffff, ABSOLUTE)

    Exec Addr    Load Addr    Size         Type   Attr      Idx    E Section Name        Object

    0x00000000   0x00000000   0x0000026c   Data   RO            3    RESET               startup_tm4c123.o
    0x0000026c   0x0000026c   0x00000000   Code   RO          177  * .ARM.Collect$$$$00000000  mc_w.l(entry.o)
    0x0000026c   0x0000026c   0x00000004   Code   RO          222    .ARM.Collect$$$$00000001  mc_w.l(entry2.o)
    0x00000270   0x00000270   0x00000004   Code   RO          225    .ARM.Collect$$$$00000004  mc_w.l(entry5.o)
    0x00000274   0x00000274   0x00000000   Code   RO          227    .ARM.Collect$$$$00000008  mc_w.l(entry7b.o)
    0x00000274   0x00000274   0x00000000   Code   RO          229    .ARM.Collect$$$$0000000A  mc_w.l(entry8b.o)
    0x00000274   0x00000274   0x00000008   Code   RO          230    .ARM.Collect$$$$0000000B  mc_w.l(entry9a.o)
    0x0000027c   0x0000027c   0x00000004   Code   RO          237    .ARM.Collect$$$$0000000E  mc_w.l(entry12b.o)
    0x00000280   0x00000280   0x00000000   Code   RO          232    .ARM.Collect$$$$0000000F  mc_w.l(entry10a.o)
    0x00000280   0x00000280   0x00000000   Code   RO          234    .ARM.Collect$$$$00000011  mc_w.l(entry11a.o)
    0x00000280   0x00000280   0x00000004   Code   RO          223    .ARM.Collect$$$$00002712  mc_w.l(entry2.o)
    0x00000284   0x00000284   0x00000108   Code   RO            4  * .text               startup_tm4c123.o
    0x0000038c   0x0000038c   0x000000b8   Code   RO           10    .text               lcd 1.o
    0x00000444   0x00000444   0x00000108   Code   RO           33    .text               main.o
    0x0000054c   0x0000054c   0x00000064   Code   RO           72    .text               portfinit.o
    0x000005b0   0x000005b0   0x000000d0   Code   RO           84    .text               portsabinit.o
    0x00000680   0x00000680   0x00000064   Code   RO          108    .text               ledcolors.o
    0x000006e4   0x000006e4   0x00000208   Code   RO          120    .text               distance.o
    0x000008ec   0x000008ec   0x0000014e   Code   RO          180    .text               mf_w.l(dadd.o)
    0x00000a3a   0x00000a3a   0x000000e4   Code   RO          182    .text               mf_w.l(dmul.o)
    0x00000b1e   0x00000b1e   0x000000de   Code   RO          184    .text               mf_w.l(ddiv.o)
    0x00000bfc   0x00000bfc   0x00000022   Code   RO          186    .text               mf_w.l(dflti.o)
    0x00000c1e   0x00000c1e   0x0000003e   Code   RO          188    .text               mf_w.l(dfixi.o)
    0x00000c5c   0x00000c5c   0x0000001e   Code   RO          238    .text               mc_w.l(llshl.o)
    0x00000c7a   0x00000c7a   0x00000020   Code   RO          240    .text               mc_w.l(llushr.o)
    0x00000c9a   0x00000c9a   0x00000024   Code   RO          242    .text               mc_w.l(llsshr.o)
    0x00000cbe   0x00000cbe   0x00000000   Code   RO          251    .text               mc_w.l(iusefp.o)
    0x00000cbe   0x00000cbe   0x000000ba   Code   RO          252    .text               mf_w.l(depilogue.o)
    0x00000d78   0x00000d78   0x0000002e   Code   RO          254    .text               mf_w.l(dscalb.o)
    0x00000da6   0x00000da6   0x000000a2   Code   RO          256    .text               mf_w.l(dsqrt.o)
    0x00000e48   0x00000e48   0x00000024   Code   RO          260    .text               mc_w.l(init.o)
    0x00000e6c   0x00000e6c   0x0000001a   Code   RO          262    .text               mf_w.l(dfltui.o)
    0x00000e86   0x00000e86   0x00000028   Code   RO          207    i.__ARM_fpclassify  m_ws.l(fpclassify.o)
    0x00000eae   0x00000eae   0x00000002   PAD
    0x00000eb0   0x00000eb0   0x00000388   Code   RO          211    i.__ieee754_rem_pio2  m_ws.l(rred.o)
    0x00001238   0x00001238   0x000000fc   Code   RO          190    i.__kernel_cos      m_ws.l(cos_i.o)
    0x00001334   0x00001334   0x000000aa   Code   RO          209    i.__kernel_poly     m_ws.l(poly.o)
    0x000013de   0x000013de   0x00000002   PAD
    0x000013e0   0x000013e0   0x000000ec   Code   RO          216    i.__kernel_sin      m_ws.l(sin_i.o)
    0x000014cc   0x000014cc   0x00000006   Code   RO          194    i.__mathlib_dbl_infnan  m_ws.l(dunder.o)
    0x000014d2   0x000014d2   0x0000000c   Code   RO          196    i.__mathlib_dbl_invalid  m_ws.l(dunder.o)
    0x000014de   0x000014de   0x00000002   PAD
    0x000014e0   0x000014e0   0x00000010   Code   RO          199    i.__mathlib_dbl_underflow  m_ws.l(dunder.o)
    0x000014f0   0x000014f0   0x0000000e   Code   RO          266    i.__scatterload_copy  mc_w.l(handlers.o)
    0x000014fe   0x000014fe   0x00000002   Code   RO          267    i.__scatterload_null  mc_w.l(handlers.o)
    0x00001500   0x00001500   0x0000000e   Code   RO          268    i.__scatterload_zeroinit  mc_w.l(handlers.o)
    0x0000150e   0x0000150e   0x00000002   PAD
    0x00001510   0x00001510   0x0000000c   Code   RO          246    i.__set_errno       mc_w.l(errno.o)
    0x0000151c   0x0000151c   0x00000270   Code   RO          144    i.asin              m_ws.l(asin.o)
    0x0000178c   0x0000178c   0x0000009c   Code   RO          154    i.cos               m_ws.l(cos.o)
    0x00001828   0x00001828   0x000000a0   Code   RO          162    i.sin               m_ws.l(sin.o)
    0x000018c8   0x000018c8   0x0000004c   Code   RO          170    i.sqrt              m_ws.l(sqrt.o)
    0x00001914   0x00001914   0x00000004   PAD
    0x00001918   0x00001918   0x00000050   Data   RO          145    .constdata          m_ws.l(asin.o)
    0x00001968   0x00001968   0x00000030   Data   RO          191    .constdata          m_ws.l(cos_i.o)
    0x00001998   0x00001998   0x000000c8   Data   RO          213    .constdata          m_ws.l(rred.o)
    0x00001a60   0x00001a60   0x00000028   Data   RO          217    .constdata          m_ws.l(sin_i.o)
    0x00001a88   0x00001a88   0x00000020   Data   RO          264    Region$$Table       anon$$obj.o


    Execution Region ER_RW (Exec base: 0x20000000, Load base: 0x00001aa8, Size: 0x00000024, Max: 0xffffffff, ABSOLUTE)

    Exec Addr    Load Addr    Size         Type   Attr      Idx    E Section Name        Object

    0x20000000   0x00001aa8   0x00000010   Data   RW           35    .data               main.o
    0x20000010   0x00001ab8   0x00000010   Data   RW          121    .data               distance.o
    0x20000020   0x00001ac8   0x00000004   Data   RW          247    .data               mc_w.l(errno.o)


    Execution Region ER_ZI (Exec base: 0x20000024, Load base: 0x00001acc, Size: 0x00000224, Max: 0xffffffff, ABSOLUTE)

    Exec Addr    Load Addr    Size         Type   Attr      Idx    E Section Name        Object

    0x20000024   0x00001acc   0x00000004   PAD
    0x20000028        -       0x00000020   Zero   RW           34    .bss                main.o
    0x20000048        -       0x00000200   Zero   RW            1    STACK               startup_tm4c123.o


==============================================================================

Image component sizes


      Code (inc. data)   RO Data    RW Data    ZI Data      Debug   Object Name

       520         26          0         16          0       1325   distance.o
       184          8          0          0          0       2513   lcd 1.o
       100         10          0          0          0        614   ledcolors.o
       264         18          0         16         32       1705   main.o
       100         20          0          0          0        476   portfinit.o
       208         30          0          0          0        537   portsabinit.o
       264          8        620          0        512       5428   startup_tm4c123.o

    ----------------------------------------------------------------------
      1640        120        652         32        544      12598   Object Totals
         0          0         32          0          0          0   (incl. Generated)
         0          0          0          0          0          0   (incl. Padding)

    ----------------------------------------------------------------------

      Code (inc. data)   RO Data    RW Data    ZI Data      Debug   Library Member Name

       624         52         80          0          0        168   asin.o
       156          8          0          0          0        104   cos.o
       252         22         48          0          0        124   cos_i.o
        34          6          0          0          0        204   dunder.o
        40          0          0          0          0         68   fpclassify.o
       170          0          0          0          0         96   poly.o
       904         76        200          0          0        140   rred.o
       160         10          0          0          0        108   sin.o
       236         12         40          0          0        128   sin_i.o
        76          0          0          0          0         84   sqrt.o
         0          0          0          0          0          0   entry.o
         0          0          0          0          0          0   entry10a.o
         0          0          0          0          0          0   entry11a.o
         4          0          0          0          0          0   entry12b.o
         8          4          0          0          0          0   entry2.o
         4          0          0          0          0          0   entry5.o
         0          0          0          0          0          0   entry7b.o
         0          0          0          0          0          0   entry8b.o
         8          4          0          0          0          0   entry9a.o
        12          6          0          4          0         68   errno.o
        30          0          0          0          0          0   handlers.o
        36          8          0          0          0         68   init.o
         0          0          0          0          0          0   iusefp.o
        30          0          0          0          0         68   llshl.o
        36          0          0          0          0         68   llsshr.o
        32          0          0          0          0         68   llushr.o
       334          0          0          0          0        148   dadd.o
       222          0          0          0          0        100   ddiv.o
       186          0          0          0          0        176   depilogue.o
        62          0          0          0          0         80   dfixi.o
        34          0          0          0          0         76   dflti.o
        26          0          0          0          0         76   dfltui.o
       228          0          0          0          0         96   dmul.o
        46          0          0          0          0         80   dscalb.o
       162          0          0          0          0        100   dsqrt.o

    ----------------------------------------------------------------------
      4164        208        368          4          4       2496   Library Totals
        12          0          0          0          4          0   (incl. Padding)

    ----------------------------------------------------------------------

      Code (inc. data)   RO Data    RW Data    ZI Data      Debug   Library Name

      2652        186        368          0          0       1224   m_ws.l
       200         22          0          4          0        340   mc_w.l
      1300          0          0          0          0        932   mf_w.l

    ----------------------------------------------------------------------
      4164        208        368          4          4       2496   Library Totals

    ----------------------------------------------------------------------

==============================================================================


      Code (inc. data)   RO Data    RW Data    ZI Data      Debug   

      5804        328       1020         36        548      13790   Grand Totals
      5804        328       1020         36        548      13790   ELF Image Totals
      5804        328       1020         36          0          0   ROM Totals

==============================================================================

    Total RO  Size (Code + RO Data)                 6824 (   6.66kB)
    Total RW  Size (RW Data + ZI Data)               584 (   0.57kB)
    Total ROM Size (Code + RO Data + RW Data)       6860 (   6.70kB)

==============================================================================

