Component: ARM Compiler 5.06 update 7 (build 960) Tool: armlink [4d3601]

==============================================================================

Section Cross References

    startup_tm4c123.o(RESET) refers to startup_tm4c123.o(STACK) for __initial_sp
    startup_tm4c123.o(RESET) refers to startup_tm4c123.o(.text) for Reset_Handler
    startup_tm4c123.o(.text) refers to lcd 1.o(.text) for SystemInit
    startup_tm4c123.o(.text) refers to entry.o(.ARM.Collect$$$$00000000) for __main
    main.o(.text) refers to portfinit.o(.text) for initPortF
    main.o(.text) refers to portsabinit.o(.text) for initPortAB
    main.o(.text) refers to uart2init.o(.text) for UART2Init
    main.o(.text) refers to lcd 1.o(.text) for delay_ms
    main.o(.text) refers to ledcolors.o(.text) for ledRed
    main.o(.text) refers to gps modified.o(.text) for readGPSModule
    main.o(.text) refers to distance.o(.text) for distanceNew
    main.o(.text) refers to dadd.o(.text) for __aeabi_dadd
    main.o(.text) refers to dfixi.o(.text) for __aeabi_d2iz
    main.o(.text) refers to numsplittochar.o(.text) for NumSplit
    main.o(.text) refers to main.o(.data) for lon
    main.o(.text) refers to numsplittochar.o(.data) for digit1
    distance.o(.text) refers to dmul.o(.text) for __aeabi_dmul
    distance.o(.text) refers to ddiv.o(.text) for __aeabi_ddiv
    distance.o(.text) refers to dadd.o(.text) for __aeabi_dsub
    distance.o(.text) refers to sin.o(i.sin) for sin
    distance.o(.text) refers to cos.o(i.cos) for cos
    distance.o(.text) refers to sqrt.o(i.sqrt) for sqrt
    distance.o(.text) refers to asin.o(i.asin) for asin
    distance.o(.text) refers to dflti.o(.text) for __aeabi_i2d
    distance.o(.text) refers to distance.o(.data) for PI
    distance.o(.text) refers to main.o(.bss) for dist
    distance.o(.text) refers to main.o(.data) for first_point
    numsplittochar.o(.text) refers to numsplittochar.o(.data) for chars
    gps modified.o(.text) refers to strtok.o(.text) for strtok
    gps modified.o(.text) refers to strcpy.o(.text) for strcpy
    gps modified.o(.text) refers to strcmp.o(.text) for strcmp
    gps modified.o(.text) refers to atof.o(i.atof) for atof
    gps modified.o(.text) refers to ddiv.o(.text) for __aeabi_ddiv
    gps modified.o(.text) refers to dfixi.o(.text) for __aeabi_d2iz
    gps modified.o(.text) refers to dflti.o(.text) for __aeabi_i2d
    gps modified.o(.text) refers to dadd.o(.text) for __aeabi_drsub
    gps modified.o(.text) refers to main.o(.data) for lat
    asin.o(i.__softfp_asin) refers (Special) to iusefp.o(.text) for __I$use$fp
    asin.o(i.__softfp_asin) refers to asin.o(i.asin) for asin
    asin.o(i.asin) refers (Special) to iusefp.o(.text) for __I$use$fp
    asin.o(i.asin) refers to dunder.o(i.__mathlib_dbl_infnan) for __mathlib_dbl_infnan
    asin.o(i.asin) refers to dmul.o(.text) for __aeabi_dmul
    asin.o(i.asin) refers to dadd.o(.text) for __aeabi_dadd
    asin.o(i.asin) refers to errno.o(i.__set_errno) for __set_errno
    asin.o(i.asin) refers to dunder.o(i.__mathlib_dbl_invalid) for __mathlib_dbl_invalid
    asin.o(i.asin) refers to fpclassify.o(i.__ARM_fpclassify) for __ARM_fpclassify
    asin.o(i.asin) refers to dunder.o(i.__mathlib_dbl_underflow) for __mathlib_dbl_underflow
    asin.o(i.asin) refers to poly.o(i.__kernel_poly) for __kernel_poly
    asin.o(i.asin) refers to ddiv.o(.text) for __aeabi_ddiv
    asin.o(i.asin) refers to dscalb.o(.text) for __ARM_scalbn
    asin.o(i.asin) refers to sqrt.o(i.sqrt) for sqrt
    asin.o(i.asin) refers to asin.o(.constdata) for .constdata
    asin.o(.constdata) refers (Special) to iusefp.o(.text) for __I$use$fp
    asin_x.o(i.____softfp_asin$lsc) refers (Special) to iusefp.o(.text) for __I$use$fp
    asin_x.o(i.____softfp_asin$lsc) refers to asin_x.o(i.__asin$lsc) for __asin$lsc
    asin_x.o(i.__asin$lsc) refers (Special) to iusefp.o(.text) for __I$use$fp
    asin_x.o(i.__asin$lsc) refers to dunder.o(i.__mathlib_dbl_infnan) for __mathlib_dbl_infnan
    asin_x.o(i.__asin$lsc) refers to dmul.o(.text) for __aeabi_dmul
    asin_x.o(i.__asin$lsc) refers to dadd.o(.text) for __aeabi_dadd
    asin_x.o(i.__asin$lsc) refers to errno.o(i.__set_errno) for __set_errno
    asin_x.o(i.__asin$lsc) refers to poly.o(i.__kernel_poly) for __kernel_poly
    asin_x.o(i.__asin$lsc) refers to ddiv.o(.text) for __aeabi_ddiv
    asin_x.o(i.__asin$lsc) refers to dscalb.o(.text) for __ARM_scalbn
    asin_x.o(i.__asin$lsc) refers to sqrt.o(i.sqrt) for sqrt
    asin_x.o(i.__asin$lsc) refers to asin_x.o(.constdata) for .constdata
    asin_x.o(.constdata) refers (Special) to iusefp.o(.text) for __I$use$fp
    atof.o(i.__softfp_atof) refers (Special) to iusefp.o(.text) for __I$use$fp
    atof.o(i.__softfp_atof) refers to errno.o(i.__read_errno) for __read_errno
    atof.o(i.__softfp_atof) refers to strtod.o(.text) for __strtod_int
    atof.o(i.__softfp_atof) refers to errno.o(i.__set_errno) for __set_errno
    atof.o(i.atof) refers (Special) to iusefp.o(.text) for __I$use$fp
    atof.o(i.atof) refers to errno.o(i.__read_errno) for __read_errno
    atof.o(i.atof) refers to strtod.o(.text) for __strtod_int
    atof.o(i.atof) refers to errno.o(i.__set_errno) for __set_errno
    cos.o(i.__softfp_cos) refers (Special) to iusefp.o(.text) for __I$use$fp
    cos.o(i.__softfp_cos) refers to cos.o(i.cos) for cos
    cos.o(i.cos) refers (Special) to iusefp.o(.text) for __I$use$fp
    cos.o(i.cos) refers to errno.o(i.__set_errno) for __set_errno
    cos.o(i.cos) refers to dunder.o(i.__mathlib_dbl_invalid) for __mathlib_dbl_invalid
    cos.o(i.cos) refers to dunder.o(i.__mathlib_dbl_infnan) for __mathlib_dbl_infnan
    cos.o(i.cos) refers to rred.o(i.__ieee754_rem_pio2) for __ieee754_rem_pio2
    cos.o(i.cos) refers to sin_i.o(i.__kernel_sin) for __kernel_sin
    cos.o(i.cos) refers to cos_i.o(i.__kernel_cos) for __kernel_cos
    cos_x.o(i.____softfp_cos$lsc) refers (Special) to iusefp.o(.text) for __I$use$fp
    cos_x.o(i.____softfp_cos$lsc) refers to cos_x.o(i.__cos$lsc) for __cos$lsc
    cos_x.o(i.__cos$lsc) refers (Special) to iusefp.o(.text) for __I$use$fp
    cos_x.o(i.__cos$lsc) refers to errno.o(i.__set_errno) for __set_errno
    cos_x.o(i.__cos$lsc) refers to dunder.o(i.__mathlib_dbl_infnan) for __mathlib_dbl_infnan
    cos_x.o(i.__cos$lsc) refers to rred.o(i.__ieee754_rem_pio2) for __ieee754_rem_pio2
    cos_x.o(i.__cos$lsc) refers to sin_i.o(i.__kernel_sin) for __kernel_sin
    cos_x.o(i.__cos$lsc) refers to cos_i.o(i.__kernel_cos) for __kernel_cos
    sin.o(i.__softfp_sin) refers (Special) to iusefp.o(.text) for __I$use$fp
    sin.o(i.__softfp_sin) refers to sin.o(i.sin) for sin
    sin.o(i.sin) refers (Special) to iusefp.o(.text) for __I$use$fp
    sin.o(i.sin) refers to errno.o(i.__set_errno) for __set_errno
    sin.o(i.sin) refers to dunder.o(i.__mathlib_dbl_invalid) for __mathlib_dbl_invalid
    sin.o(i.sin) refers to dunder.o(i.__mathlib_dbl_infnan) for __mathlib_dbl_infnan
    sin.o(i.sin) refers to rred.o(i.__ieee754_rem_pio2) for __ieee754_rem_pio2
    sin.o(i.sin) refers to cos_i.o(i.__kernel_cos) for __kernel_cos
    sin.o(i.sin) refers to sin_i.o(i.__kernel_sin) for __kernel_sin
    sin_x.o(i.____softfp_sin$lsc) refers (Special) to iusefp.o(.text) for __I$use$fp
    sin_x.o(i.____softfp_sin$lsc) refers to sin_x.o(i.__sin$lsc) for __sin$lsc
    sin_x.o(i.__sin$lsc) refers (Special) to iusefp.o(.text) for __I$use$fp
    sin_x.o(i.__sin$lsc) refers to errno.o(i.__set_errno) for __set_errno
    sin_x.o(i.__sin$lsc) refers to dunder.o(i.__mathlib_dbl_infnan) for __mathlib_dbl_infnan
    sin_x.o(i.__sin$lsc) refers to rred.o(i.__ieee754_rem_pio2) for __ieee754_rem_pio2
    sin_x.o(i.__sin$lsc) refers to cos_i.o(i.__kernel_cos) for __kernel_cos
    sin_x.o(i.__sin$lsc) refers to sin_i.o(i.__kernel_sin) for __kernel_sin
    sqrt.o(i.__softfp_sqrt) refers (Special) to iusefp.o(.text) for __I$use$fp
    sqrt.o(i.__softfp_sqrt) refers to dsqrt.o(.text) for _dsqrt
    sqrt.o(i.__softfp_sqrt) refers to errno.o(i.__set_errno) for __set_errno
    sqrt.o(i.sqrt) refers (Special) to iusefp.o(.text) for __I$use$fp
    sqrt.o(i.sqrt) refers to dsqrt.o(.text) for _dsqrt
    sqrt.o(i.sqrt) refers to errno.o(i.__set_errno) for __set_errno
    sqrt_x.o(i.____softfp_sqrt$lsc) refers (Special) to iusefp.o(.text) for __I$use$fp
    sqrt_x.o(i.____softfp_sqrt$lsc) refers to cdcmple.o(.text) for __aeabi_cdcmple
    sqrt_x.o(i.____softfp_sqrt$lsc) refers to errno.o(i.__set_errno) for __set_errno
    sqrt_x.o(i.____softfp_sqrt$lsc) refers to dsqrt.o(.text) for _dsqrt
    sqrt_x.o(i.__sqrt$lsc) refers (Special) to iusefp.o(.text) for __I$use$fp
    sqrt_x.o(i.__sqrt$lsc) refers to cdcmple.o(.text) for __aeabi_cdcmple
    sqrt_x.o(i.__sqrt$lsc) refers to errno.o(i.__set_errno) for __set_errno
    sqrt_x.o(i.__sqrt$lsc) refers to dsqrt.o(.text) for _dsqrt
    entry.o(.ARM.Collect$$$$00000000) refers (Special) to entry10a.o(.ARM.Collect$$$$0000000F) for __rt_final_cpp
    entry.o(.ARM.Collect$$$$00000000) refers (Special) to entry11a.o(.ARM.Collect$$$$00000011) for __rt_final_exit
    entry.o(.ARM.Collect$$$$00000000) refers (Special) to entry12b.o(.ARM.Collect$$$$0000000E) for __rt_lib_shutdown_fini
    entry.o(.ARM.Collect$$$$00000000) refers (Special) to entry7b.o(.ARM.Collect$$$$00000008) for _main_clock
    entry.o(.ARM.Collect$$$$00000000) refers (Special) to entry8b.o(.ARM.Collect$$$$0000000A) for _main_cpp_init
    entry.o(.ARM.Collect$$$$00000000) refers (Special) to entry9a.o(.ARM.Collect$$$$0000000B) for _main_init
    entry.o(.ARM.Collect$$$$00000000) refers (Special) to entry5.o(.ARM.Collect$$$$00000004) for _main_scatterload
    entry.o(.ARM.Collect$$$$00000000) refers (Special) to entry2.o(.ARM.Collect$$$$00000001) for _main_stk
    strtok.o(.text) refers to strtok.o(.data) for .data
    strtok_r.o(.text) refers to strtok_r.o(.data) for .data
    dadd.o(.text) refers (Special) to iusefp.o(.text) for __I$use$fp
    dadd.o(.text) refers to llshl.o(.text) for __aeabi_llsl
    dadd.o(.text) refers to llsshr.o(.text) for __aeabi_lasr
    dadd.o(.text) refers to depilogue.o(.text) for _double_epilogue
    dmul.o(.text) refers (Special) to iusefp.o(.text) for __I$use$fp
    dmul.o(.text) refers to depilogue.o(.text) for _double_epilogue
    ddiv.o(.text) refers (Special) to iusefp.o(.text) for __I$use$fp
    ddiv.o(.text) refers to depilogue.o(.text) for _double_round
    dflti.o(.text) refers (Special) to iusefp.o(.text) for __I$use$fp
    dflti.o(.text) refers to depilogue.o(.text) for _double_epilogue
    dfixi.o(.text) refers (Special) to iusefp.o(.text) for __I$use$fp
    dfixi.o(.text) refers to llushr.o(.text) for __aeabi_llsr
    cos_i.o(i.__kernel_cos) refers (Special) to iusefp.o(.text) for __I$use$fp
    cos_i.o(i.__kernel_cos) refers to dfixi.o(.text) for __aeabi_d2iz
    cos_i.o(i.__kernel_cos) refers to dmul.o(.text) for __aeabi_dmul
    cos_i.o(i.__kernel_cos) refers to poly.o(i.__kernel_poly) for __kernel_poly
    cos_i.o(i.__kernel_cos) refers to dadd.o(.text) for __aeabi_dsub
    cos_i.o(i.__kernel_cos) refers to dscalb.o(.text) for __ARM_scalbn
    cos_i.o(i.__kernel_cos) refers to cos_i.o(.constdata) for .constdata
    cos_i.o(.constdata) refers (Special) to iusefp.o(.text) for __I$use$fp
    dunder.o(i.__mathlib_dbl_divzero) refers to ddiv.o(.text) for __aeabi_ddiv
    dunder.o(i.__mathlib_dbl_infnan) refers to dscalb.o(.text) for __ARM_scalbn
    dunder.o(i.__mathlib_dbl_infnan2) refers to dadd.o(.text) for __aeabi_dadd
    dunder.o(i.__mathlib_dbl_invalid) refers to ddiv.o(.text) for __aeabi_ddiv
    dunder.o(i.__mathlib_dbl_overflow) refers to dscalb.o(.text) for __ARM_scalbn
    dunder.o(i.__mathlib_dbl_posinfnan) refers to dmul.o(.text) for __aeabi_dmul
    dunder.o(i.__mathlib_dbl_underflow) refers to dscalb.o(.text) for __ARM_scalbn
    fpclassify.o(i.__ARM_fpclassify) refers (Special) to iusefp.o(.text) for __I$use$fp
    poly.o(i.__kernel_poly) refers (Special) to iusefp.o(.text) for __I$use$fp
    poly.o(i.__kernel_poly) refers to dmul.o(.text) for __aeabi_dmul
    poly.o(i.__kernel_poly) refers to dadd.o(.text) for __aeabi_dadd
    rred.o(i.__ieee754_rem_pio2) refers (Special) to iusefp.o(.text) for __I$use$fp
    rred.o(i.__ieee754_rem_pio2) refers to dadd.o(.text) for __aeabi_dsub
    rred.o(i.__ieee754_rem_pio2) refers to dmul.o(.text) for __aeabi_dmul
    rred.o(i.__ieee754_rem_pio2) refers to dfixi.o(.text) for __aeabi_d2iz
    rred.o(i.__ieee754_rem_pio2) refers to dflti.o(.text) for __aeabi_i2d
    rred.o(i.__ieee754_rem_pio2) refers to dfltui.o(.text) for __aeabi_ui2d
    rred.o(i.__ieee754_rem_pio2) refers to dscalb.o(.text) for __ARM_scalbn
    rred.o(i.__ieee754_rem_pio2) refers to rred.o(.constdata) for .constdata
    rred.o(i.__use_accurate_range_reduction) refers (Special) to iusefp.o(.text) for __I$use$fp
    rred.o(.constdata) refers (Special) to iusefp.o(.text) for __I$use$fp
    sin_i.o(i.__kernel_sin) refers (Special) to iusefp.o(.text) for __I$use$fp
    sin_i.o(i.__kernel_sin) refers to fpclassify.o(i.__ARM_fpclassify) for __ARM_fpclassify
    sin_i.o(i.__kernel_sin) refers to dunder.o(i.__mathlib_dbl_underflow) for __mathlib_dbl_underflow
    sin_i.o(i.__kernel_sin) refers to dmul.o(.text) for __aeabi_dmul
    sin_i.o(i.__kernel_sin) refers to poly.o(i.__kernel_poly) for __kernel_poly
    sin_i.o(i.__kernel_sin) refers to dscalb.o(.text) for __ARM_scalbn
    sin_i.o(i.__kernel_sin) refers to dadd.o(.text) for __aeabi_dsub
    sin_i.o(i.__kernel_sin) refers to sin_i.o(.constdata) for .constdata
    sin_i.o(.constdata) refers (Special) to iusefp.o(.text) for __I$use$fp
    sin_i_x.o(i.____kernel_sin$lsc) refers (Special) to iusefp.o(.text) for __I$use$fp
    sin_i_x.o(i.____kernel_sin$lsc) refers to dmul.o(.text) for __aeabi_dmul
    sin_i_x.o(i.____kernel_sin$lsc) refers to poly.o(i.__kernel_poly) for __kernel_poly
    sin_i_x.o(i.____kernel_sin$lsc) refers to dscalb.o(.text) for __ARM_scalbn
    sin_i_x.o(i.____kernel_sin$lsc) refers to dadd.o(.text) for __aeabi_dsub
    sin_i_x.o(i.____kernel_sin$lsc) refers to sin_i_x.o(.constdata) for .constdata
    sin_i_x.o(.constdata) refers (Special) to iusefp.o(.text) for __I$use$fp
    entry2.o(.ARM.Collect$$$$00000001) refers to entry2.o(.ARM.Collect$$$$00002712) for __lit__00000000
    entry2.o(.ARM.Collect$$$$00002712) refers to startup_tm4c123.o(STACK) for __initial_sp
    entry2.o(__vectab_stack_and_reset_area) refers to startup_tm4c123.o(STACK) for __initial_sp
    entry2.o(__vectab_stack_and_reset_area) refers to entry.o(.ARM.Collect$$$$00000000) for __main
    entry5.o(.ARM.Collect$$$$00000004) refers to init.o(.text) for __scatterload
    entry9a.o(.ARM.Collect$$$$0000000B) refers to main.o(.text) for main
    entry9b.o(.ARM.Collect$$$$0000000C) refers to main.o(.text) for main
    errno.o(i.__aeabi_errno_addr) refers to errno.o(.data) for .data
    errno.o(i.__read_errno) refers to errno.o(.data) for .data
    errno.o(i.__set_errno) refers to errno.o(.data) for .data
    strtod.o(.text) refers to scanf_fp.o(.text) for _scanf_real
    strtod.o(.text) refers to _sgetc.o(.text) for _sgetc
    strtod.o(.text) refers to isspace_c.o(.text) for isspace
    depilogue.o(.text) refers to llshl.o(.text) for __aeabi_llsl
    depilogue.o(.text) refers to llushr.o(.text) for __aeabi_llsr
    dsqrt.o(.text) refers to llushr.o(.text) for __aeabi_llsr
    dsqrt.o(.text) refers to depilogue.o(.text) for _double_round
    init.o(.text) refers to entry5.o(.ARM.Collect$$$$00000004) for __main_after_scatterload
    isspace_c.o(.text) refers to ctype_c.o(.text) for __ctype_lookup
    scanf_fp.o(.text) refers (Special) to iusefp.o(.text) for __I$use$fp
    scanf_fp.o(.text) refers to dfltul.o(.text) for __aeabi_ul2d
    scanf_fp.o(.text) refers to dmul.o(.text) for __aeabi_dmul
    scanf_fp.o(.text) refers to ddiv.o(.text) for __aeabi_ddiv
    scanf_fp.o(.text) refers to scanf_fp.o(i._is_digit) for _is_digit
    scanf_fp.o(.text) refers to d2f.o(.text) for __aeabi_d2f
    dfltui.o(.text) refers to depilogue.o(.text) for _double_epilogue
    ctype_c.o(.text) refers to ctype_c.o(.constdata) for .constdata
    dfltul.o(.text) refers to depilogue.o(.text) for _double_epilogue
    d2f.o(.text) refers to fepilogue.o(.text) for _float_round
    scanf_fp.o(i._is_digit) refers (Special) to iusefp.o(.text) for __I$use$fp


==============================================================================

Removing Unused input sections from the image.

    Removing startup_tm4c123.o(HEAP), (0 bytes).
    Removing porteinit.o(.text), (84 bytes).
    Removing led.o(.text), (44 bytes).
    Removing cdcmple.o(.text), (48 bytes).

4 unused section(s) (total 176 bytes) removed from the image.

==============================================================================

Image Symbol Table

    Local Symbols

    Symbol Name                              Value     Ov Type        Size  Object(Section)

    RESET                                    0x00000000   Section      620  startup_tm4c123.o(RESET)
    ../clib/microlib/ctype/ctype.c           0x00000000   Number         0  ctype_c.o ABSOLUTE
    ../clib/microlib/ctype/ctype.c           0x00000000   Number         0  isspace_c.o ABSOLUTE
    ../clib/microlib/errno.c                 0x00000000   Number         0  errno.o ABSOLUTE
    ../clib/microlib/init/entry.s            0x00000000   Number         0  entry5.o ABSOLUTE
    ../clib/microlib/init/entry.s            0x00000000   Number         0  entry9a.o ABSOLUTE
    ../clib/microlib/init/entry.s            0x00000000   Number         0  entry10b.o ABSOLUTE
    ../clib/microlib/init/entry.s            0x00000000   Number         0  entry10a.o ABSOLUTE
    ../clib/microlib/init/entry.s            0x00000000   Number         0  entry2.o ABSOLUTE
    ../clib/microlib/init/entry.s            0x00000000   Number         0  entry8a.o ABSOLUTE
    ../clib/microlib/init/entry.s            0x00000000   Number         0  entry12b.o ABSOLUTE
    ../clib/microlib/init/entry.s            0x00000000   Number         0  entry8b.o ABSOLUTE
    ../clib/microlib/init/entry.s            0x00000000   Number         0  entry12a.o ABSOLUTE
    ../clib/microlib/init/entry.s            0x00000000   Number         0  entry7b.o ABSOLUTE
    ../clib/microlib/init/entry.s            0x00000000   Number         0  entry7a.o ABSOLUTE
    ../clib/microlib/init/entry.s            0x00000000   Number         0  entry.o ABSOLUTE
    ../clib/microlib/init/entry.s            0x00000000   Number         0  entry11b.o ABSOLUTE
    ../clib/microlib/init/entry.s            0x00000000   Number         0  entry11a.o ABSOLUTE
    ../clib/microlib/init/entry.s            0x00000000   Number         0  entry9b.o ABSOLUTE
    ../clib/microlib/longlong.c              0x00000000   Number         0  llushr.o ABSOLUTE
    ../clib/microlib/longlong.c              0x00000000   Number         0  llshl.o ABSOLUTE
    ../clib/microlib/longlong.c              0x00000000   Number         0  llsshr.o ABSOLUTE
    ../clib/microlib/string/strcmp.c         0x00000000   Number         0  strcmp.o ABSOLUTE
    ../clib/microlib/string/strcpy.c         0x00000000   Number         0  strcpy.o ABSOLUTE
    ../clib/microlib/string/strtok.c         0x00000000   Number         0  strtok_r.o ABSOLUTE
    ../clib/microlib/string/strtok.c         0x00000000   Number         0  strtok.o ABSOLUTE
    ../clib/microlib/stubs.s                 0x00000000   Number         0  iusefp.o ABSOLUTE
    ../clib/scanf.c                          0x00000000   Number         0  _sgetc.o ABSOLUTE
    ../clib/scanf.c                          0x00000000   Number         0  strtod.o ABSOLUTE
    ../clib/scanf.c                          0x00000000   Number         0  scanf_fp.o ABSOLUTE
    ../fplib/microlib/d2f.c                  0x00000000   Number         0  d2f.o ABSOLUTE
    ../fplib/microlib/fpadd.c                0x00000000   Number         0  dadd.o ABSOLUTE
    ../fplib/microlib/fpdiv.c                0x00000000   Number         0  ddiv.o ABSOLUTE
    ../fplib/microlib/fpepilogue.c           0x00000000   Number         0  fepilogue.o ABSOLUTE
    ../fplib/microlib/fpepilogue.c           0x00000000   Number         0  depilogue.o ABSOLUTE
    ../fplib/microlib/fpfix.c                0x00000000   Number         0  dfixi.o ABSOLUTE
    ../fplib/microlib/fpflt.c                0x00000000   Number         0  dflti.o ABSOLUTE
    ../fplib/microlib/fpflt.c                0x00000000   Number         0  dfltul.o ABSOLUTE
    ../fplib/microlib/fpflt.c                0x00000000   Number         0  dfltui.o ABSOLUTE
    ../fplib/microlib/fpmul.c                0x00000000   Number         0  dmul.o ABSOLUTE
    ../fplib/microlib/fpscalb.c              0x00000000   Number         0  dscalb.o ABSOLUTE
    ../fplib/microlib/fpsqrt.c               0x00000000   Number         0  dsqrt.o ABSOLUTE
    ../mathlib/asin.c                        0x00000000   Number         0  asin_x.o ABSOLUTE
    ../mathlib/asin.c                        0x00000000   Number         0  asin.o ABSOLUTE
    ../mathlib/atof.c                        0x00000000   Number         0  atof.o ABSOLUTE
    ../mathlib/cos.c                         0x00000000   Number         0  cos.o ABSOLUTE
    ../mathlib/cos.c                         0x00000000   Number         0  cos_x.o ABSOLUTE
    ../mathlib/cos_i.c                       0x00000000   Number         0  cos_i.o ABSOLUTE
    ../mathlib/dunder.c                      0x00000000   Number         0  dunder.o ABSOLUTE
    ../mathlib/fpclassify.c                  0x00000000   Number         0  fpclassify.o ABSOLUTE
    ../mathlib/poly.c                        0x00000000   Number         0  poly.o ABSOLUTE
    ../mathlib/rred.c                        0x00000000   Number         0  rred.o ABSOLUTE
    ../mathlib/sin.c                         0x00000000   Number         0  sin.o ABSOLUTE
    ../mathlib/sin.c                         0x00000000   Number         0  sin_x.o ABSOLUTE
    ../mathlib/sin_i.c                       0x00000000   Number         0  sin_i.o ABSOLUTE
    ../mathlib/sin_i.c                       0x00000000   Number         0  sin_i_x.o ABSOLUTE
    ../mathlib/sqrt.c                        0x00000000   Number         0  sqrt.o ABSOLUTE
    ../mathlib/sqrt.c                        0x00000000   Number         0  sqrt_x.o ABSOLUTE
    GPS Modified.c                           0x00000000   Number         0  gps modified.o ABSOLUTE
    UART2Init.c                              0x00000000   Number         0  uart2init.o ABSOLUTE
    cdcmple.s                                0x00000000   Number         0  cdcmple.o ABSOLUTE
    dc.s                                     0x00000000   Number         0  dc.o ABSOLUTE
    distance.c                               0x00000000   Number         0  distance.o ABSOLUTE
    handlers.s                               0x00000000   Number         0  handlers.o ABSOLUTE
    init.s                                   0x00000000   Number         0  init.o ABSOLUTE
    lcd 1.c                                  0x00000000   Number         0  lcd 1.o ABSOLUTE
    led.c                                    0x00000000   Number         0  led.o ABSOLUTE
    ledColors.c                              0x00000000   Number         0  ledcolors.o ABSOLUTE
    main.c                                   0x00000000   Number         0  main.o ABSOLUTE
    numSplitToChar.c                         0x00000000   Number         0  numsplittochar.o ABSOLUTE
    portEinit.c                              0x00000000   Number         0  porteinit.o ABSOLUTE
    portFinit.c                              0x00000000   Number         0  portfinit.o ABSOLUTE
    portsABinit.c                            0x00000000   Number         0  portsabinit.o ABSOLUTE
    startup_TM4C123.s                        0x00000000   Number         0  startup_tm4c123.o ABSOLUTE
    .ARM.Collect$$$$00000000                 0x0000026c   Section        0  entry.o(.ARM.Collect$$$$00000000)
    .ARM.Collect$$$$00000001                 0x0000026c   Section        4  entry2.o(.ARM.Collect$$$$00000001)
    .ARM.Collect$$$$00000004                 0x00000270   Section        4  entry5.o(.ARM.Collect$$$$00000004)
    .ARM.Collect$$$$00000008                 0x00000274   Section        0  entry7b.o(.ARM.Collect$$$$00000008)
    .ARM.Collect$$$$0000000A                 0x00000274   Section        0  entry8b.o(.ARM.Collect$$$$0000000A)
    .ARM.Collect$$$$0000000B                 0x00000274   Section        8  entry9a.o(.ARM.Collect$$$$0000000B)
    .ARM.Collect$$$$0000000E                 0x0000027c   Section        4  entry12b.o(.ARM.Collect$$$$0000000E)
    .ARM.Collect$$$$0000000F                 0x00000280   Section        0  entry10a.o(.ARM.Collect$$$$0000000F)
    .ARM.Collect$$$$00000011                 0x00000280   Section        0  entry11a.o(.ARM.Collect$$$$00000011)
    .ARM.Collect$$$$00002712                 0x00000280   Section        4  entry2.o(.ARM.Collect$$$$00002712)
    __lit__00000000                          0x00000280   Data           4  entry2.o(.ARM.Collect$$$$00002712)
    .text                                    0x00000284   Section      272  startup_tm4c123.o(.text)
    .text                                    0x00000394   Section        0  lcd 1.o(.text)
    .text                                    0x00000450   Section        0  main.o(.text)
    .text                                    0x00000560   Section        0  portfinit.o(.text)
    .text                                    0x000005c4   Section        0  portsabinit.o(.text)
    .text                                    0x00000694   Section        0  ledcolors.o(.text)
    .text                                    0x000006f8   Section        0  distance.o(.text)
    .text                                    0x00000900   Section        0  uart2init.o(.text)
    .text                                    0x00000980   Section        0  numsplittochar.o(.text)
    .text                                    0x000009e0   Section        0  gps modified.o(.text)
    .text                                    0x00000c34   Section        0  strcmp.o(.text)
    .text                                    0x00000c50   Section        0  strcpy.o(.text)
    .text                                    0x00000c64   Section        0  strtok.o(.text)
    .text                                    0x00000ca8   Section        0  dadd.o(.text)
    .text                                    0x00000df6   Section        0  dmul.o(.text)
    .text                                    0x00000eda   Section        0  ddiv.o(.text)
    .text                                    0x00000fb8   Section        0  dflti.o(.text)
    .text                                    0x00000fda   Section        0  dfixi.o(.text)
    .text                                    0x00001018   Section        0  llshl.o(.text)
    .text                                    0x00001036   Section        0  llushr.o(.text)
    .text                                    0x00001056   Section        0  llsshr.o(.text)
    .text                                    0x0000107c   Section        0  strtod.o(.text)
    _local_sscanf                            0x0000107d   Thumb Code    54  strtod.o(.text)
    .text                                    0x00001118   Section        0  depilogue.o(.text)
    .text                                    0x00001118   Section        0  iusefp.o(.text)
    .text                                    0x000011d2   Section        0  dscalb.o(.text)
    .text                                    0x00001200   Section        0  dsqrt.o(.text)
    .text                                    0x000012a4   Section       36  init.o(.text)
    .text                                    0x000012c8   Section        0  isspace_c.o(.text)
    .text                                    0x000012d4   Section        0  scanf_fp.o(.text)
    _fp_value                                0x000012d5   Thumb Code   296  scanf_fp.o(.text)
    .text                                    0x00001634   Section        0  _sgetc.o(.text)
    .text                                    0x00001674   Section        0  dfltui.o(.text)
    .text                                    0x00001690   Section        0  ctype_c.o(.text)
    .text                                    0x000016b8   Section        0  dfltul.o(.text)
    .text                                    0x000016d0   Section        0  d2f.o(.text)
    .text                                    0x00001708   Section        0  fepilogue.o(.text)
    i.__ARM_fpclassify                       0x00001776   Section        0  fpclassify.o(i.__ARM_fpclassify)
    i.__ieee754_rem_pio2                     0x000017a0   Section        0  rred.o(i.__ieee754_rem_pio2)
    i.__kernel_cos                           0x00001b28   Section        0  cos_i.o(i.__kernel_cos)
    i.__kernel_poly                          0x00001c24   Section        0  poly.o(i.__kernel_poly)
    i.__kernel_sin                           0x00001cd0   Section        0  sin_i.o(i.__kernel_sin)
    i.__mathlib_dbl_infnan                   0x00001dbc   Section        0  dunder.o(i.__mathlib_dbl_infnan)
    i.__mathlib_dbl_invalid                  0x00001dc2   Section        0  dunder.o(i.__mathlib_dbl_invalid)
    i.__mathlib_dbl_underflow                0x00001dd0   Section        0  dunder.o(i.__mathlib_dbl_underflow)
    i.__read_errno                           0x00001de0   Section        0  errno.o(i.__read_errno)
    i.__scatterload_copy                     0x00001dec   Section       14  handlers.o(i.__scatterload_copy)
    i.__scatterload_null                     0x00001dfa   Section        2  handlers.o(i.__scatterload_null)
    i.__scatterload_zeroinit                 0x00001dfc   Section       14  handlers.o(i.__scatterload_zeroinit)
    i.__set_errno                            0x00001e0c   Section        0  errno.o(i.__set_errno)
    i._is_digit                              0x00001e18   Section        0  scanf_fp.o(i._is_digit)
    i.asin                                   0x00001e28   Section        0  asin.o(i.asin)
    i.atof                                   0x00002098   Section        0  atof.o(i.atof)
    i.cos                                    0x000020c4   Section        0  cos.o(i.cos)
    i.sin                                    0x00002160   Section        0  sin.o(i.sin)
    i.sqrt                                   0x00002200   Section        0  sqrt.o(i.sqrt)
    .constdata                               0x00002250   Section       80  asin.o(.constdata)
    pS                                       0x00002250   Data          48  asin.o(.constdata)
    qS                                       0x00002280   Data          32  asin.o(.constdata)
    .constdata                               0x000022a0   Section       48  cos_i.o(.constdata)
    C                                        0x000022a0   Data          48  cos_i.o(.constdata)
    .constdata                               0x000022d0   Section      200  rred.o(.constdata)
    pio2s                                    0x000022d0   Data          48  rred.o(.constdata)
    twooverpi                                0x00002300   Data         152  rred.o(.constdata)
    .constdata                               0x00002398   Section       40  sin_i.o(.constdata)
    S                                        0x00002398   Data          40  sin_i.o(.constdata)
    .constdata                               0x000023c0   Section       64  ctype_c.o(.constdata)
    .data                                    0x20000000   Section       32  main.o(.data)
    .data                                    0x20000020   Section       16  distance.o(.data)
    .data                                    0x20000030   Section       43  numsplittochar.o(.data)
    .data                                    0x2000005c   Section        4  strtok.o(.data)
    state                                    0x2000005c   Data           4  strtok.o(.data)
    .data                                    0x20000060   Section        4  errno.o(.data)
    _errno                                   0x20000060   Data           4  errno.o(.data)
    .bss                                     0x20000068   Section       32  main.o(.bss)
    STACK                                    0x20000088   Section      512  startup_tm4c123.o(STACK)

    Global Symbols

    Symbol Name                              Value     Ov Type        Size  Object(Section)

    BuildAttributes$$THM_ISAv4$E$P$D$K$B$S$7EM$PE$A:L22UL41UL21$X:L11$S22US41US21$IEEE1$IW$USESV6$~STKCKD$USESV7$~SHL$OTIME$ROPI$IEEEX$EBA8$MICROLIB$REQ8$PRES8$EABIv2 0x00000000   Number         0  anon$$obj.o ABSOLUTE
    __ARM_use_no_argv                        0x00000000   Number         0  main.o ABSOLUTE
    __Vectors                                0x00000000   Data           4  startup_tm4c123.o(RESET)
    __arm_fini_                               - Undefined Weak Reference
    __cpp_initialize__aeabi_                  - Undefined Weak Reference
    __cxa_finalize                            - Undefined Weak Reference
    __decompress                              - Undefined Weak Reference
    _clock_init                               - Undefined Weak Reference
    _microlib_exit                            - Undefined Weak Reference
    __Vectors_End                            0x0000026c   Data           0  startup_tm4c123.o(RESET)
    __Vectors_Size                           0x0000026c   Number         0  startup_tm4c123.o ABSOLUTE
    __main                                   0x0000026d   Thumb Code     0  entry.o(.ARM.Collect$$$$00000000)
    _main_stk                                0x0000026d   Thumb Code     0  entry2.o(.ARM.Collect$$$$00000001)
    _main_scatterload                        0x00000271   Thumb Code     0  entry5.o(.ARM.Collect$$$$00000004)
    __main_after_scatterload                 0x00000275   Thumb Code     0  entry5.o(.ARM.Collect$$$$00000004)
    _main_clock                              0x00000275   Thumb Code     0  entry7b.o(.ARM.Collect$$$$00000008)
    _main_cpp_init                           0x00000275   Thumb Code     0  entry8b.o(.ARM.Collect$$$$0000000A)
    _main_init                               0x00000275   Thumb Code     0  entry9a.o(.ARM.Collect$$$$0000000B)
    __rt_lib_shutdown_fini                   0x0000027d   Thumb Code     0  entry12b.o(.ARM.Collect$$$$0000000E)
    __rt_final_cpp                           0x00000281   Thumb Code     0  entry10a.o(.ARM.Collect$$$$0000000F)
    __rt_final_exit                          0x00000281   Thumb Code     0  entry11a.o(.ARM.Collect$$$$00000011)
    Reset_Handler                            0x00000285   Thumb Code    26  startup_tm4c123.o(.text)
    NMI_Handler                              0x0000029f   Thumb Code     2  startup_tm4c123.o(.text)
    HardFault_Handler                        0x000002a1   Thumb Code     2  startup_tm4c123.o(.text)
    MemManage_Handler                        0x000002a3   Thumb Code     2  startup_tm4c123.o(.text)
    BusFault_Handler                         0x000002a5   Thumb Code     2  startup_tm4c123.o(.text)
    UsageFault_Handler                       0x000002a7   Thumb Code     2  startup_tm4c123.o(.text)
    SVC_Handler                              0x000002a9   Thumb Code     2  startup_tm4c123.o(.text)
    DebugMon_Handler                         0x000002ab   Thumb Code     2  startup_tm4c123.o(.text)
    PendSV_Handler                           0x000002ad   Thumb Code     2  startup_tm4c123.o(.text)
    SysTick_Handler                          0x000002af   Thumb Code     2  startup_tm4c123.o(.text)
    GPIOA_Handler                            0x000002b1   Thumb Code     2  startup_tm4c123.o(.text)
    GPIOB_Handler                            0x000002b3   Thumb Code     2  startup_tm4c123.o(.text)
    GPIOC_Handler                            0x000002b5   Thumb Code     2  startup_tm4c123.o(.text)
    GPIOD_Handler                            0x000002b7   Thumb Code     2  startup_tm4c123.o(.text)
    GPIOE_Handler                            0x000002b9   Thumb Code     2  startup_tm4c123.o(.text)
    UART0_Handler                            0x000002bb   Thumb Code     2  startup_tm4c123.o(.text)
    UART1_Handler                            0x000002bd   Thumb Code     2  startup_tm4c123.o(.text)
    SSI0_Handler                             0x000002bf   Thumb Code     2  startup_tm4c123.o(.text)
    I2C0_Handler                             0x000002c1   Thumb Code     2  startup_tm4c123.o(.text)
    PMW0_FAULT_Handler                       0x000002c3   Thumb Code     2  startup_tm4c123.o(.text)
    PWM0_0_Handler                           0x000002c5   Thumb Code     2  startup_tm4c123.o(.text)
    PWM0_1_Handler                           0x000002c7   Thumb Code     2  startup_tm4c123.o(.text)
    PWM0_2_Handler                           0x000002c9   Thumb Code     2  startup_tm4c123.o(.text)
    QEI0_Handler                             0x000002cb   Thumb Code     2  startup_tm4c123.o(.text)
    ADC0SS0_Handler                          0x000002cd   Thumb Code     2  startup_tm4c123.o(.text)
    ADC0SS1_Handler                          0x000002cf   Thumb Code     2  startup_tm4c123.o(.text)
    ADC0SS2_Handler                          0x000002d1   Thumb Code     2  startup_tm4c123.o(.text)
    ADC0SS3_Handler                          0x000002d3   Thumb Code     2  startup_tm4c123.o(.text)
    WDT0_Handler                             0x000002d5   Thumb Code     2  startup_tm4c123.o(.text)
    TIMER0A_Handler                          0x000002d7   Thumb Code     2  startup_tm4c123.o(.text)
    TIMER0B_Handler                          0x000002d9   Thumb Code     2  startup_tm4c123.o(.text)
    TIMER1A_Handler                          0x000002db   Thumb Code     2  startup_tm4c123.o(.text)
    TIMER1B_Handler                          0x000002dd   Thumb Code     2  startup_tm4c123.o(.text)
    TIMER2A_Handler                          0x000002df   Thumb Code     2  startup_tm4c123.o(.text)
    TIMER2B_Handler                          0x000002e1   Thumb Code     2  startup_tm4c123.o(.text)
    COMP0_Handler                            0x000002e3   Thumb Code     2  startup_tm4c123.o(.text)
    COMP1_Handler                            0x000002e5   Thumb Code     2  startup_tm4c123.o(.text)
    COMP2_Handler                            0x000002e7   Thumb Code     2  startup_tm4c123.o(.text)
    SYSCTL_Handler                           0x000002e9   Thumb Code     2  startup_tm4c123.o(.text)
    FLASH_Handler                            0x000002eb   Thumb Code     2  startup_tm4c123.o(.text)
    GPIOF_Handler                            0x000002ed   Thumb Code     2  startup_tm4c123.o(.text)
    GPIOG_Handler                            0x000002ef   Thumb Code     2  startup_tm4c123.o(.text)
    GPIOH_Handler                            0x000002f1   Thumb Code     2  startup_tm4c123.o(.text)
    UART2_Handler                            0x000002f3   Thumb Code     2  startup_tm4c123.o(.text)
    SSI1_Handler                             0x000002f5   Thumb Code     2  startup_tm4c123.o(.text)
    TIMER3A_Handler                          0x000002f7   Thumb Code     2  startup_tm4c123.o(.text)
    TIMER3B_Handler                          0x000002f9   Thumb Code     2  startup_tm4c123.o(.text)
    I2C1_Handler                             0x000002fb   Thumb Code     2  startup_tm4c123.o(.text)
    QEI1_Handler                             0x000002fd   Thumb Code     2  startup_tm4c123.o(.text)
    CAN0_Handler                             0x000002ff   Thumb Code     2  startup_tm4c123.o(.text)
    CAN1_Handler                             0x00000301   Thumb Code     2  startup_tm4c123.o(.text)
    CAN2_Handler                             0x00000303   Thumb Code     2  startup_tm4c123.o(.text)
    HIB_Handler                              0x00000305   Thumb Code     2  startup_tm4c123.o(.text)
    USB0_Handler                             0x00000307   Thumb Code     2  startup_tm4c123.o(.text)
    PWM0_3_Handler                           0x00000309   Thumb Code     2  startup_tm4c123.o(.text)
    UDMA_Handler                             0x0000030b   Thumb Code     2  startup_tm4c123.o(.text)
    UDMAERR_Handler                          0x0000030d   Thumb Code     2  startup_tm4c123.o(.text)
    ADC1SS0_Handler                          0x0000030f   Thumb Code     2  startup_tm4c123.o(.text)
    ADC1SS1_Handler                          0x00000311   Thumb Code     2  startup_tm4c123.o(.text)
    ADC1SS2_Handler                          0x00000313   Thumb Code     2  startup_tm4c123.o(.text)
    ADC1SS3_Handler                          0x00000315   Thumb Code     2  startup_tm4c123.o(.text)
    GPIOJ_Handler                            0x00000317   Thumb Code     2  startup_tm4c123.o(.text)
    GPIOK_Handler                            0x00000319   Thumb Code     2  startup_tm4c123.o(.text)
    GPIOL_Handler                            0x0000031b   Thumb Code     2  startup_tm4c123.o(.text)
    SSI2_Handler                             0x0000031d   Thumb Code     2  startup_tm4c123.o(.text)
    SSI3_Handler                             0x0000031f   Thumb Code     2  startup_tm4c123.o(.text)
    UART3_Handler                            0x00000321   Thumb Code     2  startup_tm4c123.o(.text)
    UART4_Handler                            0x00000323   Thumb Code     2  startup_tm4c123.o(.text)
    UART5_Handler                            0x00000325   Thumb Code     2  startup_tm4c123.o(.text)
    UART6_Handler                            0x00000327   Thumb Code     2  startup_tm4c123.o(.text)
    UART7_Handler                            0x00000329   Thumb Code     2  startup_tm4c123.o(.text)
    I2C2_Handler                             0x0000032b   Thumb Code     2  startup_tm4c123.o(.text)
    I2C3_Handler                             0x0000032d   Thumb Code     2  startup_tm4c123.o(.text)
    TIMER4A_Handler                          0x0000032f   Thumb Code     2  startup_tm4c123.o(.text)
    TIMER4B_Handler                          0x00000331   Thumb Code     2  startup_tm4c123.o(.text)
    TIMER5A_Handler                          0x00000333   Thumb Code     2  startup_tm4c123.o(.text)
    TIMER5B_Handler                          0x00000335   Thumb Code     2  startup_tm4c123.o(.text)
    WTIMER0A_Handler                         0x00000337   Thumb Code     2  startup_tm4c123.o(.text)
    WTIMER0B_Handler                         0x00000339   Thumb Code     2  startup_tm4c123.o(.text)
    WTIMER1A_Handler                         0x0000033b   Thumb Code     2  startup_tm4c123.o(.text)
    WTIMER1B_Handler                         0x0000033d   Thumb Code     2  startup_tm4c123.o(.text)
    WTIMER2A_Handler                         0x0000033f   Thumb Code     2  startup_tm4c123.o(.text)
    WTIMER2B_Handler                         0x00000341   Thumb Code     2  startup_tm4c123.o(.text)
    WTIMER3A_Handler                         0x00000343   Thumb Code     2  startup_tm4c123.o(.text)
    WTIMER3B_Handler                         0x00000345   Thumb Code     2  startup_tm4c123.o(.text)
    WTIMER4A_Handler                         0x00000347   Thumb Code     2  startup_tm4c123.o(.text)
    WTIMER4B_Handler                         0x00000349   Thumb Code     2  startup_tm4c123.o(.text)
    WTIMER5A_Handler                         0x0000034b   Thumb Code     2  startup_tm4c123.o(.text)
    WTIMER5B_Handler                         0x0000034d   Thumb Code     2  startup_tm4c123.o(.text)
    FPU_Handler                              0x0000034f   Thumb Code     2  startup_tm4c123.o(.text)
    I2C4_Handler                             0x00000351   Thumb Code     2  startup_tm4c123.o(.text)
    I2C5_Handler                             0x00000353   Thumb Code     2  startup_tm4c123.o(.text)
    GPIOM_Handler                            0x00000355   Thumb Code     2  startup_tm4c123.o(.text)
    GPION_Handler                            0x00000357   Thumb Code     2  startup_tm4c123.o(.text)
    QEI2_Handler                             0x00000359   Thumb Code     2  startup_tm4c123.o(.text)
    GPIOP0_Handler                           0x0000035b   Thumb Code     2  startup_tm4c123.o(.text)
    GPIOP1_Handler                           0x0000035d   Thumb Code     2  startup_tm4c123.o(.text)
    GPIOP2_Handler                           0x0000035f   Thumb Code     2  startup_tm4c123.o(.text)
    GPIOP3_Handler                           0x00000361   Thumb Code     2  startup_tm4c123.o(.text)
    GPIOP4_Handler                           0x00000363   Thumb Code     2  startup_tm4c123.o(.text)
    GPIOP5_Handler                           0x00000365   Thumb Code     2  startup_tm4c123.o(.text)
    GPIOP6_Handler                           0x00000367   Thumb Code     2  startup_tm4c123.o(.text)
    GPIOP7_Handler                           0x00000369   Thumb Code     2  startup_tm4c123.o(.text)
    GPIOQ0_Handler                           0x0000036b   Thumb Code     2  startup_tm4c123.o(.text)
    GPIOQ1_Handler                           0x0000036d   Thumb Code     2  startup_tm4c123.o(.text)
    GPIOQ2_Handler                           0x0000036f   Thumb Code     2  startup_tm4c123.o(.text)
    GPIOQ3_Handler                           0x00000371   Thumb Code     2  startup_tm4c123.o(.text)
    GPIOQ4_Handler                           0x00000373   Thumb Code     2  startup_tm4c123.o(.text)
    GPIOQ5_Handler                           0x00000375   Thumb Code     2  startup_tm4c123.o(.text)
    GPIOQ6_Handler                           0x00000377   Thumb Code     2  startup_tm4c123.o(.text)
    GPIOQ7_Handler                           0x00000379   Thumb Code     2  startup_tm4c123.o(.text)
    GPIOR_Handler                            0x0000037b   Thumb Code     2  startup_tm4c123.o(.text)
    GPIOS_Handler                            0x0000037d   Thumb Code     2  startup_tm4c123.o(.text)
    PMW1_0_Handler                           0x0000037f   Thumb Code     2  startup_tm4c123.o(.text)
    PWM1_1_Handler                           0x00000381   Thumb Code     2  startup_tm4c123.o(.text)
    PWM1_2_Handler                           0x00000383   Thumb Code     2  startup_tm4c123.o(.text)
    PWM1_3_Handler                           0x00000385   Thumb Code     2  startup_tm4c123.o(.text)
    PWM1_FAULT_Handler                       0x00000387   Thumb Code     2  startup_tm4c123.o(.text)
    SystemInit                               0x00000395   Thumb Code     2  lcd 1.o(.text)
    delay_ms                                 0x00000397   Thumb Code    26  lcd 1.o(.text)
    delay_us                                 0x000003b1   Thumb Code    22  lcd 1.o(.text)
    LCD_command                              0x000003c7   Thumb Code    64  lcd 1.o(.text)
    LCD_DATA                                 0x00000407   Thumb Code    64  lcd 1.o(.text)
    Delayyy                                  0x00000451   Thumb Code    22  main.o(.text)
    main                                     0x00000467   Thumb Code   216  main.o(.text)
    initPortF                                0x00000561   Thumb Code    80  portfinit.o(.text)
    initPortAB                               0x000005c5   Thumb Code   178  portsabinit.o(.text)
    ledRed                                   0x00000695   Thumb Code    30  ledcolors.o(.text)
    ledBlue                                  0x000006b3   Thumb Code    30  ledcolors.o(.text)
    ledGreen                                 0x000006d1   Thumb Code    30  ledcolors.o(.text)
    distanceNew                              0x000006f9   Thumb Code   494  distance.o(.text)
    UART2Init                                0x00000901   Thumb Code   112  uart2init.o(.text)
    NumSplit                                 0x00000981   Thumb Code    80  numsplittochar.o(.text)
    readGPSModule                            0x000009e1   Thumb Code   568  gps modified.o(.text)
    strcmp                                   0x00000c35   Thumb Code    28  strcmp.o(.text)
    strcpy                                   0x00000c51   Thumb Code    18  strcpy.o(.text)
    strtok                                   0x00000c65   Thumb Code    62  strtok.o(.text)
    __aeabi_dadd                             0x00000ca9   Thumb Code   322  dadd.o(.text)
    __aeabi_dsub                             0x00000deb   Thumb Code     6  dadd.o(.text)
    __aeabi_drsub                            0x00000df1   Thumb Code     6  dadd.o(.text)
    __aeabi_dmul                             0x00000df7   Thumb Code   228  dmul.o(.text)
    __aeabi_ddiv                             0x00000edb   Thumb Code   222  ddiv.o(.text)
    __aeabi_i2d                              0x00000fb9   Thumb Code    34  dflti.o(.text)
    __aeabi_d2iz                             0x00000fdb   Thumb Code    62  dfixi.o(.text)
    __aeabi_llsl                             0x00001019   Thumb Code    30  llshl.o(.text)
    _ll_shift_l                              0x00001019   Thumb Code     0  llshl.o(.text)
    __aeabi_llsr                             0x00001037   Thumb Code    32  llushr.o(.text)
    _ll_ushift_r                             0x00001037   Thumb Code     0  llushr.o(.text)
    __aeabi_lasr                             0x00001057   Thumb Code    36  llsshr.o(.text)
    _ll_sshift_r                             0x00001057   Thumb Code     0  llsshr.o(.text)
    __strtod_int                             0x000010b3   Thumb Code    90  strtod.o(.text)
    __I$use$fp                               0x00001119   Thumb Code     0  iusefp.o(.text)
    _double_round                            0x00001119   Thumb Code    30  depilogue.o(.text)
    _double_epilogue                         0x00001137   Thumb Code   156  depilogue.o(.text)
    __ARM_scalbn                             0x000011d3   Thumb Code    46  dscalb.o(.text)
    scalbn                                   0x000011d3   Thumb Code     0  dscalb.o(.text)
    _dsqrt                                   0x00001201   Thumb Code   162  dsqrt.o(.text)
    __scatterload                            0x000012a5   Thumb Code    28  init.o(.text)
    __scatterload_rt2                        0x000012a5   Thumb Code     0  init.o(.text)
    isspace                                  0x000012c9   Thumb Code    10  isspace_c.o(.text)
    _scanf_real                              0x000013fd   Thumb Code     0  scanf_fp.o(.text)
    _scanf_really_real                       0x000013fd   Thumb Code   556  scanf_fp.o(.text)
    _sgetc                                   0x00001635   Thumb Code    30  _sgetc.o(.text)
    _sbackspace                              0x00001653   Thumb Code    34  _sgetc.o(.text)
    __aeabi_ui2d                             0x00001675   Thumb Code    26  dfltui.o(.text)
    __ctype_lookup                           0x00001691   Thumb Code    34  ctype_c.o(.text)
    __aeabi_ul2d                             0x000016b9   Thumb Code    24  dfltul.o(.text)
    __aeabi_d2f                              0x000016d1   Thumb Code    56  d2f.o(.text)
    _float_round                             0x00001709   Thumb Code    18  fepilogue.o(.text)
    _float_epilogue                          0x0000171b   Thumb Code    92  fepilogue.o(.text)
    __ARM_fpclassify                         0x00001777   Thumb Code    40  fpclassify.o(i.__ARM_fpclassify)
    __ieee754_rem_pio2                       0x000017a1   Thumb Code   828  rred.o(i.__ieee754_rem_pio2)
    __kernel_cos                             0x00001b29   Thumb Code   230  cos_i.o(i.__kernel_cos)
    __kernel_poly                            0x00001c25   Thumb Code   170  poly.o(i.__kernel_poly)
    __kernel_sin                             0x00001cd1   Thumb Code   224  sin_i.o(i.__kernel_sin)
    __mathlib_dbl_infnan                     0x00001dbd   Thumb Code     6  dunder.o(i.__mathlib_dbl_infnan)
    __mathlib_dbl_invalid                    0x00001dc3   Thumb Code    12  dunder.o(i.__mathlib_dbl_invalid)
    __mathlib_dbl_underflow                  0x00001dd1   Thumb Code    10  dunder.o(i.__mathlib_dbl_underflow)
    __read_errno                             0x00001de1   Thumb Code     6  errno.o(i.__read_errno)
    __scatterload_copy                       0x00001ded   Thumb Code    14  handlers.o(i.__scatterload_copy)
    __scatterload_null                       0x00001dfb   Thumb Code     2  handlers.o(i.__scatterload_null)
    __scatterload_zeroinit                   0x00001dfd   Thumb Code    14  handlers.o(i.__scatterload_zeroinit)
    __set_errno                              0x00001e0d   Thumb Code     6  errno.o(i.__set_errno)
    _is_digit                                0x00001e19   Thumb Code    14  scanf_fp.o(i._is_digit)
    asin                                     0x00001e29   Thumb Code   572  asin.o(i.asin)
    atof                                     0x00002099   Thumb Code    42  atof.o(i.atof)
    cos                                      0x000020c5   Thumb Code   148  cos.o(i.cos)
    sin                                      0x00002161   Thumb Code   150  sin.o(i.sin)
    sqrt                                     0x00002201   Thumb Code    76  sqrt.o(i.sqrt)
    __ctype_categories                       0x000023c0   Data          64  ctype_c.o(.constdata)
    Region$$Table$$Base                      0x00002400   Number         0  anon$$obj.o(Region$$Table)
    Region$$Table$$Limit                     0x00002420   Number         0  anon$$obj.o(Region$$Table)
    first_point                              0x20000000   Data           4  main.o(.data)
    total_distance                           0x20000008   Data           8  main.o(.data)
    lat                                      0x20000010   Data           8  main.o(.data)
    lon                                      0x20000018   Data           8  main.o(.data)
    R                                        0x20000020   Data           4  distance.o(.data)
    PI                                       0x20000028   Data           8  distance.o(.data)
    chars                                    0x20000030   Data          40  numsplittochar.o(.data)
    digit1                                   0x20000058   Data           1  numsplittochar.o(.data)
    digit2                                   0x20000059   Data           1  numsplittochar.o(.data)
    digit3                                   0x2000005a   Data           1  numsplittochar.o(.data)
    dist                                     0x20000068   Data          32  main.o(.bss)
    __initial_sp                             0x20000288   Data           0  startup_tm4c123.o(STACK)



==============================================================================

Memory Map of the image

  Image Entry point : 0x00000285

  Load Region LR_1 (Base: 0x00000000, Size: 0x00002484, Max: 0xffffffff, ABSOLUTE)

    Execution Region ER_RO (Exec base: 0x00000000, Load base: 0x00000000, Size: 0x00002420, Max: 0xffffffff, ABSOLUTE)

    Exec Addr    Load Addr    Size         Type   Attr      Idx    E Section Name        Object

    0x00000000   0x00000000   0x0000026c   Data   RO            3    RESET               startup_tm4c123.o
    0x0000026c   0x0000026c   0x00000000   Code   RO          230  * .ARM.Collect$$$$00000000  mc_w.l(entry.o)
    0x0000026c   0x0000026c   0x00000004   Code   RO          285    .ARM.Collect$$$$00000001  mc_w.l(entry2.o)
    0x00000270   0x00000270   0x00000004   Code   RO          288    .ARM.Collect$$$$00000004  mc_w.l(entry5.o)
    0x00000274   0x00000274   0x00000000   Code   RO          290    .ARM.Collect$$$$00000008  mc_w.l(entry7b.o)
    0x00000274   0x00000274   0x00000000   Code   RO          292    .ARM.Collect$$$$0000000A  mc_w.l(entry8b.o)
    0x00000274   0x00000274   0x00000008   Code   RO          293    .ARM.Collect$$$$0000000B  mc_w.l(entry9a.o)
    0x0000027c   0x0000027c   0x00000004   Code   RO          300    .ARM.Collect$$$$0000000E  mc_w.l(entry12b.o)
    0x00000280   0x00000280   0x00000000   Code   RO          295    .ARM.Collect$$$$0000000F  mc_w.l(entry10a.o)
    0x00000280   0x00000280   0x00000000   Code   RO          297    .ARM.Collect$$$$00000011  mc_w.l(entry11a.o)
    0x00000280   0x00000280   0x00000004   Code   RO          286    .ARM.Collect$$$$00002712  mc_w.l(entry2.o)
    0x00000284   0x00000284   0x00000110   Code   RO            4  * .text               startup_tm4c123.o
    0x00000394   0x00000394   0x000000bc   Code   RO           10    .text               lcd 1.o
    0x00000450   0x00000450   0x00000110   Code   RO           33    .text               main.o
    0x00000560   0x00000560   0x00000064   Code   RO           72    .text               portfinit.o
    0x000005c4   0x000005c4   0x000000d0   Code   RO           84    .text               portsabinit.o
    0x00000694   0x00000694   0x00000064   Code   RO          108    .text               ledcolors.o
    0x000006f8   0x000006f8   0x00000208   Code   RO          120    .text               distance.o
    0x00000900   0x00000900   0x00000080   Code   RO          143    .text               uart2init.o
    0x00000980   0x00000980   0x00000060   Code   RO          155    .text               numsplittochar.o
    0x000009e0   0x000009e0   0x00000254   Code   RO          174    .text               gps modified.o
    0x00000c34   0x00000c34   0x0000001c   Code   RO          233    .text               mc_w.l(strcmp.o)
    0x00000c50   0x00000c50   0x00000012   Code   RO          235    .text               mc_w.l(strcpy.o)
    0x00000c62   0x00000c62   0x00000002   PAD
    0x00000c64   0x00000c64   0x00000044   Code   RO          237    .text               mc_w.l(strtok.o)
    0x00000ca8   0x00000ca8   0x0000014e   Code   RO          243    .text               mf_w.l(dadd.o)
    0x00000df6   0x00000df6   0x000000e4   Code   RO          245    .text               mf_w.l(dmul.o)
    0x00000eda   0x00000eda   0x000000de   Code   RO          247    .text               mf_w.l(ddiv.o)
    0x00000fb8   0x00000fb8   0x00000022   Code   RO          249    .text               mf_w.l(dflti.o)
    0x00000fda   0x00000fda   0x0000003e   Code   RO          251    .text               mf_w.l(dfixi.o)
    0x00001018   0x00001018   0x0000001e   Code   RO          301    .text               mc_w.l(llshl.o)
    0x00001036   0x00001036   0x00000020   Code   RO          303    .text               mc_w.l(llushr.o)
    0x00001056   0x00001056   0x00000024   Code   RO          305    .text               mc_w.l(llsshr.o)
    0x0000107a   0x0000107a   0x00000002   PAD
    0x0000107c   0x0000107c   0x0000009c   Code   RO          314    .text               mc_w.l(strtod.o)
    0x00001118   0x00001118   0x00000000   Code   RO          316    .text               mc_w.l(iusefp.o)
    0x00001118   0x00001118   0x000000ba   Code   RO          317    .text               mf_w.l(depilogue.o)
    0x000011d2   0x000011d2   0x0000002e   Code   RO          319    .text               mf_w.l(dscalb.o)
    0x00001200   0x00001200   0x000000a2   Code   RO          321    .text               mf_w.l(dsqrt.o)
    0x000012a2   0x000012a2   0x00000002   PAD
    0x000012a4   0x000012a4   0x00000024   Code   RO          325    .text               mc_w.l(init.o)
    0x000012c8   0x000012c8   0x0000000a   Code   RO          327    .text               mc_w.l(isspace_c.o)
    0x000012d2   0x000012d2   0x00000002   PAD
    0x000012d4   0x000012d4   0x00000360   Code   RO          329    .text               mc_w.l(scanf_fp.o)
    0x00001634   0x00001634   0x00000040   Code   RO          333    .text               mc_w.l(_sgetc.o)
    0x00001674   0x00001674   0x0000001a   Code   RO          335    .text               mf_w.l(dfltui.o)
    0x0000168e   0x0000168e   0x00000002   PAD
    0x00001690   0x00001690   0x00000028   Code   RO          337    .text               mc_w.l(ctype_c.o)
    0x000016b8   0x000016b8   0x00000018   Code   RO          340    .text               mf_w.l(dfltul.o)
    0x000016d0   0x000016d0   0x00000038   Code   RO          342    .text               mf_w.l(d2f.o)
    0x00001708   0x00001708   0x0000006e   Code   RO          344    .text               mf_w.l(fepilogue.o)
    0x00001776   0x00001776   0x00000028   Code   RO          270    i.__ARM_fpclassify  m_ws.l(fpclassify.o)
    0x0000179e   0x0000179e   0x00000002   PAD
    0x000017a0   0x000017a0   0x00000388   Code   RO          274    i.__ieee754_rem_pio2  m_ws.l(rred.o)
    0x00001b28   0x00001b28   0x000000fc   Code   RO          253    i.__kernel_cos      m_ws.l(cos_i.o)
    0x00001c24   0x00001c24   0x000000aa   Code   RO          272    i.__kernel_poly     m_ws.l(poly.o)
    0x00001cce   0x00001cce   0x00000002   PAD
    0x00001cd0   0x00001cd0   0x000000ec   Code   RO          279    i.__kernel_sin      m_ws.l(sin_i.o)
    0x00001dbc   0x00001dbc   0x00000006   Code   RO          257    i.__mathlib_dbl_infnan  m_ws.l(dunder.o)
    0x00001dc2   0x00001dc2   0x0000000c   Code   RO          259    i.__mathlib_dbl_invalid  m_ws.l(dunder.o)
    0x00001dce   0x00001dce   0x00000002   PAD
    0x00001dd0   0x00001dd0   0x00000010   Code   RO          262    i.__mathlib_dbl_underflow  m_ws.l(dunder.o)
    0x00001de0   0x00001de0   0x0000000c   Code   RO          308    i.__read_errno      mc_w.l(errno.o)
    0x00001dec   0x00001dec   0x0000000e   Code   RO          348    i.__scatterload_copy  mc_w.l(handlers.o)
    0x00001dfa   0x00001dfa   0x00000002   Code   RO          349    i.__scatterload_null  mc_w.l(handlers.o)
    0x00001dfc   0x00001dfc   0x0000000e   Code   RO          350    i.__scatterload_zeroinit  mc_w.l(handlers.o)
    0x00001e0a   0x00001e0a   0x00000002   PAD
    0x00001e0c   0x00001e0c   0x0000000c   Code   RO          309    i.__set_errno       mc_w.l(errno.o)
    0x00001e18   0x00001e18   0x0000000e   Code   RO          331    i._is_digit         mc_w.l(scanf_fp.o)
    0x00001e26   0x00001e26   0x00000002   PAD
    0x00001e28   0x00001e28   0x00000270   Code   RO          193    i.asin              m_ws.l(asin.o)
    0x00002098   0x00002098   0x0000002a   Code   RO          203    i.atof              m_ws.l(atof.o)
    0x000020c2   0x000020c2   0x00000002   PAD
    0x000020c4   0x000020c4   0x0000009c   Code   RO          207    i.cos               m_ws.l(cos.o)
    0x00002160   0x00002160   0x000000a0   Code   RO          215    i.sin               m_ws.l(sin.o)
    0x00002200   0x00002200   0x0000004c   Code   RO          223    i.sqrt              m_ws.l(sqrt.o)
    0x0000224c   0x0000224c   0x00000004   PAD
    0x00002250   0x00002250   0x00000050   Data   RO          194    .constdata          m_ws.l(asin.o)
    0x000022a0   0x000022a0   0x00000030   Data   RO          254    .constdata          m_ws.l(cos_i.o)
    0x000022d0   0x000022d0   0x000000c8   Data   RO          276    .constdata          m_ws.l(rred.o)
    0x00002398   0x00002398   0x00000028   Data   RO          280    .constdata          m_ws.l(sin_i.o)
    0x000023c0   0x000023c0   0x00000040   Data   RO          338    .constdata          mc_w.l(ctype_c.o)
    0x00002400   0x00002400   0x00000020   Data   RO          346    Region$$Table       anon$$obj.o


    Execution Region ER_RW (Exec base: 0x20000000, Load base: 0x00002420, Size: 0x00000064, Max: 0xffffffff, ABSOLUTE)

    Exec Addr    Load Addr    Size         Type   Attr      Idx    E Section Name        Object

    0x20000000   0x00002420   0x00000020   Data   RW           35    .data               main.o
    0x20000020   0x00002440   0x00000010   Data   RW          121    .data               distance.o
    0x20000030   0x00002450   0x0000002b   Data   RW          156    .data               numsplittochar.o
    0x2000005b   0x0000247b   0x00000001   PAD
    0x2000005c   0x0000247c   0x00000004   Data   RW          238    .data               mc_w.l(strtok.o)
    0x20000060   0x00002480   0x00000004   Data   RW          310    .data               mc_w.l(errno.o)


    Execution Region ER_ZI (Exec base: 0x20000064, Load base: 0x00002484, Size: 0x00000224, Max: 0xffffffff, ABSOLUTE)

    Exec Addr    Load Addr    Size         Type   Attr      Idx    E Section Name        Object

    0x20000064   0x00002484   0x00000004   PAD
    0x20000068        -       0x00000020   Zero   RW           34    .bss                main.o
    0x20000088        -       0x00000200   Zero   RW            1    STACK               startup_tm4c123.o


==============================================================================

Image component sizes


      Code (inc. data)   RO Data    RW Data    ZI Data      Debug   Object Name

       520         26          0         16          0       1273   distance.o
       596         28          0          0          0       1572   gps modified.o
       188         10          0          0          0       2632   lcd 1.o
       100         10          0          0          0        590   ledcolors.o
       272         34          0         32         32       1585   main.o
        96         16          0         43          0       1208   numsplittochar.o
       100         20          0          0          0        452   portfinit.o
       208         30          0          0          0        513   portsabinit.o
       272         12        620          0        512       5404   startup_tm4c123.o
       128         16          0          0          0        448   uart2init.o

    ----------------------------------------------------------------------
      2480        202        652         92        544      15677   Object Totals
         0          0         32          0          0          0   (incl. Generated)
         0          0          0          1          0          0   (incl. Padding)

    ----------------------------------------------------------------------

      Code (inc. data)   RO Data    RW Data    ZI Data      Debug   Library Member Name

       624         52         80          0          0        168   asin.o
        42          0          0          0          0         84   atof.o
       156          8          0          0          0        104   cos.o
       252         22         48          0          0        124   cos_i.o
        34          6          0          0          0        204   dunder.o
        40          0          0          0          0         68   fpclassify.o
       170          0          0          0          0         96   poly.o
       904         76        200          0          0        140   rred.o
       160         10          0          0          0        108   sin.o
       236         12         40          0          0        128   sin_i.o
        76          0          0          0          0         84   sqrt.o
        64          0          0          0          0         84   _sgetc.o
        40          6         64          0          0         68   ctype_c.o
         0          0          0          0          0          0   entry.o
         0          0          0          0          0          0   entry10a.o
         0          0          0          0          0          0   entry11a.o
         4          0          0          0          0          0   entry12b.o
         8          4          0          0          0          0   entry2.o
         4          0          0          0          0          0   entry5.o
         0          0          0          0          0          0   entry7b.o
         0          0          0          0          0          0   entry8b.o
         8          4          0          0          0          0   entry9a.o
        24         12          0          4          0        136   errno.o
        30          0          0          0          0          0   handlers.o
        36          8          0          0          0         68   init.o
        10          0          0          0          0         68   isspace_c.o
         0          0          0          0          0          0   iusefp.o
        30          0          0          0          0         68   llshl.o
        36          0          0          0          0         68   llsshr.o
        32          0          0          0          0         68   llushr.o
       878         12          0          0          0        216   scanf_fp.o
        28          0          0          0          0         76   strcmp.o
        18          0          0          0          0         68   strcpy.o
       156         12          0          0          0        120   strtod.o
        68          6          0          4          0         80   strtok.o
        56          0          0          0          0         88   d2f.o
       334          0          0          0          0        148   dadd.o
       222          0          0          0          0        100   ddiv.o
       186          0          0          0          0        176   depilogue.o
        62          0          0          0          0         80   dfixi.o
        34          0          0          0          0         76   dflti.o
        26          0          0          0          0         76   dfltui.o
        24          0          0          0          0         76   dfltul.o
       228          0          0          0          0         96   dmul.o
        46          0          0          0          0         80   dscalb.o
       162          0          0          0          0        100   dsqrt.o
       110          0          0          0          0        168   fepilogue.o

    ----------------------------------------------------------------------
      5684        250        432          8          4       3760   Library Totals
        26          0          0          0          4          0   (incl. Padding)

    ----------------------------------------------------------------------

      Code (inc. data)   RO Data    RW Data    ZI Data      Debug   Library Name

      2694        186        368          0          0       1308   m_ws.l
      1474         64         64          8          0       1188   mc_w.l
      1490          0          0          0          0       1264   mf_w.l

    ----------------------------------------------------------------------
      5684        250        432          8          4       3760   Library Totals

    ----------------------------------------------------------------------

==============================================================================


      Code (inc. data)   RO Data    RW Data    ZI Data      Debug   

      8164        452       1084        100        548      17301   Grand Totals
      8164        452       1084        100        548      17301   ELF Image Totals
      8164        452       1084        100          0          0   ROM Totals

==============================================================================

    Total RO  Size (Code + RO Data)                 9248 (   9.03kB)
    Total RW  Size (RW Data + ZI Data)               648 (   0.63kB)
    Total ROM Size (Code + RO Data + RW Data)       9348 (   9.13kB)

==============================================================================

